******************************************************************************
            TI ARM Clang Linker PC v2.1.2                      
******************************************************************************
>> Linked Mon Nov 11 13:33:10 2024

OUTPUT FILE NAME:   <basic_ble_CC26X2R1_LAUNCHXL_tirtos7_ticlang.out>
ENTRY POINT SYMBOL: "ResetISR"  address: 0001bdff


MEMORY CONFIGURATION

         name            origin    length      used     unused   attr    fill
----------------------  --------  ---------  --------  --------  ----  --------
  FLASH                 00000000   00056000  0002385b  000327a5  R  X
  FLASH_LAST_PAGE       00056000   00002000  00000058  00001fa8  R  X
  RTOS_SRAM             20000000   0000012c  000000d8  00000054  RW X
  SRAM                  20000fdf   00013021  0000294e  000106d3  RW X


SEGMENT ALLOCATION MAP

run origin  load origin   length   init length attrs members
----------  ----------- ---------- ----------- ----- -------
00000000    00000000    0001f85c   0001f85c    r-x
  00000000    00000000    0000003c   0000003c    r-- .resetVecs
  0000003c    0000003c    00000004   00000004    r-- .rodata.1
  00000040    00000040    0001c58c   0001c58c    r-x .text
  0001c5cc    0001c5cc    00002e6b   00002e6b    r-- .rodata.2
  0001f438    0001f438    00000424   00000424    r-- .cinit
00048000    00048000    00004000   00000000    rw-
  00048000    00048000    00004000   00000000    rw- .TI.bound:flashBuf0
00057fa8    00057fa8    00000058   00000058    r--
  00057fa8    00057fa8    00000058   00000058    r-- .ccfg
20001810    20001810    00000010   00000000    rw-
  20001810    20001810    00000010   00000000    rw- .TI.bound:dmaUart0RxControlTableEntry
20001820    20001820    0000253e   00000000    rw-
  20001820    20001820    00000010   00000000    rw- .TI.bound:dmaUart0TxControlTableEntry
  20001830    20001830    00000b67   00000000    rw- .data
  20002398    20002398    000019c6   00000000    rw- .bss
20013c00    20013c00    00000400   00000000    rw-
  20013c00    20013c00    00000400   00000000    rw- .stack


SECTION ALLOCATION MAP

 output                                  attributes/
section   page    origin      length       input sections
--------  ----  ----------  ----------   ----------------
.resetVecs 
*          0    00000000    0000003c     
                  00000000    0000003c     ti_sysbios_config.o (.resetVecs)

.rodata.1 
*          0    0000003c    00000004     
                  0000003c    00000004     drivers_cc26x2.a : NVS.c.obj (.rodata.NVS_defaultParams)

.cinit     0    0001f438    00000424     
                  0001f438    000003e0     (.cinit..data.load) [load image, compression = lzss]
                  0001f818    0000000c     (__TI_handler_table)
                  0001f824    00000008     (.cinit..TI.bound:dmaUart0RxControlTableEntry.load) [load image, compression = zero_init]
                  0001f82c    00000008     (.cinit..TI.bound:dmaUart0TxControlTableEntry.load) [load image, compression = zero_init]
                  0001f834    00000008     (.cinit..bss.load) [load image, compression = zero_init]
                  0001f83c    00000020     (__TI_cinit_table)

.init_array 
*          0    00000000    00000000     UNINITIALIZED

.TI.bound:flashBuf0 
*          0    00048000    00004000     UNINITIALIZED
                  00048000    00004000     ti_drivers_config.o (.TI.bound:flashBuf0)

.ccfg      0    00057fa8    00000058     
                  00057fa8    00000058     ti_devices_config.o (.ccfg)

.vecs      0    20000000    000000d8     NOLOAD SECTION
                  20000000    000000d8     ti_sysbios_config.o (.vecs)

.TI.bound:dmaUart0RxControlTableEntry 
*          0    20001810    00000010     UNINITIALIZED
                  20001810    00000010     ti_drivers_config.o (.TI.bound:dmaUart0RxControlTableEntry)

.TI.bound:dmaUart0TxControlTableEntry 
*          0    20001820    00000010     UNINITIALIZED
                  20001820    00000010     ti_drivers_config.o (.TI.bound:dmaUart0TxControlTableEntry)

.data      0    20001830    00000b67     UNINITIALIZED
                  20001830    00000174     drivers_cc26x2.a : PowerCC26X2.c.obj (.data.PowerCC26X2_module)
                  200019a4    000000f4     StackWrapper.a : gapbondmgr.o (.data)
                  20001a98    000000b0     OneLib.a : gapgattserver.o (.data)
                  20001b48    0000007c     ti_drivers_config.o (.data.gpioPinConfigs)
                  20001bc4    00000068     rf_multiMode_cc26x2.a : RFCC26X2_multiMode.c.cc26x2.ticlang.o (.data..L_MergedGlobals.1)
                  20001c2c    00000004     bleapputil_init.o (.data.BLEAppUtilEventHandlersHead)
                  20001c30    00000068     ti_sysbios_config.o (.data..L_MergedGlobals.70)
                  20001c98    00000068     ti_sysbios_config.o (.data..L_MergedGlobals)
                  20001d00    00000068     ti_sysbios_config.o (.data.ti_sysbios_knl_Clock_Module_state)
                  20001d68    00000064     rf_multiMode_cc26x2.a : RFCC26X2_multiMode.c.cc26x2.ticlang.o (.data..L_MergedGlobals.3)
                  20001dcc    00000064     OneLib.a : ll_config.o (.data)
                  20001e30    00000058     rf_multiMode_cc26x2.a : RFCC26X2_multiMode.c.cc26x2.ticlang.o (.data..L_MergedGlobals.2)
                  20001e88    00000054     ti_radio_config.o (.data.pOverrides_bleCommon)
                  20001edc    00000050     ti_radio_config.o (.data.txPowerTable_2400_pa5)
                  20001f2c    00000040     OneLib.a : gattservapp.o (.data)
                  20001f6c    00000040              : sm_pairing.o (.data)
                  20001fac    0000003c     icall_user_config.o (.data.nvintfFncStruct)
                  20001fe8    0000003c     ti_sysbios_config.o (.data.ti_sysbios_knl_Task_Module_state)
                  20002024    00000038     drivers_cc26x2.a : TRNGCC26XX.c.obj (.data..L_MergedGlobals.1)
                  2000205c    00000030     icall.o (.data..L_MergedGlobals.1)
                  2000208c    00000004     icall.o (.data.ICall_dispatcher)
                  20002090    00000030     drivers_cc26x2.a : TRNGCC26XX.c.obj (.data..L_MergedGlobals)
                  200020c0    0000002c     app_central.o (.data..L_MergedGlobals)
                  200020ec    00000028     nvocmp.o (.data..L_MergedGlobals.1)
                  20002114    00000028     app_main.o (.data..L_MergedGlobals)
                  2000213c    00000024     ble_user_config.o (.data.eccParams_NISTP256)
                  20002160    00000024     ti_radio_config.o (.data.pOverrides_ble2Mbps)
                  20002184    0000001c     ti_ble_config.o (.data.advParams1)
                  200021a0    0000001c     ti_ble_config.o (.data.scanResData1)
                  200021bc    00000018     app_pairing.o (.data..L_MergedGlobals)
                  200021d4    00000018     app_peripheral.o (.data..L_MergedGlobals)
                  200021ec    00000018     ti_radio_config.o (.data.pOverrides_ble1Mbps)
                  20002204    00000015     ti_ble_config.o (.data.attDeviceName)
                  20002219    00000001     drivers_cc26x2.a : AESCTRCC26XX.c.obj (.data.AESCTR_isInitialized)
                  2000221a    00000002     ble_user_config.o (.data.bleUserCfg_maxPduSize)
                  2000221c    00000014     icall.o (.data..L_MergedGlobals)
                  20002230    00000014     StackWrapper.a : osal.o (.data)
                  20002244    00000010     bleapputil_init.o (.data..L_MergedGlobals)
                  20002254    00000010     ti_radio_config.o (.data.RF_modeBle)
                  20002264    00000010     driverlib.lib : osc.o (.data._hposcCoeffs)
                  20002274    00000010     icall_user_config.o (.data.bleAppServiceInfoTable)
                  20002284    00000010     ti_radio_config.o (.data.pOverrides_bleCoded)
                  20002294    00000010     main.o (.data.user0Cfg)
                  200022a4    00000010     OneLib.a : gattservapp.o (.data)
                  200022b4    00000010              : ll_data.o (.data)
                  200022c4    0000000f     ti_ble_config.o (.data.gapBondParams)
                  200022d3    00000001     nvocmp.o (.data.NVOCMP_failF)
                  200022d4    0000000c     UartLog.o (.data..L_MergedGlobals)
                  200022e0    0000000c     drivers_cc26x2.a : NVSCC26XX.c.obj (.data..L_MergedGlobals)
                  200022ec    0000000c     app_data.o (.data.dataGATTHandler)
                  200022f8    00000008     icall_cc2650.o (.data..L_MergedGlobals)
                  20002300    00000008     rf_multiMode_cc26x2.a : RFCC26X2_multiMode.c.cc26x2.ticlang.o (.data..L_MergedGlobals)
                  20002308    00000008                           : RFCC26X2_multiMode.c.cc26x2.ticlang.o (.data.RFCC26XX_schedulerPolicy)
                  20002310    00000008     ti_sysbios_config.o (.data.ti_sysbios_gates_GateMutexPri_Module_state)
                  20002318    00000008     ti_sysbios_config.o (.data.ti_sysbios_gates_GateMutex_Module_state)
                  20002320    00000008     ti_sysbios_config.o (.data.ti_sysbios_heaps_HeapCallback_Module_state)
                  20002328    00000008     ti_sysbios_config.o (.data.ti_sysbios_knl_Event_state)
                  20002330    00000008     ti_sysbios_config.o (.data.ti_sysbios_knl_Semaphore_Module_state)
                  20002338    00000008     OneLib.a : gapgattserver.o (.data)
                  20002340    00000008              : ll_master_end_causes.o (.data)
                  20002348    00000007     ti_ble_config.o (.data.advData1)
                  2000234f    00000001     drivers_cc26x2.a : PKAResourceCC26XX.c.obj (.data.PKAResourceCC26XX_pollingFlag)
                  20002350    00000004     rf_multiMode_cc26x2.a : RFCC26X2_multiMode.c.cc26x2.ticlang.o (.data.RF_fsmActiveState.lfClockSourceLast)
                  20002354    00000004     libc.a : _lock.c.obj (.data._lock)
                  20002358    00000004            : _lock.c.obj (.data._unlock)
                  2000235c    00000004     ble_user_config.o (.data.appAssertCback)
                  20002360    00000004     ble_user_config_stack.o (.data.icallServiceTblPtr)
                  20002364    00000004     icall_api_lite.o (.data.pRfErrCb)
                  20002368    00000004     icall_api_lite.o (.data.pfnBMAlloc)
                  2000236c    00000004     icall_api_lite.o (.data.pfnBMFree)
                  20002370    00000004     OneLib.a : ll_slave_end_causes.o (.data)
                  20002374    00000004     StackWrapper.a : hal_assert.o (.data)
                  20002378    00000002     OneLib.a : ll.o (.data)
                  2000237a    00000002              : ll_config.o (.data)
                  2000237c    00000002     StackWrapper.a : osal_cbtimer.o (.data)
                  2000237e    00000001     rf_multiMode_cc26x2.a : rf_patch_cpe_bt5.c.cc26x2.ticlang.o (.data.bBt5PatchEntered)
                  2000237f    00000001     drivers_cc26x2.a : GPIOCC26X2.c.obj (.data.initCalled)
                  20002380    00000001                      : AESCCMCC26XX.c.obj (.data.isInitialized)
                  20002381    00000001                      : AESCTRDRBGXX.c.obj (.data.isInitialized)
                  20002382    00000001                      : AESECBCC26XX.c.obj (.data.isInitialized)
                  20002383    00000001                      : CryptoResourceCC26XX.c.obj (.data.isInitialized)
                  20002384    00000001                      : ECDHCC26X2.c.obj (.data.isInitialized)
                  20002385    00000001                      : NVS.c.obj (.data.isInitialized)
                  20002386    00000001                      : PKAResourceCC26XX.c.obj (.data.isInitialized)
                  20002387    00000001     OneLib.a : gapgattserver.o (.data)
                  20002388    00000001              : gapgattserver.o (.data)
                  20002389    00000001              : gapgattserver.o (.data)
                  2000238a    00000001              : gapgattserver.o (.data)
                  2000238b    00000001              : gapgattserver.o (.data)
                  2000238c    00000001              : gapgattserver.o (.data)
                  2000238d    00000001              : gattservapp.o (.data)
                  2000238e    00000001              : gattservapp.o (.data)
                  2000238f    00000001              : ll.o (.data)
                  20002390    00000001              : ll_ae.o (.data)
                  20002391    00000001              : ll_data.o (.data)
                  20002392    00000001              : ll_scheduler.o (.data)
                  20002393    00000001              : sm_task.o (.data)
                  20002394    00000001     StackWrapper.a : gap.o (.data)
                  20002395    00000001                    : gap.o (.data)
                  20002396    00000001                    : hal_assert.o (.data)

.bss       0    20002398    000019c6     UNINITIALIZED
                  20002398    00000500     (.common:uartLog_evBuf)
                  20002898    00000300     (.common:ti_sysbios_knl_Idle_taskStack)
                  20002b98    000002c0     rf_multiMode_cc26x2.a : RFCC26X2_multiMode.c.cc26x2.ticlang.o (.bss.RF_cmdPool)
                  20002e58    00000170     (.common:uart2CC26X2Objects)
                  20002fc8    00000100     OneLib.a : ll.o (.bss)
                  200030c8    000000d8     (.common:ti_sysbios_family_arm_m3_Hwi_dispatchTable)
                  200031a0    000000ac     (.common:uartLog_outBuf)
                  2000324c    000000a0              : ll_ae.o (.bss)
                  200032ec    00000084     (.common:trngCC26XXObjects)
                  20003370    0000007c     (.common:gpioCallbackFunctions)
                  200033ec    0000007c     (.common:gpioUserArgs)
                  20003468    00000078     StackWrapper.a : osal_cbtimer.o (.bss)
                  200034e0    00000068     rf_multiMode_cc26x2.a : RFCC26X2_multiMode.c.cc26x2.ticlang.o (.bss.RF_ratModule)
                  20003548    00000060     icall.o (.bss.ICall_entities)
                  200035a8    00000060     (.common:ti_sysbios_knl_ClockSupport_timerStruct)
                  20003608    00000058     (.common:ti_sysbios_knl_Idle_taskStruct)
                  20003660    00000054     (.common:aesctrdrbgXXObjects)
                  200036b4    00000050     (.common:BLEAppUtil_mutexStruct)
                  20003704    00000050     (.common:CryptoResourceCC26XX_accessSemaphore)
                  20003754    00000050     (.common:CryptoResourceCC26XX_operationSemaphore)
                  200037a4    00000050     (.common:PKAResourceCC26XX_accessSemaphore)
                  200037f4    00000050     (.common:PKAResourceCC26XX_operationSemaphore)
                  20003844    00000044     rf_multiMode_cc26x2.a : RFCC26X2_multiMode.c.cc26x2.ticlang.o (.bss.RF_clkInactivityObj)
                  20003888    00000044                           : RFCC26X2_multiMode.c.cc26x2.ticlang.o (.bss.RF_clkPowerUpObj)
                  200038cc    00000040     (.common:aesctrCC26XXObjects)
                  2000390c    0000003c                           : RFCC26X2_multiMode.c.cc26x2.ticlang.o (.bss.RF_swiHwObj)
                  20003948    0000003c     StackWrapper.a : osal_snv_wrapper.o (.bss)
                  20003984    00000030     (.common:ti_sysbios_knl_Swi_readyQs)
                  200039b4    00000030     (.common:ti_sysbios_knl_Task_readyQs)
                  200039e4    0000002e     (.common:NVOCMP_nvHandle)
                  20003a12    00000002     OneLib.a : gapgattserver.o (.bss)
                  20003a14    00000024              : ll.o (.bss)
                  20003a38    00000024     (.common:aesecbCC26XXObjects)
                  20003a5c    00000020     ti_drivers_config.o (.bss.uart2RxRingBuffer0)
                  20003a7c    00000020     ti_drivers_config.o (.bss.uart2TxRingBuffer0)
                  20003a9c    00000020     OneLib.a : gattservapp.o (.bss)
                  20003abc    00000020     StackWrapper.a : gapbondmgr.o (.bss)
                  20003adc    00000020                    : gapbondmgr.o (.bss)
                  20003afc    00000020     (.common:ecdhCC26X2Objects)
                  20003b1c    00000020     (.common:ti_sysbios_runtime_System_atexitHandlers)
                  20003b3c    00000020     (.common:udmaCC26XXObject)
                  20003b5c    0000001c     drivers_cc26x2.a : GPIOCC26X2.c.obj (.bss.gpioHwi)
                  20003b78    0000001c     (.common:BIOS_heapCallbackObject)
                  20003b94    0000001c     (.common:BIOS_rtsGate)
                  20003bb0    0000001c     (.common:CryptoResourceCC26XX_hwi)
                  20003bcc    0000001c     (.common:PKAResourceCC26XX_hwi)
                  20003be8    00000018     OneLib.a : gapgattserver.o (.bss)
                  20003c00    00000018     (.common:aesccmCC26XXObjects)
                  20003c18    00000014     drivers_cc26x2.a : Random.c.obj (.bss.state)
                  20003c2c    00000010     OneLib.a : ll.o (.bss)
                  20003c3c    0000000f     bleapputil_task.o (.bss.BLEAppUtil_convertBdAddr2Str.str)
                  20003c4b    00000001     bleapputil_init.o (.bss.BLEAppUtilSelfEntity)
                  20003c4c    0000000c     OneLib.a : ll.o (.bss)
                  20003c58    0000000c              : ll.o (.bss)
                  20003c64    0000000c              : ll_scheduler.o (.bss)
                  20003c70    00000008              : ll.o (.bss)
                  20003c78    00000008              : ll.o (.bss)
                  20003c80    00000008              : ll_ae.o (.bss)
                  20003c88    00000008     StackWrapper.a : gapbondmgr.o (.bss)
                  20003c90    00000004     driverlib.lib : osc.o (.bss.oscHfGlobals.0)
                  20003c94    00000004                   : osc.o (.bss.oscHfGlobals.2)
                  20003c98    00000004                   : osc.o (.bss.oscHfGlobals.3)
                  20003c9c    00000004                   : osc.o (.bss.oscHfGlobals.4)
                  20003ca0    00000004     drivers_cc26x2.a : ECDHCC26X2.c.obj (.bss.resultPKAMemAddr)
                  20003ca4    00000004     OneLib.a : gapgattserver.o (.bss)
                  20003ca8    00000004              : gattservapp.o (.bss)
                  20003cac    00000004              : linkdb.o (.bss)
                  20003cb0    00000004              : ll.o (.bss)
                  20003cb4    00000004              : ll.o (.bss)
                  20003cb8    00000004              : ll.o (.bss)
                  20003cbc    00000004              : ll.o (.bss)
                  20003cc0    00000004              : ll.o (.bss)
                  20003cc4    00000004              : ll_ae.o (.bss)
                  20003cc8    00000004              : ll_common.o (.bss)
                  20003ccc    00000004              : ll_enc.o (.bss)
                  20003cd0    00000004              : ll_privacy.o (.bss)
                  20003cd4    00000004     StackWrapper.a : gapbondmgr.o (.bss)
                  20003cd8    00000004                    : gapbondmgr.o (.bss)
                  20003cdc    00000004                    : osal.o (.bss)
                  20003ce0    00000004                    : osal.o (.bss)
                  20003ce4    00000004                    : osal.o (.bss)
                  20003ce8    00000004                    : osal.o (.bss)
                  20003cec    00000004                    : osal.o (.bss)
                  20003cf0    00000004                    : osal.o (.bss)
                  20003cf4    00000004                    : osal_bufmgr.o (.bss)
                  20003cf8    00000004                    : osal_clock.o (.bss)
                  20003cfc    00000004                    : osal_clock.o (.bss)
                  20003d00    00000004                    : osal_timers.o (.bss)
                  20003d04    00000004                    : osal_timers.o (.bss)
                  20003d08    00000004                    : osal_timers.o (.bss)
                  20003d0c    00000004     (.common:BLEAppUtilMsgQueueHandle)
                  20003d10    00000004     (.common:BLEAppUtilSyncEvent)
                  20003d14    00000004     (.common:BLEAppUtil_mutexHandle)
                  20003d18    00000004     (.common:HEAPMGR_SIZE)
                  20003d1c    00000004     (.common:PowerCC26XX_swiKey)
                  20003d20    00000004     (.common:PowerCC26XX_taskKey)
                  20003d24    00000004     (.common:appInitDoneHandler)
                  20003d28    00000004     (.common:errorHandlerCb)
                  20003d2c    00000004     (.common:tasksEvents)
                  20003d30    00000004     (.common:ti_sysbios_family_arm_cc26xx_TimestampProvider_Module_state)
                  20003d34    00000004     (.common:ti_sysbios_knl_Task_defaultStackHeap)
                  20003d38    00000002     OneLib.a : ll.o (.bss)
                  20003d3a    00000002              : ll_ae.o (.bss)
                  20003d3c    00000002              : ll_slave_end_causes.o (.bss)
                  20003d3e    00000002     StackWrapper.a : osal_pwrmgr.o (.bss)
                  20003d40    00000001     OneLib.a : gapgattserver.o (.bss)
                  20003d41    00000001              : gattservapp.o (.bss)
                  20003d42    00000001              : hci_tl.o (.bss)
                  20003d43    00000001              : hci_tl.o (.bss)
                  20003d44    00000001              : hci_tl.o (.bss)
                  20003d45    00000001              : hci_tl.o (.bss)
                  20003d46    00000001              : hci_tl.o (.bss)
                  20003d47    00000001              : hci_tl.o (.bss)
                  20003d48    00000001              : ll.o (.bss)
                  20003d49    00000001              : ll.o (.bss)
                  20003d4a    00000001              : ll.o (.bss)
                  20003d4b    00000001              : ll.o (.bss)
                  20003d4c    00000001              : ll.o (.bss)
                  20003d4d    00000001              : ll.o (.bss)
                  20003d4e    00000001              : ll_ae.o (.bss)
                  20003d4f    00000001              : ll_config.o (.bss)
                  20003d50    00000001              : ll_config.o (.bss)
                  20003d51    00000001              : ll_enc.o (.bss)
                  20003d52    00000001              : ll_isr.o (.bss)
                  20003d53    00000001              : sm_task.o (.bss)
                  20003d54    00000001     StackWrapper.a : ble_dispatch_lite.o (.bss)
                  20003d55    00000001                    : gapbondmgr.o (.bss)
                  20003d56    00000001                    : gapbondmgr.o (.bss)
                  20003d57    00000001                    : hal_assert.o (.bss)
                  20003d58    00000001                    : osal.o (.bss)
                  20003d59    00000001                    : osal_pwrmgr.o (.bss)
                  20003d5a    00000001     (.common:NVOCMP_size)
                  20003d5b    00000001     (.common:gAction)
                  20003d5c    00000001     (.common:nvsCC26XXObjects)
                  20003d5d    00000001     (.common:peripheralAdvHandle_1)

.vtable    0    20003d5e    00000000     UNINITIALIZED

.vtable_ram 
*          0    20003d5e    00000000     UNINITIALIZED

vtable_ram 
*          0    20003d5e    00000000     UNINITIALIZED

.sysmem    0    20003d5e    00000000     UNINITIALIZED

.nonretenvar 
*          0    20003d5e    00000000     UNINITIALIZED

.stack     0    20013c00    00000400     UNINITIALIZED
                  20013c00    00000004     sysbios.a : boot_cortex_m.obj (.stack)
                  20013c04    000003fc     --HOLE--

.text      0    00000040    0001c58c     
                  00000040    00000be0     StackWrapper.a : gapbondmgr.o (.text)
                  00000c20    000007c0     OneLib.a : ll_scheduler.o (.text)
                  000013e0    00000708              : ll_adv_end_causes.o (.text)
                  00001ae8    000006ec     StackWrapper.a : gapbondmgr.o (.text)
                  000021d4    000004f0     OneLib.a : ll_ae.o (.text)
                  000026c4    00000498     rf_multiMode_cc26x2.a : RFCC26X2_multiMode.c.cc26x2.ticlang.o (.text.RF_fsmActiveState)
                  00002b5c    00000480     OneLib.a : ble.o (.text)
                  00002fdc    0000047c              : ll_isr.o (.text)
                  00003458    00000460              : ll_slave_end_causes.o (.text)
                  000038b8    00000448              : ll.o (.text)
                  00003d00    000003c4              : ll_ae.o (.text)
                  000040c4    0000038c              : ll_scheduler.o (.text)
                  00004450    00000350              : ll_slave_end_causes.o (.text)
                  000047a0    00000348              : ll_ae.o (.text)
                  00004ae8    00000340     ti_sysbios_config.o (.text.ti_sysbios_runtime_System_doPrint)
                  00004e28    00000338     OneLib.a : ll_ae.o (.text)
                  00005160    00000320              : ble.o (.text)
                  00005480    000002c8              : ll_isr.o (.text)
                  00005748    000002b0     StackWrapper.a : gapbondmgr.o (.text)
                  000059f8    000002a8     nvocmp.o (.text.NVOCMP_initNvApi)
                  00005ca0    000002a0     nvocmp.o (.text.NVOCMP_compactPage)
                  00005f40    0000029c     rf_multiMode_cc26x2.a : RFCC26X2_multiMode.c.cc26x2.ticlang.o (.text.RF_open)
                  000061dc    00000294     OneLib.a : ll.o (.text)
                  00006470    00000274              : ll_ae.o (.text)
                  000066e4    00000274              : ll_isr.o (.text)
                  00006958    00000268              : ll_isr.o (.text)
                  00006bc0    0000025c              : ll_common.o (.text)
                  00006e1c    0000025c              : ll_master_end_causes.o (.text)
                  00007078    0000025c     StackWrapper.a : gapbondmgr.o (.text)
                  000072d4    00000254     drivers_cc26x2.a : ECDHCC26X2.c.obj (.text.ECDHCC26X2_hwiFxn)
                  00007528    0000024c     nvocmp.o (.text.NVOCMP_addItem)
                  00007774    0000024c     OneLib.a : ll_data.o (.text)
                  000079c0    00000248              : ll_ae.o (.text)
                  00007c08    00000204              : gattservapp.o (.text)
                  00007e0c    00000204              : ll_master_end_causes.o (.text)
                  00008010    000001f0     drivers_cc26x2.a : UART2CC26X2.c.obj (.text.UART2CC26X2_hwiIntFxn)
                  00008200    000001e8     rf_multiMode_cc26x2.a : RFCC26X2_multiMode.c.cc26x2.ticlang.o (.text.RF_scheduleCmd)
                  000083e8    000001e8     OneLib.a : ll.o (.text)
                  000085d0    000001e0     StackWrapper.a : osal.o (.text)
                  000087b0    000001dc     rf_multiMode_cc26x2.a : RFCC26X2_multiMode.c.cc26x2.ticlang.o (.text.RF_dispatchNextCmd)
                  0000898c    000001d8     OneLib.a : ll_isr.o (.text)
                  00008b64    000001c0     ble_user_config_stack.o (.text.setBleUserConfig)
                  00008d24    000001bc     OneLib.a : ll_scheduler.o (.text)
                  00008ee0    000001b6     libclang_rt.builtins.a : adddf3.S.obj (.text)
                  00009096    00000002     ti_sysbios_config.o (.text.BIOS_nullFunc)
                  00009098    00000198     OneLib.a : ll_common.o (.text)
                  00009230    00000196              : ll_common.o (.text)
                  000093c6    00000002     ti_drivers_config.o (.text.Board_initHook)
                  000093c8    00000194     drivers_cc26x2.a : PowerCC26X2_calibrateRCOSC.c.obj (.text.PowerCC26X2_auxISR)
                  0000955c    00000188                      : AESECBCC26XX.c.obj (.text.AESECB_addDataInternal)
                  000096e4    00000188     OneLib.a : ll_isr.o (.text)
                  0000986c    00000184              : ll_ae.o (.text)
                  000099f0    0000017c     drivers_cc26x2.a : ECDHCC26X2.c.obj (.text.ECDH_computeSharedSecret)
                  00009b6c    0000017c                      : UART2CC26X2.c.obj (.text.UART2_open)
                  00009ce8    0000017c     OneLib.a : sm_intpairing.o (.text)
                  00009e64    00000174     drivers_cc26x2.a : UART2.c.obj (.text.UART2_writeTimeoutBlocking)
                  00009fd8    00000174     UartLog.o (.text.uartLog_flush)
                  0000a14c    00000174     OneLib.a : gattservapp.o (.text)
                  0000a2c0    00000174              : ll_scheduler.o (.text)
                  0000a434    0000016c     drivers_cc26x2.a : AESCCMCC26XX.c.obj (.text.AESCCM_startOperation)
                  0000a5a0    0000016c     OneLib.a : ll.o (.text)
                  0000a70c    00000168              : ll_ae.o (.text)
                  0000a874    00000162     StackWrapper.a : osal.o (.text)
                  0000a9d6    00000002     ble_user_config.o (.text.DefaultAssertCback)
                  0000a9d8    00000160     icall.o (.text.ICall_waitMatch)
                  0000ab38    00000158     drivers_cc26x2.a : AESCTRCC26XX.c.obj (.text.AESCTR_processData)
                  0000ac90    00000158                      : PowerCC26X2.c.obj (.text.Power_sleep)
                  0000ade8    00000158     OneLib.a : ll_common.o (.text)
                  0000af40    00000150              : gap_task.o (.text)
                  0000b090    00000150              : ll_ae.o (.text)
                  0000b1e0    0000014c              : ll_isr.o (.text)
                  0000b32c    00000148     rf_multiMode_cc26x2.a : RFCC26X2_multiMode.c.cc26x2.ticlang.o (.text.RF_radioOpDoneCb)
                  0000b474    00000004     drivers_cc26x2.a : AESCTRDRBGXX.c.obj (.text.AESCTRDRBG_getBytes)
                  0000b478    00000144     ti_sysbios_config.o (.text.ti_sysbios_runtime_System_printfExtend)
                  0000b5bc    00000144     StackWrapper.a : gap.o (.text)
                  0000b700    00000140     OneLib.a : gattservapp.o (.text)
                  0000b840    00000134     rf_multiMode_cc26x2.a : RFCC26X2_multiMode.c.cc26x2.ticlang.o (.text.RF_ratSetupChannel)
                  0000b974    00000130     driverlib.lib : aes.o (.text.NOROM_AESWriteToKeyStore)
                  0000baa4    00000130     OneLib.a : ll_isr.o (.text)
                  0000bbd4    0000012c     rf_multiMode_cc26x2.a : RFCC26X2_multiMode.c.cc26x2.ticlang.o (.text.RF_close)
                  0000bd00    0000012c                           : RFCC26X2_multiMode.c.cc26x2.ticlang.o (.text.RF_fsmSetupState)
                  0000be2c    0000012c     drivers_cc26x2.a : TRNGCC26XX.c.obj (.text.TRNGCC26XX_hwiFxn)
                  0000bf58    00000124     rf_multiMode_cc26x2.a : RFCC26X2_multiMode.c.cc26x2.ticlang.o (.text.RF_abortCmd)
                  0000c07c    00000120     nvocmp.o (.text.NVOCMP_findItem)
                  0000c19c    00000120     ti_sysbios_config.o (.text.ti_sysbios_family_arm_cc26xx_Timer_construct)
                  0000c2bc    00000120     OneLib.a : ll_common.o (.text)
                  0000c3dc    00000120              : ll_data.o (.text)
                  0000c4fc    0000011c     sysbios.a : Hwi_asm_gnu.obj (.text.ti_sysbios_family_arm_m3_Hwi_dispatch)
                  0000c618    0000011a     drivers_cc26x2.a : UART2.c.obj (.text.UART2_writeTimeoutNonblocking)
                  0000c732    00000002     rom_init.o (.text.MAP_HCI_CteRequestFailedEvent)
                  0000c734    00000118     main.o (.text.AssertHandler)
                  0000c84c    00000118     drivers_cc26x2.a : PowerCC26X2.c.obj (.text.Power_init)
                  0000c964    00000118     rf_multiMode_cc26x2.a : RFCC26X2_multiMode.c.cc26x2.ticlang.o (.text.RF_decodeOverridePointers)
                  0000ca7c    00000114     OneLib.a : ll_common.o (.text)
                  0000cb90    00000114              : ll_isr.o (.text)
                  0000cca4    0000010c     drivers_cc26x2.a : ECDHCC26X2.c.obj (.text.ECDH_generatePublicKey)
                  0000cdb0    0000010c                      : PowerCC26X2_calibrateRCOSC.c.obj (.text.PowerCC26X2_calibrate)
                  0000cebc    0000010c     OneLib.a : gatt_client.o (.text)
                  0000cfc8    00000108     drivers_cc26x2.a : NVSCC26XX.c.obj (.text.NVSCC26XX_write)
                  0000d0d0    00000108     rf_multiMode_cc26x2.a : RFCC26X2_multiMode.c.cc26x2.ticlang.o (.text.RF_fsmPowerUpState)
                  0000d1d8    00000104     drivers_cc26x2.a : GPIOCC26X2.c.obj (.text.GPIO_init)
                  0000d2dc    00000104                      : UART2CC26X2.c.obj (.text.UART2CC26X2_initHw)
                  0000d3e0    00000104     OneLib.a : ll_isr.o (.text)
                  0000d4e4    000000fe              : ll_scheduler.o (.text)
                  0000d5e2    00000002     rom_init.o (.text.MAP_llClearPeriodicAdvSets)
                  0000d5e4    000000fc     rf_multiMode_cc26x2.a : RFCC26X2_multiMode.c.cc26x2.ticlang.o (.text.RF_hwiCpe0Active)
                  0000d6e0    000000fc     OneLib.a : ll_isr.o (.text)
                  0000d7dc    000000fc              : ll_scheduler.o (.text)
                  0000d8d8    000000fc     libclang_rt.builtins.a : muldf3.S.obj (.text)
                  0000d9d4    000000f8     drivers_cc26x2.a : TRNGCC26XX.c.obj (.text.TRNG_getRandom)
                  0000dacc    000000f8     OneLib.a : sm_rsppairing.o (.text)
                  0000dbc4    000000f6     drivers_cc26x2.a : AESCTRDRBGXX.c.obj (.text.AESCTRDRBG_getRandomBytes)
                  0000dcba    00000002     rom_init.o (.text.MAP_llClearPeriodicScanSets)
                  0000dcbc    000000f4     driverlib.lib : sys_ctrl.o (.text.NOROM_SysCtrlStandby)
                  0000ddb0    000000f0     bleapputil_task.o (.text.BLEAppUtil_Task)
                  0000dea0    000000f0     drivers_cc26x2.a : UART2CC26X2.c.obj (.text.UART2Support_dmaStartRx)
                  0000df90    000000f0     OneLib.a : ll_ae.o (.text)
                  0000e080    000000f0              : ll_master_end_causes.o (.text)
                  0000e170    000000ec              : gap_advertiser.o (.text)
                  0000e25c    000000ec              : ll_common.o (.text)
                  0000e348    000000e8              : ll_isr.o (.text)
                  0000e430    000000e4     driverlib.lib : setup.o (.text.NOROM_SetupTrimDevice)
                  0000e514    000000e4     ti_sysbios_config.o (.text.ti_sysbios_knl_Semaphore_pend)
                  0000e5f8    000000e4     OneLib.a : gapgattserver.o (.text)
                  0000e6dc    000000e4              : ll_ae.o (.text)
                  0000e7c0    000000e0     ti_sysbios_config.o (.text.ti_sysbios_knl_Event_pend)
                  0000e8a0    000000e0     OneLib.a : ll_scheduler.o (.text)
                  0000e980    000000e0     StackWrapper.a : osal_timers.o (.text)
                  0000ea60    000000dc     rf_multiMode_cc26x2.a : RFCC26X2_multiMode.c.cc26x2.ticlang.o (.text.RF_control)
                  0000eb3c    000000dc     OneLib.a : ll_ae.o (.text)
                  0000ec18    000000d8     ti_sysbios_config.o (.text.ti_sysbios_family_arm_m3_Hwi_excFillContext)
                  0000ecf0    000000d0     drivers_cc26x2.a : PowerCC26X2.c.obj (.text.configureXOSCHF)
                  0000edc0    000000cc                      : AESCTRDRBGXX.c.obj (.text.AESCTRDRBG_construct)
                  0000ee8c    000000cc     ti_sysbios_config.o (.text.ti_sysbios_knl_Clock_workFuncDynamic)
                  0000ef58    000000cc     OneLib.a : hci_event.o (.text)
                  0000f024    000000cc     StackWrapper.a : osal.o (.text)
                  0000f0f0    000000ca     rf_multiMode_cc26x2.a : RFCC26X2_multiMode.c.cc26x2.ticlang.o (.text.RF_updatePaConfiguration)
                  0000f1ba    00000002     rom_init.o (.text.MAP_llCoexInit)
                  0000f1bc    000000c8     ble_stack_api.o (.text.bleStack_initGapBondParams)
                  0000f284    000000c8     OneLib.a : gap_scanner.o (.text)
                  0000f34c    000000c8              : gapgattserver.o (.text)
                  0000f414    000000c8              : ll.o (.text)
                  0000f4dc    000000c8              : ll_ae.o (.text)
                  0000f5a4    000000c6     drivers_cc26x2.a : AESCTRDRBGXX.c.obj (.text.AESCTRDRBG_reseed)
                  0000f66a    000000c4     driverlib.lib : setup.o (.text.TrimAfterColdResetWakeupFromShutDown)
                  0000f72e    00000002     rom_init.o (.text.MAP_llCoexSetParams)
                  0000f730    000000c4     ble_stack_api.o (.text.bleStack_initGatt)
                  0000f7f4    000000c0     app_central.o (.text.Central_ScanEventHandler)
                  0000f8b4    000000c0     OneLib.a : ll.o (.text)
                  0000f974    000000bc     app_peripheral.o (.text.Peripheral_GAPConnEventHandler)
                  0000fa30    000000bc     rf_multiMode_cc26x2.a : RFCC26X2_multiMode.c.cc26x2.ticlang.o (.text.RF_swiHw)
                  0000faec    000000bc     drivers_cc26x2.a : UART2CC26X2.c.obj (.text.UART2Support_dmaStartTx)
                  0000fba8    000000bc     OneLib.a : ble.o (.text)
                  0000fc64    000000bc              : ll_ecc.o (.text)
                  0000fd20    000000bc              : ll_scheduler.o (.text)
                  0000fddc    000000b8     ti_sysbios_config.o (.text.ti_sysbios_knl_Task_Instance_finalize)
                  0000fe94    000000b8     OneLib.a : ll.o (.text)
                  0000ff4c    000000b8              : ll_slave_end_causes.o (.text)
                  00010004    000000b8     StackWrapper.a : gapbondmgr.o (.text)
                  000100bc    000000b8                    : gattservapp_util.o (.text)
                  00010174    000000b4     driverlib.lib : osc.o (.text.NOROM_OSCHF_AttemptToSwitchToXosc)
                  00010228    000000b4     ti_sysbios_config.o (.text.PowerCC26XX_standbyPolicy)
                  000102dc    000000b4     drivers_cc26x2.a : PowerCC26X2.c.obj (.text.Power_releaseDependency)
                  00010390    000000b4     ti_sysbios_config.o (.text.ti_sysbios_knl_Task_setPri)
                  00010444    000000b0     drivers_cc26x2.a : PowerCC26X2.c.obj (.text.Power_setDependency)
                  000104f4    000000b0     OneLib.a : ll.o (.text)
                  000105a4    000000b0              : ll_enc.o (.text)
                  00010654    000000b0     libclang_rt.builtins.a : udivmoddi4.S.obj (.text)
                  00010704    000000ac     rf_multiMode_cc26x2.a : RFCC26X2_multiMode.c.cc26x2.ticlang.o (.text.RF_pendCmd)
                  000107b0    000000ac     OneLib.a : ll_ae.o (.text)
                  0001085c    000000ac              : ll_scheduler.o (.text)
                  00010908    000000a8              : hci_data.o (.text)
                  000109b0    000000a8              : ll.o (.text)
                  00010a58    000000a8              : ll_common.o (.text)
                  00010b00    000000a8     StackWrapper.a : gapbondmgr.o (.text)
                  00010ba8    000000a4     icall.o (.text.ICall_heapMalloc)
                  00010c4c    000000a4     rf_multiMode_cc26x2.a : RFCC26X2_multiMode.c.cc26x2.ticlang.o (.text.RF_initRadioSetup)
                  00010cf0    000000a4     ti_sysbios_config.o (.text.ti_sysbios_knl_Task_Instance_init)
                  00010d94    000000a4     OneLib.a : ll_ae.o (.text)
                  00010e38    000000a4     StackWrapper.a : gapbondmgr.o (.text)
                  00010edc    000000a4                    : osal_cbtimer.o (.text)
                  00010f80    000000a0     bleapputil_init.o (.text.BLEAppUtil_scanInit)
                  00011020    000000a0     rf_multiMode_cc26x2.a : RFCC26X2_multiMode.c.cc26x2.ticlang.o (.text.RF_calculateDispatchTime)
                  000110c0    000000a0     OneLib.a : gap_scanner.o (.text)
                  00011160    000000a0              : gattservapp.o (.text)
                  00011200    000000a0              : ll_common.o (.text)
                  000112a0    000000a0              : ll_scheduler.o (.text)
                  00011340    0000009c     drivers_cc26x2.a : AESCTRCC26XX.c.obj (.text.AESCTR_startOneStepOperation)
                  000113dc    0000009c     OneLib.a : ll_common.o (.text)
                  00011478    0000009c              : ll_ecc.o (.text)
                  00011514    00000098     nvocmp.o (.text.NVOCMP_erase)
                  000115ac    00000098     rf_multiMode_cc26x2.a : RFCC26X2_multiMode.c.cc26x2.ticlang.o (.text.RF_defaultSubmitPolicy)
                  00011644    00000098     OneLib.a : gattservapp.o (.text)
                  000116dc    00000098              : hci_event.o (.text)
                  00011774    00000098              : ll_ae.o (.text)
                  0001180c    00000096     rf_multiMode_cc26x2.a : RFCC26X2_multiMode.c.cc26x2.ticlang.o (.text.RF_verifyGap)
                  000118a2    00000002     rom_init.o (.text.MAP_llCoexUpdateCounters)
                  000118a4    00000094     icall.o (.text.ICall_send)
                  00011938    00000094     rf_multiMode_cc26x2.a : RFCC26X2_multiMode.c.cc26x2.ticlang.o (.text.RF_ratRestartChannels)
                  000119cc    00000094     UartLog.o (.text.UartLog_log)
                  00011a60    00000094     ti_sysbios_config.o (.text.ti_sysbios_knl_Clock_startI)
                  00011af4    00000094     OneLib.a : gatt_server.o (.text)
                  00011b88    00000094              : ll.o (.text)
                  00011c1c    00000094              : ll_ae.o (.text)
                  00011cb0    00000094              : ll_common.o (.text)
                  00011d44    00000094              : ll_scheduler.o (.text)
                  00011dd8    00000092              : gap_task.o (.text)
                  00011e6a    00000002     rom_init.o (.text.MAP_llDmmDynamicFree)
                  00011e6c    00000090     osal_icall_ble.o (.text.osalInitTasks)
                  00011efc    00000090     OneLib.a : ll.o (.text)
                  00011f8c    00000090              : ll_ae.o (.text)
                  0001201c    00000090              : ll_common.o (.text)
                  000120ac    0000008c     app_central.o (.text.Central_GAPConnEventHandler)
                  00012138    0000008c     drivers_cc26x2.a : GPIOCC26XX.c.obj (.text.GPIO_setConfig)
                  000121c4    0000008c                      : TRNGCC26XX.c.obj (.text.TRNG_construct)
                  00012250    0000008c     ti_sysbios_config.o (.text.ti_sysbios_knl_Clock_init)
                  000122dc    00000088     rf_multiMode_cc26x2.a : RFCC26X2_multiMode.c.cc26x2.ticlang.o (.text.RF_cmdDispatchTime)
                  00012364    00000088                           : RFCC26X2_multiMode.c.cc26x2.ticlang.o (.text.RF_discardPendCmd)
                  000123ec    00000088     OneLib.a : ll_isr.o (.text)
                  00012474    00000088     StackWrapper.a : osal_cbtimer.o (.text)
                  000124fc    00000084     icall.o (.text.ICall_setTimer)
                  00012580    00000084     nvocmp.o (.text.NVOCMP_readHeader)
                  00012604    00000084     rf_multiMode_cc26x2.a : RFCC26X2_multiMode.c.cc26x2.ticlang.o (.text.RF_getInfo)
                  00012688    00000084     OneLib.a : ll_ae.o (.text)
                  0001270c    00000080     drivers_cc26x2.a : AESCTRCC26XX.c.obj (.text.AESCTR_hwiFxn)
                  0001278c    00000080     driverlib.lib : sys_ctrl.o (.text.NOROM_SysCtrlSetRechargeBeforePowerDown)
                  0001280c    00000080     drivers_cc26x2.a : UART2CC26X2.c.obj (.text.UART2Support_dmaStopTx)
                  0001288c    00000080                      : NVSCC26XX.c.obj (.text.doErase)
                  0001290c    00000080     ti_sysbios_config.o (.text.ti_sysbios_family_arm_m3_Hwi_initNVIC)
                  0001298c    00000080     ti_sysbios_config.o (.text.ti_sysbios_gates_GateMutexPri_enter)
                  00012a0c    00000080     OneLib.a : ll_enc.o (.text)
                  00012a8c    0000007e     driverlib.lib : chipinfo.o (.text.NOROM_ChipInfo_GetChipType)
                  00012b0a    0000007e     OneLib.a : gap_task.o (.text)
                  00012b88    0000007c     rf_multiMode_cc26x2.a : RFCC26X2_multiMode.c.cc26x2.ticlang.o (.text.RF_ratDisableChannel)
                  00012c04    0000007c     icall.o (.text.icall_directAPI)
                  00012c80    0000007c     main.o (.text.main)
                  00012cfc    0000007c     ti_sysbios_config.o (.text.ti_sysbios_family_arm_m3_Hwi_postInit)
                  00012d78    0000007c     OneLib.a : ll_common.o (.text)
                  00012df4    0000007c     StackWrapper.a : gapbondmgr.o (.text)
                  00012e70    0000007a     OneLib.a : gattservapp.o (.text)
                  00012eea    00000002     rom_init.o (.text.MAP_llDmmSetThreshold)
                  00012eec    00000078     icall.o (.text.ICall_heapInit)
                  00012f64    00000078     driverlib.lib : osc.o (.text.NOROM_OSCHF_SwitchToRcOscTurnOffXosc)
                  00012fdc    00000078                   : osc.o (.text.NOROM_OSC_CapArrayAdjustWorkaround_Boot)
                  00013054    00000078     drivers_cc26x2.a : NVSCC26XX.c.obj (.text.NVSCC26XX_open)
                  000130cc    00000078     rf_multiMode_cc26x2.a : RFCC26X2_multiMode.c.cc26x2.ticlang.o (.text.RF_ratFreeChannel)
                  00013144    00000078     ti_sysbios_config.o (.text.ti_sysbios_knl_Task_postInit)
                  000131bc    00000078     OneLib.a : l2cap_task.o (.text)
                  00013234    00000078              : ll_common.o (.text)
                  000132ac    00000078     StackWrapper.a : osal_cbtimer.o (.text)
                  00013324    00000076     OneLib.a : ll_common.o (.text)
                  0001339a    00000076     StackWrapper.a : gap.o (.text)
                  00013410    00000074     drivers_cc26x2.a : AESCTRDRBGXX.c.obj (.text.AESCTRDRBGXX_updateState)
                  00013484    00000074     bleapputil_init.o (.text.BLEAppUtil_SetConnParams)
                  000134f8    00000074     drivers_cc26x2.a : ECDHCC26X2.c.obj (.text.ECDHCC26X2_getKeyResult)
                  0001356c    00000074     nvocmp.o (.text.NVOCMP_readItemApi)
                  000135e0    00000074     drivers_cc26x2.a : PowerCC26X2_calibrateRCOSC_helpers.c.obj (.text.PowerCC26X2_updateSubSecInc)
                  00013654    00000074     rf_multiMode_cc26x2.a : RFCC26X2_multiMode.c.cc26x2.ticlang.o (.text.RF_hwiHw)
                  000136c8    00000074     ti_sysbios_config.o (.text.ti_sysbios_knl_Swi_restoreHwi)
                  0001373c    00000074     ti_sysbios_config.o (.text.ti_sysbios_knl_Task_startup)
                  000137b0    00000074     OneLib.a : ll_enc.o (.text)
                  00013824    00000070     drivers_cc26x2.a : AESCCMCC26XX.c.obj (.text.AESCCM_cleanup)
                  00013894    00000070                      : AESCTRCC26XX.c.obj (.text.AESCTR_construct)
                  00013904    00000070     icall_cc2650.o (.text.ICallPlatform_pwrUpdActivityCounter)
                  00013974    00000070     icall.o (.text.ICall_createRemoteTasksAtRuntime)
                  000139e4    00000070     ti_sysbios_config.o (.text.ti_sysbios_family_arm_m3_Hwi_Instance_init)
                  00013a54    00000070     ti_sysbios_config.o (.text.ti_sysbios_runtime_System_formatNum)
                  00013ac4    00000070     OneLib.a : gatt_server.o (.text)
                  00013b34    00000070              : ll_ae.o (.text)
                  00013ba4    00000070              : ll_common.o (.text)
                  00013c14    00000070              : ll_enc.o (.text)
                  00013c84    00000070     StackWrapper.a : osal.o (.text)
                  00013cf4    0000006e     libclang_rt.builtins.a : comparedf2.c.obj (.text.__gedf2)
                  00013d62    00000002     rom_init.o (.text.MAP_llHealthUpdate)
                  00013d64    0000006e     libclang_rt.builtins.a : comparedf2.c.obj (.text.__ledf2)
                  00013dd2    0000006e     OneLib.a : gatt_server.o (.text)
                  00013e40    0000006c     bleapputil_process.o (.text.BLEAppUtil_processGAPEvents)
                  00013eac    0000006c     app_central.o (.text.Central_start)
                  00013f18    0000006c     icall.o (.text.ICall_wait)
                  00013f84    0000006c     nvocmp.o (.text.NVOCMP_eraseNvApi)
                  00013ff0    0000006c     nvocmp.o (.text.NVOCMP_writeItemApi)
                  0001405c    0000006c     rf_multiMode_cc26x2.a : RFCC26X2_multiMode.c.cc26x2.ticlang.o (.text.RF_issueRadioFreeCb)
                  000140c8    0000006c     drivers_cc26x2.a : Random.c.obj (.text.Random_seedAutomatic)
                  00014134    0000006c     ti_sysbios_config.o (.text.ti_sysbios_family_arm_m3_Hwi_dispatchC)
                  000141a0    0000006c     OneLib.a : ll_isr.o (.text)
                  0001420c    0000006c              : ll_scheduler.o (.text)
                  00014278    0000006c     StackWrapper.a : osal_cbtimer.o (.text)
                  000142e4    0000006a     nvocmp.o (.text.NVOCMP_verifyCRC)
                  0001434e    0000006a     libc.a : copy_decompress_lzss.c.obj (.text:decompress:lzss)
                  000143b8    00000068     drivers_cc26x2.a : AESECBCC26XX.c.obj (.text.AESECB_construct)
                  00014420    00000068                      : AESECBCC26XX.c.obj (.text.AESECB_hwiFxn)
                  00014488    00000068     icall.o (.text.ICall_enrollService)
                  000144f0    00000068     rf_multiMode_cc26x2.a : RFCC26X2_multiMode.c.cc26x2.ticlang.o (.text.RF_detachOverrides)
                  00014558    00000068     drivers_cc26x2.a : UART2CC26X2.c.obj (.text.UART2Support_dmaStopRx)
                  000145c0    00000068     ble_stack_api.o (.text.bleStack_initGap)
                  00014628    00000068     ti_sysbios_config.o (.text.ti_sysbios_knl_Event_post)
                  00014690    00000068     ti_sysbios_config.o (.text.ti_sysbios_knl_Swi_run)
                  000146f8    00000068     OneLib.a : gap_task.o (.text)
                  00014760    00000068              : gattservapp.o (.text)
                  000147c8    00000068              : ll.o (.text)
                  00014830    00000068              : ll_ae.o (.text)
                  00014898    00000068     StackWrapper.a : osal_timers.o (.text)
                  00014900    00000066     OneLib.a : ll_common.o (.text)
                  00014966    00000066     StackWrapper.a : icall_lite_translation.o (.text)
                  000149cc    00000064     drivers_cc26x2.a : AESCCMCC26XX.c.obj (.text.AESCCM_hwiFxn)
                  00014a30    00000064     bleapputil_init.o (.text.BLEAppUtil_stackInit)
                  00014a94    00000064     icall.o (.text.ICall_sendServiceComplete)
                  00014af8    00000064     drivers_cc26x2.a : PowerCC26X2_calibrateRCOSC.c.obj (.text.PowerCC26X2_initiateCalibration)
                  00014b5c    00000064     rf_multiMode_cc26x2.a : RFCC26X2_multiMode.c.cc26x2.ticlang.o (.text.RF_attachOverrides)
                  00014bc0    00000064                           : RFCC26X2_multiMode.c.cc26x2.ticlang.o (.text.RF_dispatchNextEvent)
                  00014c24    00000064                           : RFCC26X2_multiMode.c.cc26x2.ticlang.o (.text.RF_hwiCpe0PowerFsm)
                  00014c88    00000064     drivers_cc26x2.a : UDMACC26XX.c.obj (.text.UDMACC26XX_open)
                  00014cec    00000064     ble_stack_api.o (.text.bleStk_initAdvSet)
                  00014d50    00000064     drivers_cc26x2.a : PowerCC26X2.c.obj (.text.oscillatorISR)
                  00014db4    00000064     ti_sysbios_config.o (.text.ti_sysbios_gates_GateMutexPri_leave)
                  00014e18    00000064     ti_sysbios_config.o (.text.ti_sysbios_knl_Idle_init)
                  00014e7c    00000064     ti_sysbios_config.o (.text.ti_sysbios_knl_TaskSupport_buildTaskStack)
                  00014ee0    00000064     OneLib.a : gapgattserver.o (.text)
                  00014f44    00000064              : gattservapp.o (.text)
                  00014fa8    00000064              : ll_isr.o (.text)
                  0001500c    00000064              : ll_scheduler.o (.text)
                  00015070    00000062     rf_multiMode_cc26x2.a : RFCC26X2_multiMode.c.cc26x2.ticlang.o (.text.RF_syncCb)
                  000150d2    00000002     rom_init.o (.text.MAP_llPeriodicAdv_PostProcess)
                  000150d4    00000062     libclang_rt.builtins.a : aeabi_dcmp.S.obj (.text)
                  00015136    00000002     rom_init.o (.text.MAP_llPeriodicScan_PostProcess)
                  00015138    00000060     drivers_cc26x2.a : CryptoResourceCC26XX.c.obj (.text.CryptoResourceCC26XX_constructRTOSObjects)
                  00015198    00000060     nvocmp.o (.text.NVOCMP_checkItem)
                  000151f8    00000060     drivers_cc26x2.a : PKAResourceCC26XX.c.obj (.text.PKAResourceCC26XX_constructRTOSObjects)
                  00015258    00000060     osal_icall_ble.o (.text.stack_main)
                  000152b8    00000060     ti_sysbios_config.o (.text.ti_sysbios_knl_Clock_walkQueueDynamic)
                  00015318    00000060     ti_sysbios_config.o (.text.ti_sysbios_knl_Semaphore_post)
                  00015378    00000060     ti_sysbios_config.o (.text.ti_sysbios_knl_Swi_schedule)
                  000153d8    00000060     OneLib.a : ll_ae.o (.text)
                  00015438    00000060              : ll_ae.o (.text)
                  00015498    00000060              : ll_common.o (.text)
                  000154f8    00000060              : sm_pairing.o (.text)
                  00015558    00000060     StackWrapper.a : gapbondmgr.o (.text)
                  000155b8    0000005e     rf_multiMode_cc26x2.a : rfc.c.cc26x2.ticlang.o (.text.NOROM_RFCAnaDivTxOverride)
                  00015616    0000005e     OneLib.a : ll_common.o (.text)
                  00015674    0000005c     app_peripheral.o (.text.Peripheral_start)
                  000156d0    0000005c     drivers_cc26x2.a : TRNGCC26XX.c.obj (.text.TRNGCC26XX_startTrng)
                  0001572c    0000005c     rf_multiMode_cc26x2.a : rf_patch_mce_bt5.c.cc26x2.ticlang.o (.text.rf_patch_mce_bt5)
                  00015788    0000005c     OneLib.a : gap_perilinkmgr.o (.text)
                  000157e4    0000005c              : ll_isr.o (.text)
                  00015840    0000005c              : ll_scheduler.o (.text)
                  0001589c    0000005c              : sm_intpairing.o (.text)
                  000158f8    0000005c              : sm_rsppairing.o (.text)
                  00015954    00000058     bleapputil_process.o (.text.BLEAppUtil_callEventHandler)
                  000159ac    00000058     drivers_cc26x2.a : ECDHCC26X2.c.obj (.text.ECDH_construct)
                  00015a04    00000058     icall.o (.text.HEAPMGR_GETLARGESTFREEBUF)
                  00015a5c    00000058     icall.o (.text.ICall_fetchMsg)
                  00015ab4    00000058     icall.o (.text.ICall_registerApp)
                  00015b0c    00000058     rf_multiMode_cc26x2.a : RFCC26X2_multiMode.c.cc26x2.ticlang.o (.text.RF_applyRfCorePatch)
                  00015b64    00000058     drivers_cc26x2.a : TRNGCC26XX.c.obj (.text.TRNG_init)
                  00015bbc    00000058     sysbios.a : Hwi_asm_switch_gnu.obj (.text.ti_sysbios_family_arm_m3_Hwi_initStacks)
                  00015c14    00000058     OneLib.a : ll_ae.o (.text)
                  00015c6c    00000058              : ll_common.o (.text)
                  00015cc4    00000058              : ll_enc.o (.text)
                  00015d1c    00000058              : ll_isr.o (.text)
                  00015d74    00000058              : sm_pairing.o (.text)
                  00015dcc    00000058     StackWrapper.a : sm_ecc.o (.text)
                  00015e24    00000056     drivers_cc26x2.a : StructRingBuf.c.obj (.text.StructRingBuf_put)
                  00015e7a    00000002     rom_init.o (.text.MAP_llProcessPeriodicScanRxFIFO)
                  00015e7c    00000054     drivers_cc26x2.a : AESCCMCC26XX.c.obj (.text.AESCCM_construct)
                  00015ed0    00000054     nvocmp.o (.text.NVOCMP_compactNvApi)
                  00015f24    00000054     nvocmp.o (.text.NVOCMP_getDstPage)
                  00015f78    00000054     rf_multiMode_cc26x2.a : RFCC26X2_multiMode.c.cc26x2.ticlang.o (.text.RF_fsmXOSCState)
                  00015fcc    00000054                           : RFCC26X2_multiMode.c.cc26x2.ticlang.o (.text.RF_getCurrentTime)
                  00016020    00000054     OneLib.a : gattservapp.o (.text)
                  00016074    00000054              : hci_event.o (.text)
                  000160c8    00000054              : linkdb.o (.text)
                  0001611c    00000054              : ll.o (.text)
                  00016170    00000054              : ll_ae.o (.text)
                  000161c4    00000054     StackWrapper.a : osal_bufmgr.o (.text)
                  00016218    00000052     driverlib.lib : chipinfo.o (.text.NOROM_ChipInfo_GetHwRevision)
                  0001626a    00000052     OneLib.a : gap_centlinkmgr.o (.text)
                  000162bc    00000050     bleapputil_task.o (.text.BLEAppUtil_enqueueMsg)
                  0001630c    00000050     ti_drivers_config.o (.text.Board_shutDownExtFlash)
                  0001635c    00000050     nvocmp.o (.text.NVOCMP_loadApiPtrsMin)
                  000163ac    00000050     rf_multiMode_cc26x2.a : RFCC26X2_multiMode.c.cc26x2.ticlang.o (.text.RF_wakeupNotification)
                  000163fc    00000050     ti_sysbios_config.o (.text.ti_sysbios_knl_Swi_post)
                  0001644c    00000050     ti_sysbios_config.o (.text.ti_sysbios_knl_Swi_runLoop)
                  0001649c    00000050     ti_sysbios_config.o (.text.ti_sysbios_knl_Task_schedule)
                  000164ec    00000050     OneLib.a : gap_perilinkmgr.o (.text)
                  0001653c    00000050              : gap_scanner.o (.text)
                  0001658c    00000050              : hci_tl.o (.text)
                  000165dc    00000050              : ll_common.o (.text)
                  0001662c    00000050              : ll_enc.o (.text)
                  0001667c    00000050     StackWrapper.a : gattservapp_util.o (.text)
                  000166cc    00000050                    : osal.o (.text)
                  0001671c    00000050                    : osal_clock.o (.text)
                  0001676c    0000004e     ti_drivers_config.o (.text.Board_sendExtFlashByte)
                  000167ba    0000004e     nvocmp.o (.text.NVOCMP_readItem)
                  00016808    0000004e     StackWrapper.a : gap.o (.text)
                  00016856    0000004c     drivers_cc26x2.a : AESECBCC26XX.c.obj (.text.AESECB_startOperation)
                  000168a2    00000002     rom_init.o (.text.MAP_llSetPeriodicSyncInfo)
                  000168a4    0000004c     ti_sysbios_config.o (.text.BIOS_startFunc)
                  000168f0    0000004c     drivers_cc26x2.a : CryptoUtils.c.obj (.text.CryptoUtils_reverseCopyPad)
                  0001693c    0000004c     icall.o (.text.ICall_newTask)
                  00016988    0000004c     driverlib.lib : osc.o (.text.NOROM_OSC_HPOSCRelativeFrequencyOffsetGet)
                  000169d4    0000004c     nvocmp.o (.text.NVOCMP_setItemInactive)
                  00016a20    0000004c     drivers_cc26x2.a : NVSCC26XX.c.obj (.text.NVSCC26XX_init)
                  00016a6c    0000004c                      : NVSCC26XX.c.obj (.text.NVSCC26XX_read)
                  00016ab8    0000004c                      : StructRingBuf.c.obj (.text.StructRingBuf_get)
                  00016b04    0000004c     rf_multiMode_cc26x2.a : rf_patch_cpe_bt5.c.cc26x2.ticlang.o (.text.configureBt5Patch)
                  00016b50    0000004c     drivers_cc26x2.a : PowerCC26X2.c.obj (.text.switchXOSCHF)
                  00016b9c    0000004c     ti_sysbios_config.o (.text.ti_sysbios_knl_Swi_Instance_init)
                  00016be8    0000004c     ti_sysbios_config.o (.text.ti_sysbios_runtime_Startup_exec)
                  00016c34    0000004c     OneLib.a : ble.o (.text)
                  00016c80    0000004c              : ll_scheduler.o (.text)
                  00016ccc    0000004c              : ll_scheduler.o (.text)
                  00016d18    00000048     bleapputil_init.o (.text.BLEAppUtil_registerEventHandler)
                  00016d60    00000048     driverlib.lib : aux_sysif.o (.text.NOROM_AUXSYSIFOpModeChange)
                  00016da8    00000048     rf_multiMode_cc26x2.a : rfc.c.cc26x2.ticlang.o (.text.NOROM_RFCSynthPowerDown)
                  00016df0    00000048     drivers_cc26x2.a : NVS.c.obj (.text.NVS_open)
                  00016e38    00000048                      : PowerCC26X2.c.obj (.text.PowerCC26XX_switchXOSC_HF)
                  00016e80    00000048     ti_sysbios_config.o (.text.ti_sysbios_family_arm_cc26xx_Timer_start)
                  00016ec8    00000048     OneLib.a : att_util.o (.text)
                  00016f10    00000048              : gattservapp.o (.text)
                  00016f58    00000048              : ll.o (.text)
                  00016fa0    00000048              : ll.o (.text)
                  00016fe8    00000048              : ll_common.o (.text)
                  00017030    00000048              : ll_common.o (.text)
                  00017078    00000048              : ll_isr.o (.text)
                  000170c0    00000048              : ll_isr.o (.text)
                  00017108    00000048     libclang_rt.builtins.a : fixdfsi.S.obj (.text)
                  00017150    00000046     drivers_cc26x2.a : RingBuf.c.obj (.text.RingBuf_put)
                  00017196    00000002     rom_init.o (.text.MAP_llTerminatePeriodicScan)
                  00017198    00000044     ti_sysbios_config.o (.text.BIOS_atExitFunc)
                  000171dc    00000044     bleapputil_process.o (.text.BLEAppUtil_processGATTEvents)
                  00017220    00000044     drivers_cc26x2.a : GPIOCC26X2.c.obj (.text.GPIO_hwiIntFxn)
                  00017264    00000044     icall.o (.text.ICall_getEntityId)
                  000172a8    00000044     driverlib.lib : prcm.o (.text.NOROM_PRCMPowerDomainsAllOff)
                  000172ec    00000044                   : prcm.o (.text.NOROM_PRCMPowerDomainsAllOn)
                  00017330    00000044     rf_multiMode_cc26x2.a : RFCC26X2_multiMode.c.cc26x2.ticlang.o (.text.RF_cmdGet)
                  00017374    00000044                           : RFCC26X2_multiMode.c.cc26x2.ticlang.o (.text.RF_updatePowerupDuration)
                  000173b8    00000044     ti_sysbios_config.o (.text.ti_sysbios_family_arm_m3_Hwi_Instance_finalize)
                  000173fc    00000044     ti_sysbios_config.o (.text.ti_sysbios_family_arm_m3_Hwi_construct2)
                  00017440    00000044     ti_sysbios_config.o (.text.ti_sysbios_family_arm_m3_Hwi_disableInterrupt)
                  00017484    00000044     ti_sysbios_config.o (.text.ti_sysbios_family_arm_m3_Hwi_enableInterrupt)
                  000174c8    00000044     ti_sysbios_config.o (.text.ti_sysbios_knl_Swi_restore)
                  0001750c    00000044     OneLib.a : ll.o (.text)
                  00017550    00000044              : ll.o (.text)
                  00017594    00000044              : ll_ae.o (.text)
                  000175d8    00000044              : ll_ae.o (.text)
                  0001761c    00000044              : ll_common.o (.text)
                  00017660    00000044     StackWrapper.a : osal.o (.text)
                  000176a4    00000044                    : osal_timers.o (.text)
                  000176e8    00000044     libclang_rt.builtins.a : fixunsdfsi.S.obj (.text)
                  0001772c    00000042     bleapputil_stack_callbacks.o (.text.BLEAppUtil_passcodeCB)
                  0001776e    00000042     OneLib.a : ll.o (.text)
                  000177b0    00000042              : ll_common.o (.text)
                  000177f2    00000040     drivers_cc26x2.a : AESCTRDRBGXX.c.obj (.text.AESCTRDRBGXX_addBigendCounter)
                  00017832    00000002     rom_init.o (.text.MAP_llUpdateCteState)
                  00017834    00000040     bleapputil_task.o (.text.BLEAppUtil_convertBdAddr2Str)
                  00017874    00000040     bleapputil_init.o (.text.BLEAppUtil_paramUpdateRsp)
                  000178b4    00000040     drivers_cc26x2.a : ECDHCC26X2.c.obj (.text.ECDHCC26X2_waitForResult)
                  000178f4    00000040     icall.o (.text.ICall_setTimerMSecs)
                  00017934    00000040     drivers_cc26x2.a : PowerCC26X2_calibrateRCOSC.c.obj (.text.PowerCC26X2_RCOSC_clockFunc)
                  00017974    00000040                      : PowerCC26X2_calibrateRCOSC_helpers.c.obj (.text.PowerCC26X2_setAclkRefSrc)
                  000179b4    00000040                      : NVSCC26XX.c.obj (.text.disableFlashCache)
                  000179f4    00000040     ti_sysbios_config.o (.text.ti_sysbios_knl_Clock_getTicksUntilInterrupt)
                  00017a34    00000040     ti_sysbios_config.o (.text.ti_sysbios_knl_Task_exit)
                  00017a74    00000040     OneLib.a : gap_configmgr.o (.text)
                  00017ab4    00000040              : gattservapp.o (.text)
                  00017af4    00000040              : linkdb.o (.text)
                  00017b34    00000040              : ll_common.o (.text)
                  00017b74    00000040              : ll_common.o (.text)
                  00017bb4    00000040              : sm_intpairing.o (.text)
                  00017bf4    00000040     StackWrapper.a : osal.o (.text)
                  00017c34    00000040                    : osal_bufmgr.o (.text)
                  00017c74    00000040                    : osal_bufmgr.o (.text)
                  00017cb4    00000040                    : osal_timers.o (.text)
                  00017cf4    0000003e     OneLib.a : ll_common.o (.text)
                  00017d32    0000003e              : ll_isr.o (.text)
                  00017d70    0000003c     bleapputil_init.o (.text.BLEAppUtil_init)
                  00017dac    0000003c     drivers_cc26x2.a : GPIO.c.obj (.text.GPIO_resetConfig)
                  00017de8    0000003c     ti_sysbios_config.o (.text.HwiP_construct)
                  00017e24    0000003c     driverlib.lib : sys_ctrl.o (.text.NOROM_SysCtrlIdle)
                  00017e60    0000003c     nvocmp.o (.text.NVOCMP_getFreeNvApi)
                  00017e9c    0000003c     app_pairing.o (.text.Pairing_pairStateHandler)
                  00017ed8    0000003c     drivers_cc26x2.a : PowerCC26X2_calibrateRCOSC_helpers.c.obj (.text.PowerCC26X2_setTdcClkSrc24M)
                  00017f14    0000003c     ti_sysbios_config.o (.text.ti_sysbios_family_arm_cc26xx_Timer_periodicStub)
                  00017f50    0000003c     ti_sysbios_config.o (.text.ti_sysbios_family_arm_cc26xx_Timer_setThreshold)
                  00017f8c    0000003c     ti_sysbios_config.o (.text.ti_sysbios_heaps_HeapCallback_construct)
                  00017fc8    0000003c     ti_sysbios_config.o (.text.ti_sysbios_knl_ClockSupport_init)
                  00018004    0000003c     ti_sysbios_config.o (.text.ti_sysbios_knl_Task_blockI)
                  00018040    0000003c     ti_sysbios_config.o (.text.ti_sysbios_knl_Task_create)
                  0001807c    0000003c     ti_sysbios_config.o (.text.ti_sysbios_knl_Task_restore)
                  000180b8    0000003c     ti_sysbios_config.o (.text.ti_sysbios_runtime_Memory_alloc)
                  000180f4    0000003c     OneLib.a : gap_linkmgr.o (.text)
                  00018130    0000003c              : gattservapp.o (.text)
                  0001816c    0000003c              : gattservapp.o (.text)
                  000181a8    0000003c              : gattservapp.o (.text)
                  000181e4    0000003c              : hci_event.o (.text)
                  00018220    0000003c              : hci_tl.o (.text)
                  0001825c    0000003c              : linkdb.o (.text)
                  00018298    0000003c              : ll_ae.o (.text)
                  000182d4    0000003c     StackWrapper.a : osal.o (.text)
                  00018310    0000003c                    : osal.o (.text)
                  0001834c    0000003c                    : osal.o (.text)
                  00018388    0000003c                    : osal_timers.o (.text)
                  000183c4    0000003c                    : sm_ecc.o (.text)
                  00018400    0000003a     bleapputil_process.o (.text.BLEAppUtil_processHCIGAPEvents)
                  0001843a    0000003a     drivers_cc26x2.a : CryptoUtils.c.obj (.text.CryptoUtils_copyPad)
                  00018474    0000003a     ti_sysbios_config.o (.text.ti_sysbios_knl_Task_checkStacks)
                  000184ae    0000003a     StackWrapper.a : osal.o (.text)
                  000184e8    00000038     drivers_cc26x2.a : AESCTRCC26XX.c.obj (.text.AESCTR_cleanup)
                  00018520    00000038                      : AESECBCC26XX.c.obj (.text.AESECB_cleanup)
                  00018558    00000038     bleapputil_stack_callbacks.o (.text.BLEAppUtil_pairStateCB)
                  00018590    00000038     icall.o (.text.ICall_heapFree)
                  000185c8    00000038     ti_sysbios_config.o (.text.MemAlloc_alloc)
                  00018600    00000038     nvocmp.o (.text.NVOCMP_disableCache)
                  00018638    00000038     nvocmp.o (.text.NVOCMP_write)
                  00018670    00000038     drivers_cc26x2.a : PowerCC26X2_helpers.c.obj (.text.PowerCC26X2_oscDisableQualifiers)
                  000186a8    00000038                      : Random.c.obj (.text.Random_getNumber)
                  000186e0    00000038                      : RingBuf.c.obj (.text.RingBuf_putAdvance)
                  00018718    00000038     rf_multiMode_cc26x2.a : rf_patch_cpe_bt5.c.cc26x2.ticlang.o (.text.rf_patch_cpe_bt5)
                  00018750    00000038     ti_sysbios_config.o (.text.ti_sysbios_knl_Task_processVitalTaskFlag)
                  00018788    00000038     OneLib.a : hci.o (.text)
                  000187c0    00000038              : linkdb.o (.text)
                  000187f8    00000038              : ll_ae.o (.text)
                  00018830    00000038              : ll_ae.o (.text)
                  00018868    00000038              : ll_scheduler.o (.text)
                  000188a0    00000038              : sm_rsppairing.o (.text)
                  000188d8    00000038     StackWrapper.a : gattservapp_util.o (.text)
                  00018910    00000038                    : osal_timers.o (.text)
                  00018948    00000038     libc.a : autoinit.c.obj (.text:__TI_auto_init_nobinit_nopinit)
                  00018980    00000038     libclang_rt.builtins.a : extendsfdf2.S.obj (.text)
                  000189b8    00000036     drivers_cc26x2.a : CryptoUtils.c.obj (.text.CryptoUtils_buffersMatch)
                  000189ee    00000036     StackWrapper.a : ble_dispatch_lite.o (.text)
                  00018a24    00000034     icall.o (.text.ICall_dispatch)
                  00018a58    00000034     icall.o (.text.ICall_searchServiceEntity)
                  00018a8c    00000034     icall.o (.text.ICall_searchTask)
                  00018ac0    00000034     nvocmp.o (.text.NVOCMP_changePageState)
                  00018af4    00000034     drivers_cc26x2.a : PowerCC26X2.c.obj (.text.Power_releaseConstraint)
                  00018b28    00000034     rf_multiMode_cc26x2.a : RFCC26X2_multiMode.c.cc26x2.ticlang.o (.text.RF_powerConstraintRelease)
                  00018b5c    00000034                           : RFCC26X2_multiMode.c.cc26x2.ticlang.o (.text.RF_runDirectImmediateCmd)
                  00018b90    00000034     ti_sysbios_config.o (.text.SwiP_construct)
                  00018bc4    00000034     TaskP_tirtos.o (.text.TaskP_create)
                  00018bf8    00000034     drivers_cc26x2.a : UART2CC26X2.c.obj (.text.UART2Support_sendData)
                  00018c2c    00000034     ti_sysbios_config.o (.text._pthread_cleanupFxn)
                  00018c60    00000034     ti_sysbios_config.o (.text.ti_sysbios_family_arm_m3_Hwi_getStackInfo)
                  00018c94    00000034     ti_sysbios_config.o (.text.ti_sysbios_family_arm_m3_Hwi_init)
                  00018cc8    00000034     ti_sysbios_config.o (.text.ti_sysbios_knl_Clock_Instance_init)
                  00018cfc    00000034     ti_sysbios_config.o (.text.ti_sysbios_knl_Task_unblockI)
                  00018d30    00000034     ti_sysbios_config.o (.text.ti_sysbios_runtime_Error_raiseX)
                  00018d64    00000034     OneLib.a : hci.o (.text)
                  00018d98    00000034              : ll_ae.o (.text)
                  00018dcc    00000034              : ll_enc.o (.text)
                  00018e00    00000034              : ll_scheduler.o (.text)
                  00018e34    00000034              : ll_scheduler.o (.text)
                  00018e68    00000034     StackWrapper.a : gapbondmgr.o (.text)
                  00018e9c    00000034                    : icall_startup.o (.text)
                  00018ed0    00000034     sysbios.a : boot_cortex_m.obj (.text:_c_int00)
                  00018f04    00000032     ti_sysbios_config.o (.text.ti_sysbios_knl_Event_pendTimeout)
                  00018f36    00000032     ti_sysbios_config.o (.text.ti_sysbios_knl_Semaphore_pendTimeout)
                  00018f68    00000030     ti_sysbios_config.o (.text.BIOS_init)
                  00018f98    00000030     bleapputil_init.o (.text.BLEAppUtil_stackRegister)
                  00018fc8    00000030     ti_drivers_config.o (.text.Board_wakeUpExtFlash)
                  00018ff8    00000030     ti_sysbios_config.o (.text.ClockP_construct)
                  00019028    00000030     drivers_cc26x2.a : ECDHCC26X2.c.obj (.text.ECDHCC26X2_getKeyResultMontgomery)
                  00019058    00000030     icall.o (.text.ICall_init)
                  00019088    00000030     drivers_cc26x2.a : NVSCC26XX.c.obj (.text.NVSCC26XX_erase)
                  000190b8    00000030                      : PowerCC26X2.c.obj (.text.Power_setConstraint)
                  000190e8    00000030     rf_multiMode_cc26x2.a : RFCC26X2_multiMode.c.cc26x2.ticlang.o (.text.RF_checkCmdFsError)
                  00019118    00000030     rom_init.o (.text.ROM_Init)
                  00019148    00000030     drivers_cc26x2.a : PowerCC26X2.c.obj (.text.notify)
                  00019178    00000030     ti_sysbios_config.o (.text.ti_sysbios_family_arm_m3_Hwi_excHandlerMin)
                  000191a8    00000030     ti_sysbios_config.o (.text.ti_sysbios_knl_TaskSupport_start)
                  000191d8    00000030     ti_sysbios_config.o (.text.ti_sysbios_runtime_System_atexit)
                  00019208    00000030     ti_sysbios_config.o (.text.ti_sysbios_runtime_System_processAtExit)
                  00019238    00000030     OneLib.a : gattservapp.o (.text)
                  00019268    00000030              : ll_ae.o (.text)
                  00019298    00000030              : ll_scheduler.o (.text)
                  000192c8    00000030     StackWrapper.a : osal_timers.o (.text)
                  000192f8    0000002e     bleapputil_stack_callbacks.o (.text.BLEAppUtil_advCB)
                  00019326    0000002e     bleapputil_stack_callbacks.o (.text.BLEAppUtil_scanCB)
                  00019354    0000002e     driverlib.lib : chipinfo.o (.text.NOROM_ThisLibraryIsFor_CC13x2_CC26x2_HwRev20AndLater_HaltIfViolated)
                  00019382    0000002e     rf_multiMode_cc26x2.a : RFCC26X2_multiMode.c.cc26x2.ticlang.o (.text.RF_calculateDeltaTimeUs)
                  000193b0    0000002e     drivers_cc26x2.a : RingBuf.c.obj (.text.RingBuf_getConsume)
                  000193de    0000002e                      : RingBuf.c.obj (.text.RingBuf_putPointer)
                  0001940c    0000002e     OneLib.a : gattservapp.o (.text)
                  0001943a    00000002     rom_init.o (.text.MAP_llUpdateExtScanAcceptSyncInfo)
                  0001943c    0000002e     libclang_rt.builtins.a : floatsidf.S.obj (.text)
                  0001946a    0000002c     icall_cc2650.o (.text.ICallPlatform_pwrDispenseImpl)
                  00019496    0000002c     icall_cc2650.o (.text.ICallPlatform_pwrRequireImpl)
                  000194c2    00000002     rom_init.o (.text.MAP_llUpdatePeriodicAdvChainPacket)
                  000194c4    0000002c     icall.o (.text.ICall_getLocalMsgEntityId)
                  000194f0    0000002c     nvocmp.o (.text.NVOCMP_setCompactHdr)
                  0001951c    0000002c     drivers_cc26x2.a : NVS.c.obj (.text.NVS_init)
                  00019548    0000002c     ti_sysbios_config.o (.text.PowerCC26XX_schedulerDisable)
                  00019574    0000002c     rf_multiMode_cc26x2.a : RFCC26X2_multiMode.c.cc26x2.ticlang.o (.text.RF_executeDirectImmediateCmd)
                  000195a0    0000002c     drivers_cc26x2.a : TRNGCC26XX.c.obj (.text.TRNGCC26XX_stopTrng)
                  000195cc    0000002c                      : UART2CC26X2.c.obj (.text.UART2CC26X2_getRxData)
                  000195f8    0000002c     ti_sysbios_config.o (.text._pthread_delete)
                  00019624    0000002c     ti_sysbios_config.o (.text.ti_sysbios_gates_GateMutex_enter)
                  00019650    0000002c     ti_sysbios_config.o (.text.ti_sysbios_knl_Clock_getTicks)
                  0001967c    0000002c     ti_sysbios_config.o (.text.ti_sysbios_knl_Clock_getTimeout)
                  000196a8    0000002c     ti_sysbios_config.o (.text.ti_sysbios_knl_Swi_setPri)
                  000196d4    0000002c     ti_sysbios_config.o (.text.ti_sysbios_knl_Task_restoreHwi)
                  00019700    0000002c     OneLib.a : gatt_task.o (.text)
                  0001972c    0000002c              : gattservapp.o (.text)
                  00019758    0000002c     StackWrapper.a : hal_assert.o (.text)
                  00019784    0000002c                    : osal_bufmgr.o (.text)
                  000197b0    0000002a     driverlib.lib : osc.o (.text.NOROM_OSCHF_TurnOnXosc)
                  000197da    0000002a     drivers_cc26x2.a : TRNGCC26XX.c.obj (.text.TRNG_generateKey)
                  00019804    0000002a                      : UART2CC26X2.c.obj (.text.UART2Support_powerRelConstraint)
                  0001982e    0000002a     ti_sysbios_config.o (.text.ti_sysbios_family_arm_cc26xx_Timer_setNextTick)
                  00019858    0000002a     ti_sysbios_config.o (.text.ti_sysbios_knl_Task_allBlockedFunction)
[...]
20000fbc  l2capNumPSM                                                        
20000fbd  l2capNumCoChannels                                                 
20000fbe  l2cap_gattServAppTaskID                                            
20000fbf  l2capId                                                            
20000fc1  linkDBNumConns                                                     
20000fc2  linkDB_secureConnectionOnlyMode                                    
20000fc3  maxPduSize                                                         
20000fc4  rfFeModeBias                                                       
20000fc5  defaultPhy                                                         
20000fc6  maxNumTxDataBufs                                                   
20000fc7  LL_TaskID                                                          
20000fc8  llState                                                            
20000fc9  rssiCorrection                                                     
20000fca  curTxPowerVal                                                      
20000fcb  maxTxPwrForDTM                                                     
20000fcc  onePktPerEvt                                                       
20000fcd  numComplPkts                                                       
20000fce  numComplPktsLimit                                                  
20000fcf  numComplPktsFlush                                                  
20000fd0  fastTxRespTime                                                     
20000fd1  slOverride                                                         
20000fd2  rxFifoFlowCtrl                                                     
20000fd3  numTxDataBufs                                                      
20000fd4  maxNumConns                                                        
20000fd5  aeCurHandle                                                        
20000fd6  aeCurAdvEnableHandle                                               
20000fd7  aeCurConnHandle                                                    
20000fd8  extScanIndex                                                       
20000fd9  extInitIndex                                                       
20000fda  scanState                                                          
20000fdb  lastPrimPhy                                                        
20000fdc  lastScanRsp                                                        
20000fdd  smTaskID                                                           
20000fde  SM_appExpectingKey                                                 
20001830  PowerCC26X2_module                                                 
20001a98  gapAttrTbl                                                         
20001b48  gpioPinConfigs                                                     
20001c2c  BLEAppUtilEventHandlersHead                                        
20001c30  BIOS_Module_state                                                  
20001c5c  ti_sysbios_family_arm_m3_Hwi_Module_state                          
20001c98  ti_sysbios_runtime_Startup_done                                    
20001c9b  ti_sysbios_knl_Idle_initDone                                       
20001c9c  ti_sysbios_runtime_Memory_defaultHeapInstance                      
20001cb4  ti_sysbios_runtime_Error_ignore                                    
20001cc0  ti_sysbios_family_arm_cc26xx_Timer_Module_state                    
20001ccc  ti_sysbios_runtime_System_Module_state                             
20001cd8  ti_sysbios_knl_Swi_Module_state                                    
20001d00  ti_sysbios_knl_Clock_Module_state                                  
20001dcc  llUserConfig                                                       
20001e88  pOverrides_bleCommon                                               
20001edc  txPowerTable_2400_pa5                                              
20001f2c  gattAttrTbl                                                        
20001f6c  sm_eccKeys_sc_host_debug                                           
20001fac  nvintfFncStruct                                                    
20001fe8  ti_sysbios_knl_Task_Module_state                                   
2000208c  ICall_dispatcher                                                   
200020c0  candidate                                                          
200020c8  centralConnParams                                                  
200020d4  centralConnHandler                                                 
200020e0  centralScanHandler                                                 
20002114  appMainPeriCentParams                                              
2000211c  appMainParams                                                      
2000213c  eccParams_NISTP256                                                 
20002160  pOverrides_ble2Mbps                                                
20002184  advParams1                                                         
200021a0  scanResData1                                                       
200021bc  pairingPasscodeHandler                                             
200021c8  PairingPairStateHandler                                            
200021d4  peripheralConnHandler                                              
200021e0  peripheralAdvHandler                                               
200021ec  pOverrides_ble1Mbps                                                
20002204  attDeviceName                                                      
2000221a  bleUserCfg_maxPduSize                                              
20002220  ICall_enterCriticalSection                                         
20002224  ICall_leaveCriticalSection                                         
20002228  heapmgrMemFreeTotal                                                
20002244  BLEAppUtilLocal_GeneralParams                                      
20002248  BLEAppUtilLocal_PeriCentParams                                     
2000224c  BLEAppUtil_bondMgrCBs                                              
20002254  RF_modeBle                                                         
20002264  _hposcCoeffs                                                       
20002274  bleAppServiceInfoTable                                             
20002284  pOverrides_bleCoded                                                
20002294  user0Cfg                                                           
200022a4  gattAttrTbl_gatt_no_service_changed                                
200022b4  sizeInfo                                                           
200022c4  gapBondParams                                                      
200022d4  uartLog_tail                                                       
200022d5  uartLog_head                                                       
200022d6  uartLog_evBufIsEmpty                                               
200022d8  uartLog_evtNum                                                     
200022ec  dataGATTHandler                                                    
20002308  RFCC26XX_schedulerPolicy                                           
20002310  ti_sysbios_gates_GateMutexPri_Module_state                         
20002318  ti_sysbios_gates_GateMutex_Module_state                            
20002320  ti_sysbios_heaps_HeapCallback_Module_state                         
20002328  ti_sysbios_knl_Event_state                                         
20002330  ti_sysbios_knl_Semaphore_Module_state                              
20002338  periConnParameters                                                 
20002340  patchedMasterCtrlPktList                                           
20002348  advData1                                                           
2000234f  PKAResourceCC26XX_pollingFlag                                      
20002354  _lock                                                              
20002358  _unlock                                                            
2000235c  appAssertCback                                                     
20002360  icallServiceTblPtr                                                 
20002364  pRfErrCb                                                           
20002368  pfnBMAlloc                                                         
2000236c  pfnBMFree                                                          
20002370  patchedSlaveCtrlPktList                                            
20002374  halAssertCback                                                     
20002378  disconnectImmedConnId                                              
2000237a  llUserConfig_maxPduSize                                            
2000237c  baseTaskID                                                         
20002387  deviceNameCharProps                                                
20002388  appearanceCharProps                                                
20002389  periConnParamCharProps                                             
2000238a  centAddrResCharProps                                               
2000238b  centAddrRes                                                        
2000238c  resolvablePrivateAddressOnlyCharProps                              
2000238d  GATTServApp_gatt_no_service_changed                                
2000238f  qosDefaultPriorityConnParameter                                    
20002390  extScanChanMap                                                     
20002391  sizeOfAllExtConnParam                                              
20002392  rfRatHandle                                                        
20002393  smAllowDebugKeysMode                                               
20002394  gapEndAppTaskID                                                    
20002395  gapAppTaskID                                                       
20002396  legacyMode                                                         
20002398  uartLog_evBuf                                                      
20002898  ti_sysbios_knl_Idle_taskStack                                      
20002e58  uart2CC26X2Objects                                                 
20002fc8  rfObject                                                           
200030c8  ti_sysbios_family_arm_m3_Hwi_dispatchTable                         
200031a0  uartLog_outBuf                                                     
2000324c  extScanReportState                                                 
200032ec  trngCC26XXObjects                                                  
20003370  gpioCallbackFunctions                                              
200033ec  gpioUserArgs                                                       
20003468  cbTimers                                                           
200035a8  ti_sysbios_knl_ClockSupport_timerStruct                            
20003608  ti_sysbios_knl_Idle_taskStruct                                     
20003660  aesctrdrbgXXObjects                                                
200036b4  BLEAppUtil_mutexStruct                                             
20003704  CryptoResourceCC26XX_accessSemaphore                               
20003754  CryptoResourceCC26XX_operationSemaphore                            
200037a4  PKAResourceCC26XX_accessSemaphore                                  
200037f4  PKAResourceCC26XX_operationSemaphore                               
200038cc  aesctrCC26XXObjects                                                
20003948  nvFptrs                                                            
20003984  ti_sysbios_knl_Swi_readyQs                                         
200039b4  ti_sysbios_knl_Task_readyQs                                        
200039e4  NVOCMP_nvHandle                                                    
20003a12  appearance                                                         
20003a14  llCteSamples                                                       
20003a38  aesecbCC26XXObjects                                                
20003a9c  req                                                                
20003abc  gapBond_remoteOobData                                              
20003adc  gapBond_localOobData                                               
20003afc  ecdhCC26X2Objects                                                  
20003b1c  ti_sysbios_runtime_System_atexitHandlers                           
20003b3c  udmaCC26XXObject                                                   
20003b78  BIOS_heapCallbackObject                                            
20003b94  BIOS_rtsGate                                                       
20003bb0  CryptoResourceCC26XX_hwi                                           
20003bcc  PKAResourceCC26XX_hwi                                              
20003be8  deviceName                                                         
20003c00  aesccmCC26XXObjects                                                
20003c2c  rfMode                                                             
20003c4c  llCteTest                                                          
20003c58  cteAntennaProp                                                     
20003c64  llTaskList                                                         
20003c70  defaultChannelMap                                                  
20003c78  secondaryAdvChannelMap                                             
20003c80  llRfCmdPreemption                                                  
20003ca4  ggs_AppCBs                                                         
20003cac  BDAddrPerConnHandle                                                
20003cb0  llCte                                                              
20003cb4  extStackSettings                                                   
20003cb8  llConnExtParam                                                     
20003cbc  trngHandle                                                         
20003cc0  LSTORecoveryArr                                                    
20003cc4  pNextAdvSet                                                        
20003cc8  llCurrentMappedChan                                                
20003ccc  drbgHandle                                                         
20003cd0  pRpaCfg                                                            
20003cd4  gapBond_lruBondList                                                
20003cd8  gapBondStateNodeHead                                               
20003cdc  osal_syncHandle                                                    
20003ce0  osal_icallMsg_hook                                                 
20003ce4  osal_qHead                                                         
20003ce8  osal_max_msecs                                                     
20003cec  osal_tickperiod                                                    
20003cf0  osal_eventloop_hook                                                
20003cfc  OSAL_timeSeconds                                                   
20003d00  timerHead                                                          
20003d08  osal_last_timestamp                                                
20003d0c  BLEAppUtilMsgQueueHandle                                           
20003d10  BLEAppUtilSyncEvent                                                
20003d14  BLEAppUtil_mutexHandle                                             
20003d18  HEAPMGR_SIZE                                                       
20003d1c  PowerCC26XX_swiKey                                                 
20003d20  PowerCC26XX_taskKey                                                
20003d24  appInitDoneHandler                                                 
20003d28  errorHandlerCb                                                     
20003d2c  tasksEvents                                                        
20003d30  ti_sysbios_family_arm_cc26xx_TimestampProvider_Module_state        
20003d34  ti_sysbios_knl_Task_defaultStackHeap                               
20003d38  maximumPduSize                                                     
20003d3a  extScanNumMissed                                                   
20003d3e  pwrmgr_attribute                                                   
20003d40  resolvablePrivateAddressOnly                                       
20003d41  GATTServApp_att_delayed_req                                        
20003d42  hciTaskID                                                          
20003d43  hciL2capTaskID                                                     
20003d44  hciGapTaskID                                                       
20003d45  hciSmpTaskID                                                       
20003d46  hciTestTaskID                                                      
20003d47  hciVsEvtMask                                                       
20003d48  scanReqRpt                                                         
20003d49  secondaryAdvChannelMapPopCount                                     
20003d4a  qosDefaultPriorityAdvParameter                                     
20003d4b  qosDefaultPriorityInitParameter                                    
20003d4c  qosDefaultPriorityScnParameter                                     
20003d4d  maxNumCteDataBufs                                                  
20003d4e  numActiveAdvSets                                                   
20003d4f  wlSize                                                             
20003d50  rlSize                                                             
20003d51  decryptResult                                                      
20003d52  llUnhandleNextIntFlag                                              
20003d53  smAuthenPairingOnlyMode                                            
20003d54  icall_liteTaskId                                                   
20003d55  gapBond_removeLRUBond                                              
20003d56  gapBond_syncRL                                                     
20003d57  assertSubcause                                                     
20003d58  osal_entity                                                        
20003d59  pwrmgr_initialized                                                 
20003d5a  NVOCMP_size                                                        
20003d5b  gAction                                                            
20003d5c  nvsCC26XXObjects                                                   
20003d5d  peripheralAdvHandle_1                                              
20003d5e  heapStart                                                          
20013c00  __stack                                                            
20013c00  heapEnd                                                            
20014000  __STACK_END                                                        
20014000  __STACK_TOP                                                        
20014000  __UNUSED_SRAM_end__                                                
ffffffff  __TI_pprof_out_hndl                                                
ffffffff  __TI_prof_data_size                                                
ffffffff  __TI_prof_data_start                                               
ffffffff  __binit__                                                          
ffffffff  binit                                                              
UNDEFED   ITM_flush                                                          
UNDEFED   ITM_restore                                                        
UNDEFED   __c_args__                                                         
UNDEFED   __mpu_init                                                         

[2651 symbols]
