<?xml version="1.0" encoding="ISO-8859-1" ?>
<link_info>
   <banner>TI ARM Clang Linker PC v2.1.2.LTS</banner>
   <copyright>Copyright (c) 1996-2018 Texas Instruments Incorporated</copyright>
   <link_time>0x67325c04</link_time>
   <link_errors>0x0</link_errors>
   <output_file>connection_monitor_CC26X2R1_LAUNCHXL_tirtos7_ticlang.out</output_file>
   <entry_point>
      <name>ResetISR</name>
      <address>0xb0ff</address>
   </entry_point>
   <input_file_list>
      <input_file id="fl-1">
         <path>.\syscfg\</path>
         <kind>object</kind>
         <file>ti_devices_config.o</file>
         <name>ti_devices_config.o</name>
      </input_file>
      <input_file id="fl-2">
         <path>.\syscfg\</path>
         <kind>object</kind>
         <file>ti_radio_config.o</file>
         <name>ti_radio_config.o</name>
      </input_file>
      <input_file id="fl-3">
         <path>.\syscfg\</path>
         <kind>object</kind>
         <file>ti_drivers_config.o</file>
         <name>ti_drivers_config.o</name>
      </input_file>
      <input_file id="fl-4">
         <path>.\syscfg\</path>
         <kind>object</kind>
         <file>ti_sysbios_config.o</file>
         <name>ti_sysbios_config.o</name>
      </input_file>
      <input_file id="fl-5">
         <path>.\Application\</path>
         <kind>object</kind>
         <file>micro_ble_cm.o</file>
         <name>micro_ble_cm.o</name>
      </input_file>
      <input_file id="fl-6">
         <path>.\Application\</path>
         <kind>object</kind>
         <file>micro_cm_app.o</file>
         <name>micro_cm_app.o</name>
      </input_file>
      <input_file id="fl-7">
         <path>.\Application\</path>
         <kind>object</kind>
         <file>util.o</file>
         <name>util.o</name>
      </input_file>
      <input_file id="fl-8">
         <path>.\Drivers\NV\</path>
         <kind>object</kind>
         <file>crc.o</file>
         <name>crc.o</name>
      </input_file>
      <input_file id="fl-9">
         <path>.\Drivers\NV\</path>
         <kind>object</kind>
         <file>nvocmp.o</file>
         <name>nvocmp.o</name>
      </input_file>
      <input_file id="fl-a">
         <path>.\Drivers\TRNG\</path>
         <kind>object</kind>
         <file>TRNGCC26XX.o</file>
         <name>TRNGCC26XX.o</name>
      </input_file>
      <input_file id="fl-b">
         <path>.\HAL\Common\</path>
         <kind>object</kind>
         <file>hal_assert.o</file>
         <name>hal_assert.o</name>
      </input_file>
      <input_file id="fl-c">
         <path>.\NPI\Transport\UART\</path>
         <kind>object</kind>
         <file>npi_tl_uart.o</file>
         <name>npi_tl_uart.o</name>
      </input_file>
      <input_file id="fl-d">
         <path>.\NPI\Transport\</path>
         <kind>object</kind>
         <file>npi_tl.o</file>
         <name>npi_tl.o</name>
      </input_file>
      <input_file id="fl-e">
         <path>.\NPI\U_NPI\</path>
         <kind>object</kind>
         <file>npi_task.o</file>
         <name>npi_task.o</name>
      </input_file>
      <input_file id="fl-f">
         <path>.\NPI\U_NPI\</path>
         <kind>object</kind>
         <file>npi_util.o</file>
         <name>npi_util.o</name>
      </input_file>
      <input_file id="fl-10">
         <path>.\OSAL\</path>
         <kind>object</kind>
         <file>osal_snv_wrapper.o</file>
         <name>osal_snv_wrapper.o</name>
      </input_file>
      <input_file id="fl-11">
         <path>.\RTLSCtrl\</path>
         <kind>object</kind>
         <file>rtls_ctrl.o</file>
         <name>rtls_ctrl.o</name>
      </input_file>
      <input_file id="fl-12">
         <path>.\RTLSCtrl\</path>
         <kind>object</kind>
         <file>rtls_host_npi.o</file>
         <name>rtls_host_npi.o</name>
      </input_file>
      <input_file id="fl-13">
         <path>.\Startup\</path>
         <kind>object</kind>
         <file>main.o</file>
         <name>main.o</name>
      </input_file>
      <input_file id="fl-14">
         <path>.\Startup\</path>
         <kind>object</kind>
         <file>urfc.o</file>
         <name>urfc.o</name>
      </input_file>
      <input_file id="fl-15">
         <path>.\uStack\</path>
         <kind>object</kind>
         <file>port.o</file>
         <name>port.o</name>
      </input_file>
      <input_file id="fl-16">
         <path>.\uStack\</path>
         <kind>object</kind>
         <file>uble.o</file>
         <name>uble.o</name>
      </input_file>
      <input_file id="fl-17">
         <path>.\uStack\</path>
         <kind>object</kind>
         <file>ugap.o</file>
         <name>ugap.o</name>
      </input_file>
      <input_file id="fl-18">
         <path>.\uStack\</path>
         <kind>object</kind>
         <file>ull.o</file>
         <name>ull.o</name>
      </input_file>
      <input_file id="fl-19">
         <path>.\uStack\</path>
         <kind>object</kind>
         <file>urfi.o</file>
         <name>urfi.o</name>
      </input_file>
      <input_file id="fl-2c">
         <kind>object</kind>
         <file>&lt;internal&gt;</file>
         <name>&lt;internal&gt;</name>
      </input_file>
      <input_file id="fl-2d">
         <path>C:\ti\simplelink_cc13xx_cc26xx_sdk_6_41_00_17\source\ti\display\lib\ticlang\m4f\</path>
         <kind>archive</kind>
         <file>display_cc26x2.a</file>
         <name>DisplayUart2.c.obj</name>
      </input_file>
      <input_file id="fl-2e">
         <path>C:\ti\simplelink_cc13xx_cc26xx_sdk_6_41_00_17\source\ti\drivers\rf\lib\ticlang\m4f\</path>
         <kind>archive</kind>
         <file>rf_multiMode_cc26x2.a</file>
         <name>RFCC26X2_multiMode.c.cc26x2.ticlang.o</name>
      </input_file>
      <input_file id="fl-2f">
         <path>C:\ti\simplelink_cc13xx_cc26xx_sdk_6_41_00_17\source\ti\drivers\rf\lib\ticlang\m4f\</path>
         <kind>archive</kind>
         <file>rf_multiMode_cc26x2.a</file>
         <name>rfc.c.cc26x2.ticlang.o</name>
      </input_file>
      <input_file id="fl-30">
         <path>C:\ti\simplelink_cc13xx_cc26xx_sdk_6_41_00_17\source\ti\drivers\rf\lib\ticlang\m4f\</path>
         <kind>archive</kind>
         <file>rf_multiMode_cc26x2.a</file>
         <name>rf_patch_cpe_bt5.c.cc26x2.ticlang.o</name>
      </input_file>
      <input_file id="fl-31">
         <path>C:\ti\simplelink_cc13xx_cc26xx_sdk_6_41_00_17\source\ti\drivers\rf\lib\ticlang\m4f\</path>
         <kind>archive</kind>
         <file>rf_multiMode_cc26x2.a</file>
         <name>rf_patch_cpe_multi_protocol_rtls.c.cc26x2.ticlang.o</name>
      </input_file>
      <input_file id="fl-32">
         <path>C:\ti\simplelink_cc13xx_cc26xx_sdk_6_41_00_17\source\ti\drivers\lib\ticlang\m4f\</path>
         <kind>archive</kind>
         <file>drivers_cc26x2.a</file>
         <name>List.c.obj</name>
      </input_file>
      <input_file id="fl-33">
         <path>C:\ti\simplelink_cc13xx_cc26xx_sdk_6_41_00_17\source\ti\drivers\lib\ticlang\m4f\</path>
         <kind>archive</kind>
         <file>drivers_cc26x2.a</file>
         <name>GPIO.c.obj</name>
      </input_file>
      <input_file id="fl-34">
         <path>C:\ti\simplelink_cc13xx_cc26xx_sdk_6_41_00_17\source\ti\drivers\lib\ticlang\m4f\</path>
         <kind>archive</kind>
         <file>drivers_cc26x2.a</file>
         <name>GPIOCC26XX.c.obj</name>
      </input_file>
      <input_file id="fl-35">
         <path>C:\ti\simplelink_cc13xx_cc26xx_sdk_6_41_00_17\source\ti\drivers\lib\ticlang\m4f\</path>
         <kind>archive</kind>
         <file>drivers_cc26x2.a</file>
         <name>NVS.c.obj</name>
      </input_file>
      <input_file id="fl-36">
         <path>C:\ti\simplelink_cc13xx_cc26xx_sdk_6_41_00_17\source\ti\drivers\lib\ticlang\m4f\</path>
         <kind>archive</kind>
         <file>drivers_cc26x2.a</file>
         <name>NVSCC26XX.c.obj</name>
      </input_file>
      <input_file id="fl-37">
         <path>C:\ti\simplelink_cc13xx_cc26xx_sdk_6_41_00_17\source\ti\drivers\lib\ticlang\m4f\</path>
         <kind>archive</kind>
         <file>drivers_cc26x2.a</file>
         <name>PowerCC26X2.c.obj</name>
      </input_file>
      <input_file id="fl-38">
         <path>C:\ti\simplelink_cc13xx_cc26xx_sdk_6_41_00_17\source\ti\drivers\lib\ticlang\m4f\</path>
         <kind>archive</kind>
         <file>drivers_cc26x2.a</file>
         <name>PowerCC26X2_calibrateRCOSC.c.obj</name>
      </input_file>
      <input_file id="fl-39">
         <path>C:\ti\simplelink_cc13xx_cc26xx_sdk_6_41_00_17\source\ti\drivers\lib\ticlang\m4f\</path>
         <kind>archive</kind>
         <file>drivers_cc26x2.a</file>
         <name>TemperatureCC26X2.c.obj</name>
      </input_file>
      <input_file id="fl-3a">
         <path>C:\ti\simplelink_cc13xx_cc26xx_sdk_6_41_00_17\source\ti\drivers\lib\ticlang\m4f\</path>
         <kind>archive</kind>
         <file>drivers_cc26x2.a</file>
         <name>UART2.c.obj</name>
      </input_file>
      <input_file id="fl-3b">
         <path>C:\ti\simplelink_cc13xx_cc26xx_sdk_6_41_00_17\source\ti\drivers\lib\ticlang\m4f\</path>
         <kind>archive</kind>
         <file>drivers_cc26x2.a</file>
         <name>UART2CC26X2.c.obj</name>
      </input_file>
      <input_file id="fl-3c">
         <path>C:\ti\simplelink_cc13xx_cc26xx_sdk_6_41_00_17\source\ti\drivers\lib\ticlang\m4f\</path>
         <kind>archive</kind>
         <file>drivers_cc26x2.a</file>
         <name>GPIOCC26X2.c.obj</name>
      </input_file>
      <input_file id="fl-3d">
         <path>C:\ti\simplelink_cc13xx_cc26xx_sdk_6_41_00_17\source\ti\drivers\lib\ticlang\m4f\</path>
         <kind>archive</kind>
         <file>drivers_cc26x2.a</file>
         <name>PowerCC26X2_calibrateRCOSC_helpers.c.obj</name>
      </input_file>
      <input_file id="fl-3e">
         <path>C:\ti\simplelink_cc13xx_cc26xx_sdk_6_41_00_17\source\ti\drivers\lib\ticlang\m4f\</path>
         <kind>archive</kind>
         <file>drivers_cc26x2.a</file>
         <name>PowerCC26X2_helpers.c.obj</name>
      </input_file>
      <input_file id="fl-3f">
         <path>C:\ti\simplelink_cc13xx_cc26xx_sdk_6_41_00_17\source\ti\drivers\lib\ticlang\m4f\</path>
         <kind>archive</kind>
         <file>drivers_cc26x2.a</file>
         <name>RingBuf.c.obj</name>
      </input_file>
      <input_file id="fl-40">
         <path>C:\ti\simplelink_cc13xx_cc26xx_sdk_6_41_00_17\source\ti\drivers\lib\ticlang\m4f\</path>
         <kind>archive</kind>
         <file>drivers_cc26x2.a</file>
         <name>UDMACC26XX.c.obj</name>
      </input_file>
      <input_file id="fl-41">
         <path>C:\ti\simplelink_cc13xx_cc26xx_sdk_6_41_00_17\kernel\tirtos7\packages\ti\sysbios\lib\ticlang\m4f\</path>
         <kind>archive</kind>
         <file>sysbios.a</file>
         <name>TaskSupport_asm_gnu.obj</name>
      </input_file>
      <input_file id="fl-42">
         <path>C:\ti\simplelink_cc13xx_cc26xx_sdk_6_41_00_17\kernel\tirtos7\packages\ti\sysbios\lib\ticlang\m4f\</path>
         <kind>archive</kind>
         <file>sysbios.a</file>
         <name>Hwi_asm_gnu.obj</name>
      </input_file>
      <input_file id="fl-43">
         <path>C:\ti\simplelink_cc13xx_cc26xx_sdk_6_41_00_17\kernel\tirtos7\packages\ti\sysbios\lib\ticlang\m4f\</path>
         <kind>archive</kind>
         <file>sysbios.a</file>
         <name>Hwi_asm_switch_gnu.obj</name>
      </input_file>
      <input_file id="fl-44">
         <path>C:\ti\simplelink_cc13xx_cc26xx_sdk_6_41_00_17\kernel\tirtos7\packages\ti\sysbios\lib\ticlang\m4f\</path>
         <kind>archive</kind>
         <file>sysbios.a</file>
         <name>boot_cortex_m.obj</name>
      </input_file>
      <input_file id="fl-45">
         <path>C:\ti\simplelink_cc13xx_cc26xx_sdk_6_41_00_17\source\ti\devices\cc13x2_cc26x2\driverlib\bin\ticlang\</path>
         <kind>archive</kind>
         <file>driverlib.lib</file>
         <name>chipinfo.o</name>
      </input_file>
      <input_file id="fl-46">
         <path>C:\ti\simplelink_cc13xx_cc26xx_sdk_6_41_00_17\source\ti\devices\cc13x2_cc26x2\driverlib\bin\ticlang\</path>
         <kind>archive</kind>
         <file>driverlib.lib</file>
         <name>setup.o</name>
      </input_file>
      <input_file id="fl-47">
         <path>C:\ti\simplelink_cc13xx_cc26xx_sdk_6_41_00_17\source\ti\devices\cc13x2_cc26x2\driverlib\bin\ticlang\</path>
         <kind>archive</kind>
         <file>driverlib.lib</file>
         <name>aux_sysif.o</name>
      </input_file>
      <input_file id="fl-48">
         <path>C:\ti\simplelink_cc13xx_cc26xx_sdk_6_41_00_17\source\ti\devices\cc13x2_cc26x2\driverlib\bin\ticlang\</path>
         <kind>archive</kind>
         <file>driverlib.lib</file>
         <name>flash.o</name>
      </input_file>
      <input_file id="fl-49">
         <path>C:\ti\simplelink_cc13xx_cc26xx_sdk_6_41_00_17\source\ti\devices\cc13x2_cc26x2\driverlib\bin\ticlang\</path>
         <kind>archive</kind>
         <file>driverlib.lib</file>
         <name>sys_ctrl.o</name>
      </input_file>
      <input_file id="fl-4a">
         <path>C:\ti\simplelink_cc13xx_cc26xx_sdk_6_41_00_17\source\ti\devices\cc13x2_cc26x2\driverlib\bin\ticlang\</path>
         <kind>archive</kind>
         <file>driverlib.lib</file>
         <name>cpu.o</name>
      </input_file>
      <input_file id="fl-4b">
         <path>C:\ti\simplelink_cc13xx_cc26xx_sdk_6_41_00_17\source\ti\devices\cc13x2_cc26x2\driverlib\bin\ticlang\</path>
         <kind>archive</kind>
         <file>driverlib.lib</file>
         <name>osc.o</name>
      </input_file>
      <input_file id="fl-4c">
         <path>C:\ti\simplelink_cc13xx_cc26xx_sdk_6_41_00_17\source\ti\devices\cc13x2_cc26x2\driverlib\bin\ticlang\</path>
         <kind>archive</kind>
         <file>driverlib.lib</file>
         <name>prcm.o</name>
      </input_file>
      <input_file id="fl-58">
         <path>C:\ti\ccs1220\ccs\tools\compiler\ti-cgt-armllvm_2.1.2.LTS\lib\armv7em-ti-none-eabihf\c\</path>
         <kind>archive</kind>
         <file>libc.a</file>
         <name>aeabi_portable.c.obj</name>
      </input_file>
      <input_file id="fl-59">
         <path>C:\ti\ccs1220\ccs\tools\compiler\ti-cgt-armllvm_2.1.2.LTS\lib\armv7em-ti-none-eabihf\c\</path>
         <kind>archive</kind>
         <file>libc.a</file>
         <name>exit.c.obj</name>
      </input_file>
      <input_file id="fl-5a">
         <path>C:\ti\ccs1220\ccs\tools\compiler\ti-cgt-armllvm_2.1.2.LTS\lib\armv7em-ti-none-eabihf\c\</path>
         <kind>archive</kind>
         <file>libc.a</file>
         <name>_lock.c.obj</name>
      </input_file>
      <input_file id="fl-5b">
         <path>C:\ti\ccs1220\ccs\tools\compiler\ti-cgt-armllvm_2.1.2.LTS\lib\armv7em-ti-none-eabihf\c\</path>
         <kind>archive</kind>
         <file>libc.a</file>
         <name>args_main.c.obj</name>
      </input_file>
      <input_file id="fl-5c">
         <path>C:\ti\ccs1220\ccs\tools\compiler\ti-cgt-armllvm_2.1.2.LTS\lib\armv7em-ti-none-eabihf\c\</path>
         <kind>archive</kind>
         <file>libc.a</file>
         <name>assert.c.obj</name>
      </input_file>
      <input_file id="fl-5d">
         <path>C:\ti\ccs1220\ccs\tools\compiler\ti-cgt-armllvm_2.1.2.LTS\lib\armv7em-ti-none-eabihf\c\</path>
         <kind>archive</kind>
         <file>libc.a</file>
         <name>defs.c.obj</name>
      </input_file>
      <input_file id="fl-5e">
         <path>C:\ti\ccs1220\ccs\tools\compiler\ti-cgt-armllvm_2.1.2.LTS\lib\armv7em-ti-none-eabihf\c\</path>
         <kind>archive</kind>
         <file>libc.a</file>
         <name>autoinit.c.obj</name>
      </input_file>
      <input_file id="fl-5f">
         <path>C:\ti\ccs1220\ccs\tools\compiler\ti-cgt-armllvm_2.1.2.LTS\lib\armv7em-ti-none-eabihf\c\</path>
         <kind>archive</kind>
         <file>libc.a</file>
         <name>cpy_tbl.c.obj</name>
      </input_file>
      <input_file id="fl-60">
         <path>C:\ti\ccs1220\ccs\tools\compiler\ti-cgt-armllvm_2.1.2.LTS\lib\armv7em-ti-none-eabihf\c\</path>
         <kind>archive</kind>
         <file>libc.a</file>
         <name>copy_zero_init.c.obj</name>
      </input_file>
      <input_file id="fl-61">
         <path>C:\ti\ccs1220\ccs\tools\compiler\ti-cgt-armllvm_2.1.2.LTS\lib\armv7em-ti-none-eabihf\c\</path>
         <kind>archive</kind>
         <file>libc.a</file>
         <name>copy_decompress_none.c.obj</name>
      </input_file>
      <input_file id="fl-62">
         <path>C:\ti\ccs1220\ccs\tools\compiler\ti-cgt-armllvm_2.1.2.LTS\lib\armv7em-ti-none-eabihf\c\</path>
         <kind>archive</kind>
         <file>libc.a</file>
         <name>copy_decompress_lzss.c.obj</name>
      </input_file>
      <input_file id="fl-63">
         <path>C:\ti\ccs1220\ccs\tools\compiler\ti-cgt-armllvm_2.1.2.LTS\lib\armv7em-ti-none-eabihf\c\</path>
         <kind>archive</kind>
         <file>libc.a</file>
         <name>sprintf.c.obj</name>
      </input_file>
      <input_file id="fl-64">
         <path>C:\ti\ccs1220\ccs\tools\compiler\ti-cgt-armllvm_2.1.2.LTS\lib\armv7em-ti-none-eabihf\c\</path>
         <kind>archive</kind>
         <file>libc.a</file>
         <name>fflush.c.obj</name>
      </input_file>
      <input_file id="fl-65">
         <path>C:\ti\ccs1220\ccs\tools\compiler\ti-cgt-armllvm_2.1.2.LTS\lib\armv7em-ti-none-eabihf\c\</path>
         <kind>archive</kind>
         <file>libc.a</file>
         <name>fputs.c.obj</name>
      </input_file>
      <input_file id="fl-66">
         <path>C:\ti\ccs1220\ccs\tools\compiler\ti-cgt-armllvm_2.1.2.LTS\lib\armv7em-ti-none-eabihf\c\</path>
         <kind>archive</kind>
         <file>libc.a</file>
         <name>_io_perm.c.obj</name>
      </input_file>
      <input_file id="fl-67">
         <path>C:\ti\ccs1220\ccs\tools\compiler\ti-cgt-armllvm_2.1.2.LTS\lib\armv7em-ti-none-eabihf\c\</path>
         <kind>archive</kind>
         <file>libc.a</file>
         <name>setvbuf.c.obj</name>
      </input_file>
      <input_file id="fl-68">
         <path>C:\ti\ccs1220\ccs\tools\compiler\ti-cgt-armllvm_2.1.2.LTS\lib\armv7em-ti-none-eabihf\c\</path>
         <kind>archive</kind>
         <file>libc.a</file>
         <name>_printfi.c.obj</name>
      </input_file>
      <input_file id="fl-69">
         <path>C:\ti\ccs1220\ccs\tools\compiler\ti-cgt-armllvm_2.1.2.LTS\lib\armv7em-ti-none-eabihf\c\</path>
         <kind>archive</kind>
         <file>libc.a</file>
         <name>fopen.c.obj</name>
      </input_file>
      <input_file id="fl-6a">
         <path>C:\ti\ccs1220\ccs\tools\compiler\ti-cgt-armllvm_2.1.2.LTS\lib\armv7em-ti-none-eabihf\c\</path>
         <kind>archive</kind>
         <file>libc.a</file>
         <name>fseek.c.obj</name>
      </input_file>
      <input_file id="fl-6b">
         <path>C:\ti\ccs1220\ccs\tools\compiler\ti-cgt-armllvm_2.1.2.LTS\lib\armv7em-ti-none-eabihf\c\</path>
         <kind>archive</kind>
         <file>libc.a</file>
         <name>wcslen.c.obj</name>
      </input_file>
      <input_file id="fl-6c">
         <path>C:\ti\ccs1220\ccs\tools\compiler\ti-cgt-armllvm_2.1.2.LTS\lib\armv7em-ti-none-eabihf\c\</path>
         <kind>archive</kind>
         <file>libc.a</file>
         <name>_ltoa.c.obj</name>
      </input_file>
      <input_file id="fl-6d">
         <path>C:\ti\ccs1220\ccs\tools\compiler\ti-cgt-armllvm_2.1.2.LTS\lib\armv7em-ti-none-eabihf\c\</path>
         <kind>archive</kind>
         <file>libc.a</file>
         <name>atoi.c.obj</name>
      </input_file>
      <input_file id="fl-6e">
         <path>C:\ti\ccs1220\ccs\tools\compiler\ti-cgt-armllvm_2.1.2.LTS\lib\armv7em-ti-none-eabihf\c\</path>
         <kind>archive</kind>
         <file>libc.a</file>
         <name>memccpy.c.obj</name>
      </input_file>
      <input_file id="fl-6f">
         <path>C:\ti\ccs1220\ccs\tools\compiler\ti-cgt-armllvm_2.1.2.LTS\lib\armv7em-ti-none-eabihf\c\</path>
         <kind>archive</kind>
         <file>libc.a</file>
         <name>s_frexp.c.obj</name>
      </input_file>
      <input_file id="fl-70">
         <path>C:\ti\ccs1220\ccs\tools\compiler\ti-cgt-armllvm_2.1.2.LTS\lib\armv7em-ti-none-eabihf\c\</path>
         <kind>archive</kind>
         <file>libc.a</file>
         <name>s_scalbn.c.obj</name>
      </input_file>
      <input_file id="fl-71">
         <path>C:\ti\ccs1220\ccs\tools\compiler\ti-cgt-armllvm_2.1.2.LTS\lib\armv7em-ti-none-eabihf\c\</path>
         <kind>archive</kind>
         <file>libc.a</file>
         <name>fclose.c.obj</name>
      </input_file>
      <input_file id="fl-72">
         <path>C:\ti\ccs1220\ccs\tools\compiler\ti-cgt-armllvm_2.1.2.LTS\lib\armv7em-ti-none-eabihf\c\</path>
         <kind>archive</kind>
         <file>libc.a</file>
         <name>aeabi_ctype.S.obj</name>
      </input_file>
      <input_file id="fl-ab">
         <path>C:\ti\ccs1220\ccs\tools\compiler\ti-cgt-armllvm_2.1.2.LTS\lib\armv7em-ti-none-eabihf\c\</path>
         <kind>archive</kind>
         <file>libsysbm.a</file>
         <name>write.c.obj</name>
      </input_file>
      <input_file id="fl-ac">
         <path>C:\ti\ccs1220\ccs\tools\compiler\ti-cgt-armllvm_2.1.2.LTS\lib\armv7em-ti-none-eabihf\c\</path>
         <kind>archive</kind>
         <file>libsysbm.a</file>
         <name>host_device.c.obj</name>
      </input_file>
      <input_file id="fl-ad">
         <path>C:\ti\ccs1220\ccs\tools\compiler\ti-cgt-armllvm_2.1.2.LTS\lib\armv7em-ti-none-eabihf\c\</path>
         <kind>archive</kind>
         <file>libsysbm.a</file>
         <name>remove.c.obj</name>
      </input_file>
      <input_file id="fl-ae">
         <path>C:\ti\ccs1220\ccs\tools\compiler\ti-cgt-armllvm_2.1.2.LTS\lib\armv7em-ti-none-eabihf\c\</path>
         <kind>archive</kind>
         <file>libsysbm.a</file>
         <name>open.c.obj</name>
      </input_file>
      <input_file id="fl-af">
         <path>C:\ti\ccs1220\ccs\tools\compiler\ti-cgt-armllvm_2.1.2.LTS\lib\armv7em-ti-none-eabihf\c\</path>
         <kind>archive</kind>
         <file>libsysbm.a</file>
         <name>lseek.c.obj</name>
      </input_file>
      <input_file id="fl-b0">
         <path>C:\ti\ccs1220\ccs\tools\compiler\ti-cgt-armllvm_2.1.2.LTS\lib\armv7em-ti-none-eabihf\c\</path>
         <kind>archive</kind>
         <file>libsysbm.a</file>
         <name>close.c.obj</name>
      </input_file>
      <input_file id="fl-b1">
         <path>C:\ti\ccs1220\ccs\tools\compiler\ti-cgt-armllvm_2.1.2.LTS\lib\armv7em-ti-none-eabihf\c\</path>
         <kind>archive</kind>
         <file>libsysbm.a</file>
         <name>unlink.c.obj</name>
      </input_file>
      <input_file id="fl-b2">
         <path>C:\ti\ccs1220\ccs\tools\compiler\ti-cgt-armllvm_2.1.2.LTS\lib\armv7em-ti-none-eabihf\c\</path>
         <kind>archive</kind>
         <file>libsysbm.a</file>
         <name>hostclose.c.obj</name>
      </input_file>
      <input_file id="fl-b3">
         <path>C:\ti\ccs1220\ccs\tools\compiler\ti-cgt-armllvm_2.1.2.LTS\lib\armv7em-ti-none-eabihf\c\</path>
         <kind>archive</kind>
         <file>libsysbm.a</file>
         <name>hostlseek.c.obj</name>
      </input_file>
      <input_file id="fl-b4">
         <path>C:\ti\ccs1220\ccs\tools\compiler\ti-cgt-armllvm_2.1.2.LTS\lib\armv7em-ti-none-eabihf\c\</path>
         <kind>archive</kind>
         <file>libsysbm.a</file>
         <name>hostopen.c.obj</name>
      </input_file>
      <input_file id="fl-b5">
         <path>C:\ti\ccs1220\ccs\tools\compiler\ti-cgt-armllvm_2.1.2.LTS\lib\armv7em-ti-none-eabihf\c\</path>
         <kind>archive</kind>
         <file>libsysbm.a</file>
         <name>hostread.c.obj</name>
      </input_file>
      <input_file id="fl-b6">
         <path>C:\ti\ccs1220\ccs\tools\compiler\ti-cgt-armllvm_2.1.2.LTS\lib\armv7em-ti-none-eabihf\c\</path>
         <kind>archive</kind>
         <file>libsysbm.a</file>
         <name>hostrename.c.obj</name>
      </input_file>
      <input_file id="fl-b7">
         <path>C:\ti\ccs1220\ccs\tools\compiler\ti-cgt-armllvm_2.1.2.LTS\lib\armv7em-ti-none-eabihf\c\</path>
         <kind>archive</kind>
         <file>libsysbm.a</file>
         <name>hostunlink.c.obj</name>
      </input_file>
      <input_file id="fl-b8">
         <path>C:\ti\ccs1220\ccs\tools\compiler\ti-cgt-armllvm_2.1.2.LTS\lib\armv7em-ti-none-eabihf\c\</path>
         <kind>archive</kind>
         <file>libsysbm.a</file>
         <name>hostwrite.c.obj</name>
      </input_file>
      <input_file id="fl-b9">
         <path>C:\ti\ccs1220\ccs\tools\compiler\ti-cgt-armllvm_2.1.2.LTS\lib\armv7em-ti-none-eabihf\c\</path>
         <kind>archive</kind>
         <file>libsysbm.a</file>
         <name>trgmsg.c.obj</name>
      </input_file>
      <input_file id="fl-ba">
         <path>C:\ti\ccs1220\ccs\tools\compiler\ti-cgt-armllvm_2.1.2.LTS\lib\clang\14.0.6\lib\armv7em-ti-none-eabihf\</path>
         <kind>archive</kind>
         <file>libclang_rt.builtins.a</file>
         <name>adddf3.S.obj</name>
      </input_file>
      <input_file id="fl-bb">
         <path>C:\ti\ccs1220\ccs\tools\compiler\ti-cgt-armllvm_2.1.2.LTS\lib\clang\14.0.6\lib\armv7em-ti-none-eabihf\</path>
         <kind>archive</kind>
         <file>libclang_rt.builtins.a</file>
         <name>muldf3.S.obj</name>
      </input_file>
      <input_file id="fl-bc">
         <path>C:\ti\ccs1220\ccs\tools\compiler\ti-cgt-armllvm_2.1.2.LTS\lib\clang\14.0.6\lib\armv7em-ti-none-eabihf\</path>
         <kind>archive</kind>
         <file>libclang_rt.builtins.a</file>
         <name>divdf3.S.obj</name>
      </input_file>
      <input_file id="fl-bd">
         <path>C:\ti\ccs1220\ccs\tools\compiler\ti-cgt-armllvm_2.1.2.LTS\lib\clang\14.0.6\lib\armv7em-ti-none-eabihf\</path>
         <kind>archive</kind>
         <file>libclang_rt.builtins.a</file>
         <name>extendsfdf2.S.obj</name>
      </input_file>
      <input_file id="fl-be">
         <path>C:\ti\ccs1220\ccs\tools\compiler\ti-cgt-armllvm_2.1.2.LTS\lib\clang\14.0.6\lib\armv7em-ti-none-eabihf\</path>
         <kind>archive</kind>
         <file>libclang_rt.builtins.a</file>
         <name>fixdfsi.S.obj</name>
      </input_file>
      <input_file id="fl-bf">
         <path>C:\ti\ccs1220\ccs\tools\compiler\ti-cgt-armllvm_2.1.2.LTS\lib\clang\14.0.6\lib\armv7em-ti-none-eabihf\</path>
         <kind>archive</kind>
         <file>libclang_rt.builtins.a</file>
         <name>fixunsdfsi.S.obj</name>
      </input_file>
      <input_file id="fl-c0">
         <path>C:\ti\ccs1220\ccs\tools\compiler\ti-cgt-armllvm_2.1.2.LTS\lib\clang\14.0.6\lib\armv7em-ti-none-eabihf\</path>
         <kind>archive</kind>
         <file>libclang_rt.builtins.a</file>
         <name>floatsidf.S.obj</name>
      </input_file>
      <input_file id="fl-c1">
         <path>C:\ti\ccs1220\ccs\tools\compiler\ti-cgt-armllvm_2.1.2.LTS\lib\clang\14.0.6\lib\armv7em-ti-none-eabihf\</path>
         <kind>archive</kind>
         <file>libclang_rt.builtins.a</file>
         <name>aeabi_dcmp.S.obj</name>
      </input_file>
      <input_file id="fl-c2">
         <path>C:\ti\ccs1220\ccs\tools\compiler\ti-cgt-armllvm_2.1.2.LTS\lib\clang\14.0.6\lib\armv7em-ti-none-eabihf\</path>
         <kind>archive</kind>
         <file>libclang_rt.builtins.a</file>
         <name>aeabi_ldivmod.S.obj</name>
      </input_file>
      <input_file id="fl-c3">
         <path>C:\ti\ccs1220\ccs\tools\compiler\ti-cgt-armllvm_2.1.2.LTS\lib\clang\14.0.6\lib\armv7em-ti-none-eabihf\</path>
         <kind>archive</kind>
         <file>libclang_rt.builtins.a</file>
         <name>aeabi_memcpy.S.obj</name>
      </input_file>
      <input_file id="fl-c4">
         <path>C:\ti\ccs1220\ccs\tools\compiler\ti-cgt-armllvm_2.1.2.LTS\lib\clang\14.0.6\lib\armv7em-ti-none-eabihf\</path>
         <kind>archive</kind>
         <file>libclang_rt.builtins.a</file>
         <name>aeabi_memset.S.obj</name>
      </input_file>
      <input_file id="fl-c5">
         <path>C:\ti\ccs1220\ccs\tools\compiler\ti-cgt-armllvm_2.1.2.LTS\lib\clang\14.0.6\lib\armv7em-ti-none-eabihf\</path>
         <kind>archive</kind>
         <file>libclang_rt.builtins.a</file>
         <name>aeabi_uldivmod.S.obj</name>
      </input_file>
      <input_file id="fl-c6">
         <path>C:\ti\ccs1220\ccs\tools\compiler\ti-cgt-armllvm_2.1.2.LTS\lib\clang\14.0.6\lib\armv7em-ti-none-eabihf\</path>
         <kind>archive</kind>
         <file>libclang_rt.builtins.a</file>
         <name>udivmoddi4.S.obj</name>
      </input_file>
      <input_file id="fl-c7">
         <path>C:\ti\ccs1220\ccs\tools\compiler\ti-cgt-armllvm_2.1.2.LTS\lib\clang\14.0.6\lib\armv7em-ti-none-eabihf\</path>
         <kind>archive</kind>
         <file>libclang_rt.builtins.a</file>
         <name>comparedf2.c.obj</name>
      </input_file>
      <input_file id="fl-c8">
         <path>C:\ti\ccs1220\ccs\tools\compiler\ti-cgt-armllvm_2.1.2.LTS\lib\clang\14.0.6\lib\armv7em-ti-none-eabihf\</path>
         <kind>archive</kind>
         <file>libclang_rt.builtins.a</file>
         <name>divmoddi4.c.obj</name>
      </input_file>
      <input_file id="fl-c9">
         <path>C:\ti\ccs1220\ccs\tools\compiler\ti-cgt-armllvm_2.1.2.LTS\lib\clang\14.0.6\lib\armv7em-ti-none-eabihf\</path>
         <kind>archive</kind>
         <file>libclang_rt.builtins.a</file>
         <name>aeabi_div0.c.obj</name>
      </input_file>
      <input_file id="fl-ca">
         <path>C:\ti\ccs1220\ccs\tools\compiler\ti-cgt-armllvm_2.1.2.LTS\lib\armv7em-ti-none-eabihf\c\</path>
         <kind>archive</kind>
         <file>libc.a</file>
         <name>getdevice.c.obj</name>
      </input_file>
      <input_file id="fl-cb">
         <path>C:\ti\ccs1220\ccs\tools\compiler\ti-cgt-armllvm_2.1.2.LTS\lib\armv7em-ti-none-eabihf\c\</path>
         <kind>archive</kind>
         <file>libc.a</file>
         <name>memcpy_t2.S.obj</name>
      </input_file>
      <input_file id="fl-cc">
         <path>C:\ti\ccs1220\ccs\tools\compiler\ti-cgt-armllvm_2.1.2.LTS\lib\armv7em-ti-none-eabihf\c\</path>
         <kind>archive</kind>
         <file>libc.a</file>
         <name>memset_t2.S.obj</name>
      </input_file>
   </input_file_list>
   <object_component_list>
      <object_component id="oc-452">
         <name>.text.RF_fsmActiveState</name>
         <load_address>0x3c</load_address>
         <run_address>0x3c</run_address>
         <size>0x498</size>
         <input_file_ref idref="fl-2e"/>
      </object_component>
      <object_component id="oc-184">
         <name>.text.NVOCMP_initNvApi</name>
         <load_address>0x4d4</load_address>
         <run_address>0x4d4</run_address>
         <size>0x2a8</size>
         <input_file_ref idref="fl-9"/>
      </object_component>
      <object_component id="oc-230">
         <name>.text.NVOCMP_compactPage</name>
         <load_address>0x77c</load_address>
         <run_address>0x77c</run_address>
         <size>0x2a0</size>
         <input_file_ref idref="fl-9"/>
      </object_component>
      <object_component id="oc-371">
         <name>.text.RF_open</name>
         <load_address>0xa1c</load_address>
         <run_address>0xa1c</run_address>
         <size>0x29c</size>
         <input_file_ref idref="fl-2e"/>
      </object_component>
      <object_component id="oc-11b">
         <name>.text.MicroCmApp_taskFxn</name>
         <load_address>0xcb8</load_address>
         <run_address>0xcb8</run_address>
         <size>0x274</size>
         <input_file_ref idref="fl-6"/>
      </object_component>
      <object_component id="oc-229">
         <name>.text.NVOCMP_addItem</name>
         <load_address>0xf2c</load_address>
         <run_address>0xf2c</run_address>
         <size>0x24c</size>
         <input_file_ref idref="fl-9"/>
      </object_component>
      <object_component id="oc-422">
         <name>.text.UART2CC26X2_hwiIntFxn</name>
         <load_address>0x1178</load_address>
         <run_address>0x1178</run_address>
         <size>0x1f0</size>
         <input_file_ref idref="fl-3b"/>
      </object_component>
      <object_component id="oc-32f">
         <name>.text.RTLSCtrl_processHostMessage</name>
         <load_address>0x1368</load_address>
         <run_address>0x1368</run_address>
         <size>0x1ec</size>
         <input_file_ref idref="fl-11"/>
      </object_component>
      <object_component id="oc-40d">
         <name>.text.RF_scheduleCmd</name>
         <load_address>0x1554</load_address>
         <run_address>0x1554</run_address>
         <size>0x1e8</size>
         <input_file_ref idref="fl-2e"/>
      </object_component>
      <object_component id="oc-426">
         <name>.text.UART2_readTimeout</name>
         <load_address>0x173c</load_address>
         <run_address>0x173c</run_address>
         <size>0x1e2</size>
         <input_file_ref idref="fl-3a"/>
      </object_component>
      <object_component id="oc-2a9">
         <name>.text.BIOS_nullFunc</name>
         <load_address>0x191e</load_address>
         <run_address>0x191e</run_address>
         <size>0x2</size>
         <input_file_ref idref="fl-4"/>
      </object_component>
      <object_component id="oc-451">
         <name>.text.RF_dispatchNextCmd</name>
         <load_address>0x1920</load_address>
         <run_address>0x1920</run_address>
         <size>0x1dc</size>
         <input_file_ref idref="fl-2e"/>
      </object_component>
      <object_component id="oc-16d">
         <name>.text.PowerCC26X2_auxISR</name>
         <load_address>0x1afc</load_address>
         <run_address>0x1afc</run_address>
         <size>0x194</size>
         <input_file_ref idref="fl-38"/>
      </object_component>
      <object_component id="oc-385">
         <name>.text.UART2_open</name>
         <load_address>0x1c90</load_address>
         <run_address>0x1c90</run_address>
         <size>0x17c</size>
         <input_file_ref idref="fl-3b"/>
      </object_component>
      <object_component id="oc-4c3">
         <name>.text.UART2_writeTimeoutBlocking</name>
         <load_address>0x1e0c</load_address>
         <run_address>0x1e0c</run_address>
         <size>0x174</size>
         <input_file_ref idref="fl-3a"/>
      </object_component>
      <object_component id="oc-28e">
         <name>.text.NPITask_Fxn</name>
         <load_address>0x1f80</load_address>
         <run_address>0x1f80</run_address>
         <size>0x160</size>
         <input_file_ref idref="fl-e"/>
      </object_component>
      <object_component id="oc-308">
         <name>.text.monitor_completeCB</name>
         <load_address>0x20e0</load_address>
         <run_address>0x20e0</run_address>
         <size>0x160</size>
         <input_file_ref idref="fl-5"/>
      </object_component>
      <object_component id="oc-2c3">
         <name>.text.Power_sleep</name>
         <load_address>0x2240</load_address>
         <run_address>0x2240</run_address>
         <size>0x158</size>
         <input_file_ref idref="fl-37"/>
      </object_component>
      <object_component id="oc-252">
         <name>.text.ubCM_InitCmSession</name>
         <load_address>0x2398</load_address>
         <run_address>0x2398</run_address>
         <size>0x150</size>
         <input_file_ref idref="fl-5"/>
      </object_component>
      <object_component id="oc-459">
         <name>.text.RF_radioOpDoneCb</name>
         <load_address>0x24e8</load_address>
         <run_address>0x24e8</run_address>
         <size>0x148</size>
         <input_file_ref idref="fl-2e"/>
      </object_component>
      <object_component id="oc-409">
         <name>.text.ubCM_selectConn</name>
         <load_address>0x2630</load_address>
         <run_address>0x2630</run_address>
         <size>0x144</size>
         <input_file_ref idref="fl-5"/>
      </object_component>
      <object_component id="oc-45b">
         <name>.text.RF_fsmSetupState</name>
         <load_address>0x2774</load_address>
         <run_address>0x2774</run_address>
         <size>0x12c</size>
         <input_file_ref idref="fl-2e"/>
      </object_component>
      <object_component id="oc-382">
         <name>.text.ubCM_findNextPriorityEvt</name>
         <load_address>0x28a0</load_address>
         <run_address>0x28a0</run_address>
         <size>0x12c</size>
         <input_file_ref idref="fl-5"/>
      </object_component>
      <object_component id="oc-491">
         <name>.text.RF_abortCmd</name>
         <load_address>0x29cc</load_address>
         <run_address>0x29cc</run_address>
         <size>0x124</size>
         <input_file_ref idref="fl-2e"/>
      </object_component>
      <object_component id="oc-22d">
         <name>.text.NVOCMP_findItem</name>
         <load_address>0x2af0</load_address>
         <run_address>0x2af0</run_address>
         <size>0x120</size>
         <input_file_ref idref="fl-9"/>
      </object_component>
      <object_component id="oc-2b3">
         <name>.text.ti_sysbios_family_arm_cc26xx_Timer_construct</name>
         <load_address>0x2c10</load_address>
         <run_address>0x2c10</run_address>
         <size>0x120</size>
         <input_file_ref idref="fl-4"/>
      </object_component>
      <object_component id="oc-66">
         <name>.text.ti_sysbios_family_arm_m3_Hwi_dispatch</name>
         <load_address>0x2d30</load_address>
         <run_address>0x2d30</run_address>
         <size>0x11c</size>
         <input_file_ref idref="fl-42"/>
      </object_component>
      <object_component id="oc-4c2">
         <name>.text.UART2_writeTimeoutNonblocking</name>
         <load_address>0x2e4c</load_address>
         <run_address>0x2e4c</run_address>
         <size>0x11a</size>
         <input_file_ref idref="fl-3a"/>
      </object_component>
      <object_component id="oc-4ba">
         <name>.text.NOROM_RFCCpePatchReset</name>
         <load_address>0x2f66</load_address>
         <run_address>0x2f66</run_address>
         <size>0x2</size>
         <input_file_ref idref="fl-2f"/>
      </object_component>
      <object_component id="oc-f0">
         <name>.text.Power_init</name>
         <load_address>0x2f68</load_address>
         <run_address>0x2f68</run_address>
         <size>0x118</size>
         <input_file_ref idref="fl-37"/>
      </object_component>
      <object_component id="oc-3d8">
         <name>.text.RF_decodeOverridePointers</name>
         <load_address>0x3080</load_address>
         <run_address>0x3080</run_address>
         <size>0x118</size>
         <input_file_ref idref="fl-2e"/>
      </object_component>
      <object_component id="oc-307">
         <name>.text.monitor_indicationCB</name>
         <load_address>0x3198</load_address>
         <run_address>0x3198</run_address>
         <size>0x118</size>
         <input_file_ref idref="fl-5"/>
      </object_component>
      <object_component id="oc-38d">
         <name>.text.NPITLUART_readCallBack</name>
         <load_address>0x32b0</load_address>
         <run_address>0x32b0</run_address>
         <size>0x10c</size>
         <input_file_ref idref="fl-c"/>
      </object_component>
      <object_component id="oc-218">
         <name>.text.PowerCC26X2_calibrate</name>
         <load_address>0x33bc</load_address>
         <run_address>0x33bc</run_address>
         <size>0x10c</size>
         <input_file_ref idref="fl-38"/>
      </object_component>
      <object_component id="oc-3c6">
         <name>.text.NVSCC26XX_write</name>
         <load_address>0x34c8</load_address>
         <run_address>0x34c8</run_address>
         <size>0x108</size>
         <input_file_ref idref="fl-36"/>
      </object_component>
      <object_component id="oc-3f5">
         <name>.text.RF_fsmPowerUpState</name>
         <load_address>0x35d0</load_address>
         <run_address>0x35d0</run_address>
         <size>0x108</size>
         <input_file_ref idref="fl-2e"/>
      </object_component>
      <object_component id="oc-aa">
         <name>.text.GPIO_init</name>
         <load_address>0x36d8</load_address>
         <run_address>0x36d8</run_address>
         <size>0x104</size>
         <input_file_ref idref="fl-3c"/>
      </object_component>
      <object_component id="oc-41d">
         <name>.text.UART2CC26X2_initHw</name>
         <load_address>0x37dc</load_address>
         <run_address>0x37dc</run_address>
         <size>0x104</size>
         <input_file_ref idref="fl-3b"/>
      </object_component>
      <object_component id="oc-384">
         <name>.text.ull_monitorSchedule</name>
         <load_address>0x38e0</load_address>
         <run_address>0x38e0</run_address>
         <size>0x104</size>
         <input_file_ref idref="fl-18"/>
      </object_component>
      <object_component id="oc-407">
         <name>.text.ubCM_setupNextCMEvent</name>
         <load_address>0x39e4</load_address>
         <run_address>0x39e4</run_address>
         <size>0x100</size>
         <input_file_ref idref="fl-5"/>
      </object_component>
      <object_component id="oc-453">
         <name>.text.RF_hwiCpe0Active</name>
         <load_address>0x3ae4</load_address>
         <run_address>0x3ae4</run_address>
         <size>0xfc</size>
         <input_file_ref idref="fl-2e"/>
      </object_component>
      <object_component id="oc-3b3">
         <name>.text.NOROM_SysCtrlStandby</name>
         <load_address>0x3be0</load_address>
         <run_address>0x3be0</run_address>
         <size>0xf4</size>
         <input_file_ref idref="fl-49"/>
      </object_component>
      <object_component id="oc-479">
         <name>.text.UART2Support_dmaStartRx</name>
         <load_address>0x3cd4</load_address>
         <run_address>0x3cd4</run_address>
         <size>0xf0</size>
         <input_file_ref idref="fl-3b"/>
      </object_component>
      <object_component id="oc-1c2">
         <name>.text.NPITask_open</name>
         <load_address>0x3dc4</load_address>
         <run_address>0x3dc4</run_address>
         <size>0xe8</size>
         <input_file_ref idref="fl-e"/>
      </object_component>
      <object_component id="oc-6f">
         <name>.text.NOROM_SetupTrimDevice</name>
         <load_address>0x3eac</load_address>
         <run_address>0x3eac</run_address>
         <size>0xe4</size>
         <input_file_ref idref="fl-46"/>
      </object_component>
      <object_component id="oc-322">
         <name>.text.ti_sysbios_knl_Semaphore_pend</name>
         <load_address>0x3f90</load_address>
         <run_address>0x3f90</run_address>
         <size>0xe4</size>
         <input_file_ref idref="fl-4"/>
      </object_component>
      <object_component id="oc-192">
         <name>.text.ti_sysbios_knl_Event_pend</name>
         <load_address>0x4074</load_address>
         <run_address>0x4074</run_address>
         <size>0xe0</size>
         <input_file_ref idref="fl-4"/>
      </object_component>
      <object_component id="oc-3cc">
         <name>.text.RF_control</name>
         <load_address>0x4154</load_address>
         <run_address>0x4154</run_address>
         <size>0xdc</size>
         <input_file_ref idref="fl-2e"/>
      </object_component>
      <object_component id="oc-140">
         <name>.text.ti_sysbios_family_arm_m3_Hwi_excFillContext</name>
         <load_address>0x4230</load_address>
         <run_address>0x4230</run_address>
         <size>0xd8</size>
         <input_file_ref idref="fl-4"/>
      </object_component>
      <object_component id="oc-321">
         <name>.text.NPITask_transportDoneCallBack</name>
         <load_address>0x4308</load_address>
         <run_address>0x4308</run_address>
         <size>0xd4</size>
         <input_file_ref idref="fl-e"/>
      </object_component>
      <object_component id="oc-82">
         <name>.text.main</name>
         <load_address>0x43dc</load_address>
         <run_address>0x43dc</run_address>
         <size>0xd4</size>
         <input_file_ref idref="fl-13"/>
      </object_component>
      <object_component id="oc-17e">
         <name>.text.configureXOSCHF</name>
         <load_address>0x44b0</load_address>
         <run_address>0x44b0</run_address>
         <size>0xd0</size>
         <input_file_ref idref="fl-37"/>
      </object_component>
      <object_component id="oc-1f7">
         <name>.text.ti_sysbios_knl_Clock_workFuncDynamic</name>
         <load_address>0x4580</load_address>
         <run_address>0x4580</run_address>
         <size>0xcc</size>
         <input_file_ref idref="fl-4"/>
      </object_component>
      <object_component id="oc-49b">
         <name>.text.RF_updatePaConfiguration</name>
         <load_address>0x464c</load_address>
         <run_address>0x464c</run_address>
         <size>0xca</size>
         <input_file_ref idref="fl-2e"/>
      </object_component>
      <object_component id="oc-a0">
         <name>.text.TrimAfterColdResetWakeupFromShutDown</name>
         <load_address>0x4716</load_address>
         <run_address>0x4716</run_address>
         <size>0xc4</size>
         <input_file_ref idref="fl-46"/>
      </object_component>
      <object_component id="oc-3f6">
         <name>.text.RF_defaultCallback</name>
         <load_address>0x47da</load_address>
         <run_address>0x47da</run_address>
         <size>0x2</size>
         <input_file_ref idref="fl-2e"/>
      </object_component>
      <object_component id="oc-1cf">
         <name>.text.RTLSCtrl_taskFxn</name>
         <load_address>0x47dc</load_address>
         <run_address>0x47dc</run_address>
         <size>0xc0</size>
         <input_file_ref idref="fl-11"/>
      </object_component>
      <object_component id="oc-36a">
         <name>.text.uble_setParameter</name>
         <load_address>0x489c</load_address>
         <run_address>0x489c</run_address>
         <size>0xc0</size>
         <input_file_ref idref="fl-16"/>
      </object_component>
      <object_component id="oc-3eb">
         <name>.text.RF_swiHw</name>
         <load_address>0x495c</load_address>
         <run_address>0x495c</run_address>
         <size>0xbc</size>
         <input_file_ref idref="fl-2e"/>
      </object_component>
      <object_component id="oc-47b">
         <name>.text.UART2Support_dmaStartTx</name>
         <load_address>0x4a18</load_address>
         <run_address>0x4a18</run_address>
         <size>0xbc</size>
         <input_file_ref idref="fl-3b"/>
      </object_component>
      <object_component id="oc-191">
         <name>.text.ti_sysbios_knl_Task_Instance_finalize</name>
         <load_address>0x4ad4</load_address>
         <run_address>0x4ad4</run_address>
         <size>0xb8</size>
         <input_file_ref idref="fl-4"/>
      </object_component>
      <object_component id="oc-358">
         <name>.text.NOROM_OSCHF_AttemptToSwitchToXosc</name>
         <load_address>0x4b8c</load_address>
         <run_address>0x4b8c</run_address>
         <size>0xb4</size>
         <input_file_ref idref="fl-4b"/>
      </object_component>
      <object_component id="oc-201">
         <name>.text.PowerCC26XX_standbyPolicy</name>
         <load_address>0x4c40</load_address>
         <run_address>0x4c40</run_address>
         <size>0xb4</size>
         <input_file_ref idref="fl-4"/>
      </object_component>
      <object_component id="oc-2ce">
         <name>.text.Power_releaseDependency</name>
         <load_address>0x4cf4</load_address>
         <run_address>0x4cf4</run_address>
         <size>0xb4</size>
         <input_file_ref idref="fl-37"/>
      </object_component>
      <object_component id="oc-136">
         <name>.text.ti_sysbios_knl_Task_setPri</name>
         <load_address>0x4da8</load_address>
         <run_address>0x4da8</run_address>
         <size>0xb4</size>
         <input_file_ref idref="fl-4"/>
      </object_component>
      <object_component id="oc-f1">
         <name>.text.Power_setDependency</name>
         <load_address>0x4e5c</load_address>
         <run_address>0x4e5c</run_address>
         <size>0xb0</size>
         <input_file_ref idref="fl-37"/>
      </object_component>
      <object_component id="oc-2b6">
         <name>.text</name>
         <load_address>0x4f0c</load_address>
         <run_address>0x4f0c</run_address>
         <size>0xb0</size>
         <input_file_ref idref="fl-c6"/>
      </object_component>
      <object_component id="oc-19f">
         <name>.text.ubCM_startNewSession</name>
         <load_address>0x4fbc</load_address>
         <run_address>0x4fbc</run_address>
         <size>0xa8</size>
         <input_file_ref idref="fl-5"/>
      </object_component>
      <object_component id="oc-495">
         <name>.text.RF_initRadioSetup</name>
         <load_address>0x5064</load_address>
         <run_address>0x5064</run_address>
         <size>0xa4</size>
         <input_file_ref idref="fl-2e"/>
      </object_component>
      <object_component id="oc-190">
         <name>.text.ti_sysbios_knl_Task_Instance_init</name>
         <load_address>0x5108</load_address>
         <run_address>0x5108</run_address>
         <size>0xa4</size>
         <input_file_ref idref="fl-4"/>
      </object_component>
      <object_component id="oc-497">
         <name>.text.RF_calculateDispatchTime</name>
         <load_address>0x51ac</load_address>
         <run_address>0x51ac</run_address>
         <size>0xa0</size>
         <input_file_ref idref="fl-2e"/>
      </object_component>
      <object_component id="oc-120">
         <name>.text.ubStack_taskFxn</name>
         <load_address>0x524c</load_address>
         <run_address>0x524c</run_address>
         <size>0xa0</size>
         <input_file_ref idref="fl-6"/>
      </object_component>
      <object_component id="oc-23e">
         <name>.text.NVOCMP_erase</name>
         <load_address>0x52ec</load_address>
         <run_address>0x52ec</run_address>
         <size>0x98</size>
         <input_file_ref idref="fl-9"/>
      </object_component>
      <object_component id="oc-4a5">
         <name>.text.RF_defaultSubmitPolicy</name>
         <load_address>0x5384</load_address>
         <run_address>0x5384</run_address>
         <size>0x98</size>
         <input_file_ref idref="fl-2e"/>
      </object_component>
      <object_component id="oc-4bf">
         <name>.text.RF_verifyGap</name>
         <load_address>0x541c</load_address>
         <run_address>0x541c</run_address>
         <size>0x96</size>
         <input_file_ref idref="fl-2e"/>
      </object_component>
      <object_component id="oc-420">
         <name>.text.UART2CC26X2_eventCallback</name>
         <load_address>0x54b2</load_address>
         <run_address>0x54b2</run_address>
         <size>0x2</size>
         <input_file_ref idref="fl-3b"/>
      </object_component>
      <object_component id="oc-450">
         <name>.text.RF_ratRestartChannels</name>
         <load_address>0x54b4</load_address>
         <run_address>0x54b4</run_address>
         <size>0x94</size>
         <input_file_ref idref="fl-2e"/>
      </object_component>
      <object_component id="oc-1d2">
         <name>.text.ti_sysbios_knl_Clock_startI</name>
         <load_address>0x5548</load_address>
         <run_address>0x5548</run_address>
         <size>0x94</size>
         <input_file_ref idref="fl-4"/>
      </object_component>
      <object_component id="oc-134">
         <name>.text.ti_sysbios_knl_Task_sleep</name>
         <load_address>0x55dc</load_address>
         <run_address>0x55dc</run_address>
         <size>0x94</size>
         <input_file_ref idref="fl-4"/>
      </object_component>
      <object_component id="oc-325">
         <name>.text.NPITask_ProcessTXQ</name>
         <load_address>0x5670</load_address>
         <run_address>0x5670</run_address>
         <size>0x8c</size>
         <input_file_ref idref="fl-e"/>
      </object_component>
      <object_component id="oc-151">
         <name>.text.ti_sysbios_knl_Clock_init</name>
         <load_address>0x56fc</load_address>
         <run_address>0x56fc</run_address>
         <size>0x8c</size>
         <input_file_ref idref="fl-4"/>
      </object_component>
      <object_component id="oc-48d">
         <name>.text.RF_cmdDispatchTime</name>
         <load_address>0x5788</load_address>
         <run_address>0x5788</run_address>
         <size>0x88</size>
         <input_file_ref idref="fl-2e"/>
      </object_component>
      <object_component id="oc-4b8">
         <name>.text.RF_discardPendCmd</name>
         <load_address>0x5810</load_address>
         <run_address>0x5810</run_address>
         <size>0x88</size>
         <input_file_ref idref="fl-2e"/>
      </object_component>
      <object_component id="oc-45f">
         <name>.text.configureMultiProtocolRtlsPatch</name>
         <load_address>0x5898</load_address>
         <run_address>0x5898</run_address>
         <size>0x88</size>
         <input_file_ref idref="fl-31"/>
      </object_component>
      <object_component id="oc-240">
         <name>.text.NVOCMP_readHeader</name>
         <load_address>0x5920</load_address>
         <run_address>0x5920</run_address>
         <size>0x84</size>
         <input_file_ref idref="fl-9"/>
      </object_component>
      <object_component id="oc-3ca">
         <name>.text.RF_getInfo</name>
         <load_address>0x59a4</load_address>
         <run_address>0x59a4</run_address>
         <size>0x84</size>
         <input_file_ref idref="fl-2e"/>
      </object_component>
      <object_component id="oc-2f1">
         <name>.text.ubCM_start</name>
         <load_address>0x5a28</load_address>
         <run_address>0x5a28</run_address>
         <size>0x84</size>
         <input_file_ref idref="fl-5"/>
      </object_component>
      <object_component id="oc-42d">
         <name>.text.NOROM_SysCtrlSetRechargeBeforePowerDown</name>
         <load_address>0x5aac</load_address>
         <run_address>0x5aac</run_address>
         <size>0x80</size>
         <input_file_ref idref="fl-49"/>
      </object_component>
      <object_component id="oc-47a">
         <name>.text.UART2Support_dmaStopTx</name>
         <load_address>0x5b2c</load_address>
         <run_address>0x5b2c</run_address>
         <size>0x80</size>
         <input_file_ref idref="fl-3b"/>
      </object_component>
      <object_component id="oc-42f">
         <name>.text.doErase</name>
         <load_address>0x5bac</load_address>
         <run_address>0x5bac</run_address>
         <size>0x80</size>
         <input_file_ref idref="fl-36"/>
      </object_component>
      <object_component id="oc-14e">
         <name>.text.ti_sysbios_family_arm_m3_Hwi_initNVIC</name>
         <load_address>0x5c2c</load_address>
         <run_address>0x5c2c</run_address>
         <size>0x80</size>
         <input_file_ref idref="fl-4"/>
      </object_component>
      <object_component id="oc-228">
         <name>.text.ti_sysbios_gates_GateMutexPri_enter</name>
         <load_address>0x5cac</load_address>
         <run_address>0x5cac</run_address>
         <size>0x80</size>
         <input_file_ref idref="fl-4"/>
      </object_component>
      <object_component id="oc-40f">
         <name>.text.ull_monitorDoneCb</name>
         <load_address>0x5d2c</load_address>
         <run_address>0x5d2c</run_address>
         <size>0x80</size>
         <input_file_ref idref="fl-18"/>
      </object_component>
      <object_component id="oc-2f5">
         <name>.text.urfi_init</name>
         <load_address>0x5dac</load_address>
         <run_address>0x5dac</run_address>
         <size>0x80</size>
         <input_file_ref idref="fl-19"/>
      </object_component>
      <object_component id="oc-3d1">
         <name>.text.NOROM_ChipInfo_GetChipType</name>
         <load_address>0x5e2c</load_address>
         <run_address>0x5e2c</run_address>
         <size>0x7e</size>
         <input_file_ref idref="fl-45"/>
      </object_component>
      <object_component id="oc-344">
         <name>.text.__aeabi_ldiv0</name>
         <load_address>0x5eaa</load_address>
         <run_address>0x5eaa</run_address>
         <size>0x2</size>
         <input_file_ref idref="fl-c9"/>
      </object_component>
      <object_component id="oc-35c">
         <name>.text.ti_sysbios_family_arm_m3_Hwi_postInit</name>
         <load_address>0x5eac</load_address>
         <run_address>0x5eac</run_address>
         <size>0x7c</size>
         <input_file_ref idref="fl-4"/>
      </object_component>
      <object_component id="oc-2d2">
         <name>.text.NOROM_OSCHF_SwitchToRcOscTurnOffXosc</name>
         <load_address>0x5f28</load_address>
         <run_address>0x5f28</run_address>
         <size>0x78</size>
         <input_file_ref idref="fl-4b"/>
      </object_component>
      <object_component id="oc-e0">
         <name>.text.NOROM_OSC_CapArrayAdjustWorkaround_Boot</name>
         <load_address>0x5fa0</load_address>
         <run_address>0x5fa0</run_address>
         <size>0x78</size>
         <input_file_ref idref="fl-4b"/>
      </object_component>
      <object_component id="oc-3c3">
         <name>.text.NVSCC26XX_open</name>
         <load_address>0x6018</load_address>
         <run_address>0x6018</run_address>
         <size>0x78</size>
         <input_file_ref idref="fl-36"/>
      </object_component>
      <object_component id="oc-44b">
         <name>.text.RF_ratFreeChannel</name>
         <load_address>0x6090</load_address>
         <run_address>0x6090</run_address>
         <size>0x78</size>
         <input_file_ref idref="fl-2e"/>
      </object_component>
      <object_component id="oc-330">
         <name>.text.RTLSCtrl_processSyncEvent</name>
         <load_address>0x6108</load_address>
         <run_address>0x6108</run_address>
         <size>0x78</size>
         <input_file_ref idref="fl-11"/>
      </object_component>
      <object_component id="oc-248">
         <name>.text.ti_sysbios_knl_Task_postInit</name>
         <load_address>0x6180</load_address>
         <run_address>0x6180</run_address>
         <size>0x78</size>
         <input_file_ref idref="fl-4"/>
      </object_component>
      <object_component id="oc-182">
         <name>.text.NVOCMP_readItemApi</name>
         <load_address>0x61f8</load_address>
         <run_address>0x61f8</run_address>
         <size>0x74</size>
         <input_file_ref idref="fl-9"/>
      </object_component>
      <object_component id="oc-20b">
         <name>.text.PowerCC26X2_updateSubSecInc</name>
         <load_address>0x626c</load_address>
         <run_address>0x626c</run_address>
         <size>0x74</size>
         <input_file_ref idref="fl-3d"/>
      </object_component>
      <object_component id="oc-3ee">
         <name>.text.RF_hwiHw</name>
         <load_address>0x62e0</load_address>
         <run_address>0x62e0</run_address>
         <size>0x74</size>
         <input_file_ref idref="fl-2e"/>
      </object_component>
      <object_component id="oc-1c6">
         <name>.text.RTLSHost_processNpiMessage</name>
         <load_address>0x6354</load_address>
         <run_address>0x6354</run_address>
         <size>0x74</size>
         <input_file_ref idref="fl-12"/>
      </object_component>
      <object_component id="oc-d4">
         <name>.text.ti_sysbios_knl_Swi_restoreHwi</name>
         <load_address>0x63c8</load_address>
         <run_address>0x63c8</run_address>
         <size>0x74</size>
         <input_file_ref idref="fl-4"/>
      </object_component>
      <object_component id="oc-1e0">
         <name>.text.ti_sysbios_knl_Task_startup</name>
         <load_address>0x643c</load_address>
         <run_address>0x643c</run_address>
         <size>0x74</size>
         <input_file_ref idref="fl-4"/>
      </object_component>
      <object_component id="oc-383">
         <name>.text.ull_rxEntryDoneCback</name>
         <load_address>0x64b0</load_address>
         <run_address>0x64b0</run_address>
         <size>0x74</size>
         <input_file_ref idref="fl-18"/>
      </object_component>
      <object_component id="oc-27d">
         <name>.text.NPITL_openTL</name>
         <load_address>0x6524</load_address>
         <run_address>0x6524</run_address>
         <size>0x70</size>
         <input_file_ref idref="fl-d"/>
      </object_component>
      <object_component id="oc-2cf">
         <name>.text.ti_sysbios_family_arm_m3_Hwi_Instance_init</name>
         <load_address>0x6594</load_address>
         <run_address>0x6594</run_address>
         <size>0x70</size>
         <input_file_ref idref="fl-4"/>
      </object_component>
      <object_component id="oc-186">
         <name>.text.NVOCMP_eraseNvApi</name>
         <load_address>0x6604</load_address>
         <run_address>0x6604</run_address>
         <size>0x6c</size>
         <input_file_ref idref="fl-9"/>
      </object_component>
      <object_component id="oc-180">
         <name>.text.NVOCMP_writeItemApi</name>
         <load_address>0x6670</load_address>
         <run_address>0x6670</run_address>
         <size>0x6c</size>
         <input_file_ref idref="fl-9"/>
      </object_component>
      <object_component id="oc-45c">
         <name>.text.RF_issueRadioFreeCb</name>
         <load_address>0x66dc</load_address>
         <run_address>0x66dc</run_address>
         <size>0x6c</size>
         <input_file_ref idref="fl-2e"/>
      </object_component>
      <object_component id="oc-8e">
         <name>.text.ti_sysbios_family_arm_m3_Hwi_dispatchC</name>
         <load_address>0x6748</load_address>
         <run_address>0x6748</run_address>
         <size>0x6c</size>
         <input_file_ref idref="fl-4"/>
      </object_component>
      <object_component id="oc-408">
         <name>.text.ubCM_isThereACollisionBetweenConn</name>
         <load_address>0x67b4</load_address>
         <run_address>0x67b4</run_address>
         <size>0x6c</size>
         <input_file_ref idref="fl-5"/>
      </object_component>
      <object_component id="oc-2df">
         <name>.text.NVOCMP_verifyCRC</name>
         <load_address>0x6820</load_address>
         <run_address>0x6820</run_address>
         <size>0x6a</size>
         <input_file_ref idref="fl-9"/>
      </object_component>
      <object_component id="oc-25">
         <name>.text:decompress:lzss</name>
         <load_address>0x688a</load_address>
         <run_address>0x688a</run_address>
         <size>0x6a</size>
         <input_file_ref idref="fl-62"/>
      </object_component>
      <object_component id="oc-4bb">
         <name>.text.RF_detachOverrides</name>
         <load_address>0x68f4</load_address>
         <run_address>0x68f4</run_address>
         <size>0x68</size>
         <input_file_ref idref="fl-2e"/>
      </object_component>
      <object_component id="oc-478">
         <name>.text.UART2Support_dmaStopRx</name>
         <load_address>0x695c</load_address>
         <run_address>0x695c</run_address>
         <size>0x68</size>
         <input_file_ref idref="fl-3b"/>
      </object_component>
      <object_component id="oc-274">
         <name>.text.ti_sysbios_knl_Event_post</name>
         <load_address>0x69c4</load_address>
         <run_address>0x69c4</run_address>
         <size>0x68</size>
         <input_file_ref idref="fl-4"/>
      </object_component>
      <object_component id="oc-145">
         <name>.text.ti_sysbios_knl_Swi_run</name>
         <load_address>0x6a2c</load_address>
         <run_address>0x6a2c</run_address>
         <size>0x68</size>
         <input_file_ref idref="fl-4"/>
      </object_component>
      <object_component id="oc-309">
         <name>.text.uble_processLLMsg</name>
         <load_address>0x6a94</load_address>
         <run_address>0x6a94</run_address>
         <size>0x68</size>
         <input_file_ref idref="fl-18"/>
      </object_component>
      <object_component id="oc-2c6">
         <name>.text.PowerCC26X2_initiateCalibration</name>
         <load_address>0x6afc</load_address>
         <run_address>0x6afc</run_address>
         <size>0x64</size>
         <input_file_ref idref="fl-38"/>
      </object_component>
      <object_component id="oc-4bc">
         <name>.text.RF_attachOverrides</name>
         <load_address>0x6b60</load_address>
         <run_address>0x6b60</run_address>
         <size>0x64</size>
         <input_file_ref idref="fl-2e"/>
      </object_component>
      <object_component id="oc-456">
         <name>.text.RF_dispatchNextEvent</name>
         <load_address>0x6bc4</load_address>
         <run_address>0x6bc4</run_address>
         <size>0x64</size>
         <input_file_ref idref="fl-2e"/>
      </object_component>
      <object_component id="oc-3ed">
         <name>.text.RF_hwiCpe0PowerFsm</name>
         <load_address>0x6c28</load_address>
         <run_address>0x6c28</run_address>
         <size>0x64</size>
         <input_file_ref idref="fl-2e"/>
      </object_component>
      <object_component id="oc-417">
         <name>.text.UDMACC26XX_open</name>
         <load_address>0x6c8c</load_address>
         <run_address>0x6c8c</run_address>
         <size>0x64</size>
         <input_file_ref idref="fl-40"/>
      </object_component>
      <object_component id="oc-16c">
         <name>.text.oscillatorISR</name>
         <load_address>0x6cf0</load_address>
         <run_address>0x6cf0</run_address>
         <size>0x64</size>
         <input_file_ref idref="fl-37"/>
      </object_component>
      <object_component id="oc-22b">
         <name>.text.ti_sysbios_gates_GateMutexPri_leave</name>
         <load_address>0x6d54</load_address>
         <run_address>0x6d54</run_address>
         <size>0x64</size>
         <input_file_ref idref="fl-4"/>
      </object_component>
      <object_component id="oc-154">
         <name>.text.ti_sysbios_knl_Idle_init</name>
         <load_address>0x6db8</load_address>
         <run_address>0x6db8</run_address>
         <size>0x64</size>
         <input_file_ref idref="fl-4"/>
      </object_component>
      <object_component id="oc-369">
         <name>.text.ti_sysbios_knl_TaskSupport_buildTaskStack</name>
         <load_address>0x6e1c</load_address>
         <run_address>0x6e1c</run_address>
         <size>0x64</size>
         <input_file_ref idref="fl-4"/>
      </object_component>
      <object_component id="oc-227">
         <name>.text.NVOCMP_checkItem</name>
         <load_address>0x6e80</load_address>
         <run_address>0x6e80</run_address>
         <size>0x60</size>
         <input_file_ref idref="fl-9"/>
      </object_component>
      <object_component id="oc-2ef">
         <name>.text.setNextDataChan</name>
         <load_address>0x6ee0</load_address>
         <run_address>0x6ee0</run_address>
         <size>0x60</size>
         <input_file_ref idref="fl-5"/>
      </object_component>
      <object_component id="oc-33e">
         <name>.text.ti_sysbios_heaps_HeapMem_allocUnprotected</name>
         <load_address>0x6f40</load_address>
         <run_address>0x6f40</run_address>
         <size>0x60</size>
         <input_file_ref idref="fl-4"/>
      </object_component>
      <object_component id="oc-2bb">
         <name>.text.ti_sysbios_knl_Clock_walkQueueDynamic</name>
         <load_address>0x6fa0</load_address>
         <run_address>0x6fa0</run_address>
         <size>0x60</size>
         <input_file_ref idref="fl-4"/>
      </object_component>
      <object_component id="oc-1d6">
         <name>.text.ti_sysbios_knl_Semaphore_post</name>
         <load_address>0x7000</load_address>
         <run_address>0x7000</run_address>
         <size>0x60</size>
         <input_file_ref idref="fl-4"/>
      </object_component>
      <object_component id="oc-296">
         <name>.text.ti_sysbios_knl_Swi_schedule</name>
         <load_address>0x7060</load_address>
         <run_address>0x7060</run_address>
         <size>0x60</size>
         <input_file_ref idref="fl-4"/>
      </object_component>
      <object_component id="oc-37f">
         <name>.text.uble_buildAndPostEvt</name>
         <load_address>0x70c0</load_address>
         <run_address>0x70c0</run_address>
         <size>0x60</size>
         <input_file_ref idref="fl-16"/>
      </object_component>
      <object_component id="oc-445">
         <name>.text.NOROM_RFCAnaDivTxOverride</name>
         <load_address>0x7120</load_address>
         <run_address>0x7120</run_address>
         <size>0x5e</size>
         <input_file_ref idref="fl-2f"/>
      </object_component>
      <object_component id="oc-2a8">
         <name>.text._nop</name>
         <load_address>0x717e</load_address>
         <run_address>0x717e</run_address>
         <size>0x2</size>
         <input_file_ref idref="fl-5a"/>
      </object_component>
      <object_component id="oc-1b4">
         <name>.text.RTLSCtrl_connResultEvt</name>
         <load_address>0x7180</load_address>
         <run_address>0x7180</run_address>
         <size>0x5c</size>
         <input_file_ref idref="fl-11"/>
      </object_component>
      <object_component id="oc-1d0">
         <name>.text.RTLSCtrl_enqueueMsg</name>
         <load_address>0x71dc</load_address>
         <run_address>0x71dc</run_address>
         <size>0x5c</size>
         <input_file_ref idref="fl-11"/>
      </object_component>
      <object_component id="oc-25d">
         <name>.text.RTLSHost_sendMsg</name>
         <load_address>0x7238</load_address>
         <run_address>0x7238</run_address>
         <size>0x5c</size>
         <input_file_ref idref="fl-12"/>
      </object_component>
      <object_component id="oc-bb">
         <name>.text.MicroCmApp_init</name>
         <load_address>0x7294</load_address>
         <run_address>0x7294</run_address>
         <size>0x58</size>
         <input_file_ref idref="fl-6"/>
      </object_component>
      <object_component id="oc-494">
         <name>.text.RF_applyRfCorePatch</name>
         <load_address>0x72ec</load_address>
         <run_address>0x72ec</run_address>
         <size>0x58</size>
         <input_file_ref idref="fl-2e"/>
      </object_component>
      <object_component id="oc-336">
         <name>.text.ti_sysbios_family_arm_m3_Hwi_initStacks</name>
         <load_address>0x7344</load_address>
         <run_address>0x7344</run_address>
         <size>0x58</size>
         <input_file_ref idref="fl-43"/>
      </object_component>
      <object_component id="oc-183">
         <name>.text.NVOCMP_compactNvApi</name>
         <load_address>0x739c</load_address>
         <run_address>0x739c</run_address>
         <size>0x54</size>
         <input_file_ref idref="fl-9"/>
      </object_component>
      <object_component id="oc-243">
         <name>.text.NVOCMP_getDstPage</name>
         <load_address>0x73f0</load_address>
         <run_address>0x73f0</run_address>
         <size>0x54</size>
         <input_file_ref idref="fl-9"/>
      </object_component>
      <object_component id="oc-4a3">
         <name>.text.RF_fsmXOSCState</name>
         <load_address>0x7444</load_address>
         <run_address>0x7444</run_address>
         <size>0x54</size>
         <input_file_ref idref="fl-2e"/>
      </object_component>
      <object_component id="oc-1a7">
         <name>.text.RF_getCurrentTime</name>
         <load_address>0x7498</load_address>
         <run_address>0x7498</run_address>
         <size>0x54</size>
         <input_file_ref idref="fl-2e"/>
      </object_component>
      <object_component id="oc-250">
         <name>.text.processChanMap</name>
         <load_address>0x74ec</load_address>
         <run_address>0x74ec</run_address>
         <size>0x54</size>
         <input_file_ref idref="fl-5"/>
      </object_component>
      <object_component id="oc-1bf">
         <name>.text.uBLEStack_eventProxy</name>
         <load_address>0x7540</load_address>
         <run_address>0x7540</run_address>
         <size>0x54</size>
         <input_file_ref idref="fl-6"/>
      </object_component>
      <object_component id="oc-30a">
         <name>.text.uble_processGAPMsg</name>
         <load_address>0x7594</load_address>
         <run_address>0x7594</run_address>
         <size>0x54</size>
         <input_file_ref idref="fl-17"/>
      </object_component>
      <object_component id="oc-2ff">
         <name>.text.ugap_monitorChangeState</name>
         <load_address>0x75e8</load_address>
         <run_address>0x75e8</run_address>
         <size>0x54</size>
         <input_file_ref idref="fl-17"/>
      </object_component>
      <object_component id="oc-dd">
         <name>.text.NOROM_ChipInfo_GetHwRevision</name>
         <load_address>0x763c</load_address>
         <run_address>0x763c</run_address>
         <size>0x52</size>
         <input_file_ref idref="fl-45"/>
      </object_component>
      <object_component id="oc-165">
         <name>.text.emptyClockFunc</name>
         <load_address>0x768e</load_address>
         <run_address>0x768e</run_address>
         <size>0x2</size>
         <input_file_ref idref="fl-37"/>
      </object_component>
      <object_component id="oc-428">
         <name>.text.NPITLUART_writeTransport</name>
         <load_address>0x7690</load_address>
         <run_address>0x7690</run_address>
         <size>0x50</size>
         <input_file_ref idref="fl-c"/>
      </object_component>
      <object_component id="oc-104">
         <name>.text.NVOCMP_loadApiPtrsMin</name>
         <load_address>0x76e0</load_address>
         <run_address>0x76e0</run_address>
         <size>0x50</size>
         <input_file_ref idref="fl-9"/>
      </object_component>
      <object_component id="oc-3f3">
         <name>.text.RF_wakeupNotification</name>
         <load_address>0x7730</load_address>
         <run_address>0x7730</run_address>
         <size>0x50</size>
         <input_file_ref idref="fl-2e"/>
      </object_component>
      <object_component id="oc-297">
         <name>.text.RTLSCtrl_processMessage</name>
         <load_address>0x7780</load_address>
         <run_address>0x7780</run_address>
         <size>0x50</size>
         <input_file_ref idref="fl-11"/>
      </object_component>
      <object_component id="oc-343">
         <name>.text.ti_sysbios_knl_Swi_post</name>
         <load_address>0x77d0</load_address>
         <run_address>0x77d0</run_address>
         <size>0x50</size>
         <input_file_ref idref="fl-4"/>
      </object_component>
      <object_component id="oc-32e">
         <name>.text.ti_sysbios_knl_Swi_runLoop</name>
         <load_address>0x7820</load_address>
         <run_address>0x7820</run_address>
         <size>0x50</size>
         <input_file_ref idref="fl-4"/>
      </object_component>
      <object_component id="oc-146">
         <name>.text.ti_sysbios_knl_Task_schedule</name>
         <load_address>0x7870</load_address>
         <run_address>0x7870</run_address>
         <size>0x50</size>
         <input_file_ref idref="fl-4"/>
      </object_component>
      <object_component id="oc-1bc">
         <name>.text.ubCm_init</name>
         <load_address>0x78c0</load_address>
         <run_address>0x78c0</run_address>
         <size>0x50</size>
         <input_file_ref idref="fl-5"/>
      </object_component>
      <object_component id="oc-22e">
         <name>.text.NVOCMP_readItem</name>
         <load_address>0x7910</load_address>
         <run_address>0x7910</run_address>
         <size>0x4e</size>
         <input_file_ref idref="fl-9"/>
      </object_component>
      <object_component id="oc-33d">
         <name>.text.ti_sysbios_heaps_HeapMem_freeUnprotected</name>
         <load_address>0x795e</load_address>
         <run_address>0x795e</run_address>
         <size>0x4e</size>
         <input_file_ref idref="fl-4"/>
      </object_component>
      <object_component id="oc-141">
         <name>.text.BIOS_startFunc</name>
         <load_address>0x79ac</load_address>
         <run_address>0x79ac</run_address>
         <size>0x4c</size>
         <input_file_ref idref="fl-4"/>
      </object_component>
      <object_component id="oc-13d">
         <name>.text.MicroCmApp_enqueueAppMsg</name>
         <load_address>0x79f8</load_address>
         <run_address>0x79f8</run_address>
         <size>0x4c</size>
         <input_file_ref idref="fl-6"/>
      </object_component>
      <object_component id="oc-2c9">
         <name>.text.NOROM_OSC_HPOSCRelativeFrequencyOffsetGet</name>
         <load_address>0x7a44</load_address>
         <run_address>0x7a44</run_address>
         <size>0x4c</size>
         <input_file_ref idref="fl-4b"/>
      </object_component>
      <object_component id="oc-2f3">
         <name>.text.NPITask_sendToHost</name>
         <load_address>0x7a90</load_address>
         <run_address>0x7a90</run_address>
         <size>0x4c</size>
         <input_file_ref idref="fl-e"/>
      </object_component>
      <object_component id="oc-22a">
         <name>.text.NVOCMP_setItemInactive</name>
         <load_address>0x7adc</load_address>
         <run_address>0x7adc</run_address>
         <size>0x4c</size>
         <input_file_ref idref="fl-9"/>
      </object_component>
      <object_component id="oc-3c1">
         <name>.text.NVSCC26XX_init</name>
         <load_address>0x7b28</load_address>
         <run_address>0x7b28</run_address>
         <size>0x4c</size>
         <input_file_ref idref="fl-36"/>
      </object_component>
      <object_component id="oc-3c4">
         <name>.text.NVSCC26XX_read</name>
         <load_address>0x7b74</load_address>
         <run_address>0x7b74</run_address>
         <size>0x4c</size>
         <input_file_ref idref="fl-36"/>
      </object_component>
      <object_component id="oc-c1">
         <name>.text.RTLSCtrl_open</name>
         <load_address>0x7bc0</load_address>
         <run_address>0x7bc0</run_address>
         <size>0x4c</size>
         <input_file_ref idref="fl-11"/>
      </object_component>
      <object_component id="oc-121">
         <name>.text.RTLSHost_openHostIf</name>
         <load_address>0x7c0c</load_address>
         <run_address>0x7c0c</run_address>
         <size>0x4c</size>
         <input_file_ref idref="fl-12"/>
      </object_component>
      <object_component id="oc-306">
         <name>.text.monitor_stateChangeCB</name>
         <load_address>0x7c58</load_address>
         <run_address>0x7c58</run_address>
         <size>0x4c</size>
         <input_file_ref idref="fl-5"/>
      </object_component>
      <object_component id="oc-251">
         <name>.text.removeConnSortedList</name>
         <load_address>0x7ca4</load_address>
         <run_address>0x7ca4</run_address>
         <size>0x4c</size>
         <input_file_ref idref="fl-5"/>
      </object_component>
      <object_component id="oc-204">
         <name>.text.switchXOSCHF</name>
         <load_address>0x7cf0</load_address>
         <run_address>0x7cf0</run_address>
         <size>0x4c</size>
         <input_file_ref idref="fl-37"/>
      </object_component>
      <object_component id="oc-1f0">
         <name>.text.ti_sysbios_knl_Swi_Instance_init</name>
         <load_address>0x7d3c</load_address>
         <run_address>0x7d3c</run_address>
         <size>0x4c</size>
         <input_file_ref idref="fl-4"/>
      </object_component>
      <object_component id="oc-372">
         <name>.text.urfi_initGenericRxCmd</name>
         <load_address>0x7d88</load_address>
         <run_address>0x7d88</run_address>
         <size>0x4c</size>
         <input_file_ref idref="fl-19"/>
      </object_component>
      <object_component id="oc-150">
         <name>.text.BIOS_init</name>
         <load_address>0x7dd4</load_address>
         <run_address>0x7dd4</run_address>
         <size>0x48</size>
         <input_file_ref idref="fl-4"/>
      </object_component>
      <object_component id="oc-e6">
         <name>.text.NOROM_AUXSYSIFOpModeChange</name>
         <load_address>0x7e1c</load_address>
         <run_address>0x7e1c</run_address>
         <size>0x48</size>
         <input_file_ref idref="fl-47"/>
      </object_component>
      <object_component id="oc-498">
         <name>.text.NOROM_RFCSynthPowerDown</name>
         <load_address>0x7e64</load_address>
         <run_address>0x7e64</run_address>
         <size>0x48</size>
         <input_file_ref idref="fl-2f"/>
      </object_component>
      <object_component id="oc-23a">
         <name>.text.NVS_open</name>
         <load_address>0x7eac</load_address>
         <run_address>0x7eac</run_address>
         <size>0x48</size>
         <input_file_ref idref="fl-35"/>
      </object_component>
[...]
         <object_component_ref idref="oc-391"/>
      </symbol>
      <symbol id="sm-935">
         <name>UART2_readTimeout</name>
         <value>0x173d</value>
         <object_component_ref idref="oc-426"/>
      </symbol>
      <symbol id="sm-936">
         <name>UART2_readFull</name>
         <value>0x7fcd</value>
         <object_component_ref idref="oc-427"/>
      </symbol>
      <symbol id="sm-937">
         <name>UART2_rxEnable</name>
         <value>0x8ed5</value>
         <object_component_ref idref="oc-47e"/>
      </symbol>
      <symbol id="sm-938">
         <name>UART2_write</name>
         <value>0xae07</value>
         <object_component_ref idref="oc-481"/>
      </symbol>
      <symbol id="sm-939">
         <name>UART2_writeTimeout</name>
         <value>0xa5dd</value>
         <object_component_ref idref="oc-4b3"/>
      </symbol>
      <symbol id="sm-93a">
         <name>UART2_writeTimeoutNonblocking</name>
         <value>0x2e4d</value>
         <object_component_ref idref="oc-4c2"/>
      </symbol>
      <symbol id="sm-93b">
         <name>UART2_writeTimeoutBlocking</name>
         <value>0x1e0d</value>
         <object_component_ref idref="oc-4c3"/>
      </symbol>
      <symbol id="sm-983">
         <name>UART2Support_dmaStopRx</name>
         <value>0x695d</value>
         <object_component_ref idref="oc-478"/>
      </symbol>
      <symbol id="sm-984">
         <name>UART2Support_dmaStartRx</name>
         <value>0x3cd5</value>
         <object_component_ref idref="oc-479"/>
      </symbol>
      <symbol id="sm-985">
         <name>UART2_open</name>
         <value>0x1c91</value>
         <object_component_ref idref="oc-385"/>
      </symbol>
      <symbol id="sm-986">
         <name>UART2Support_dmaStopTx</name>
         <value>0x5b2d</value>
         <object_component_ref idref="oc-47a"/>
      </symbol>
      <symbol id="sm-987">
         <name>UART2Support_dmaStartTx</name>
         <value>0x4a19</value>
         <object_component_ref idref="oc-47b"/>
      </symbol>
      <symbol id="sm-988">
         <name>UART2Support_powerRelConstraint</name>
         <value>0x9b35</value>
         <object_component_ref idref="oc-47c"/>
      </symbol>
      <symbol id="sm-989">
         <name>UART2Support_disableTx</name>
         <value>0xaf35</value>
         <object_component_ref idref="oc-4ca"/>
      </symbol>
      <symbol id="sm-98a">
         <name>UART2Support_powerSetConstraint</name>
         <value>0x9e31</value>
         <object_component_ref idref="oc-4b0"/>
      </symbol>
      <symbol id="sm-98b">
         <name>UART2Support_enableInts</name>
         <value>0x9981</value>
         <object_component_ref idref="oc-4b1"/>
      </symbol>
      <symbol id="sm-98c">
         <name>UART2Support_enableRx</name>
         <value>0xaf41</value>
         <object_component_ref idref="oc-4b2"/>
      </symbol>
      <symbol id="sm-98d">
         <name>UART2Support_enableTx</name>
         <value>0xaf4d</value>
         <object_component_ref idref="oc-4c6"/>
      </symbol>
      <symbol id="sm-98e">
         <name>UART2Support_sendData</name>
         <value>0x9201</value>
         <object_component_ref idref="oc-4c8"/>
      </symbol>
      <symbol id="sm-98f">
         <name>UART2Support_txDone</name>
         <value>0xad71</value>
         <object_component_ref idref="oc-4c9"/>
      </symbol>
      <symbol id="sm-9a1">
         <name>GPIO_hwiIntFxn</name>
         <value>0x82e1</value>
         <object_component_ref idref="oc-fb"/>
      </symbol>
      <symbol id="sm-9a2">
         <name>GPIO_init</name>
         <value>0x36d9</value>
         <object_component_ref idref="oc-aa"/>
      </symbol>
      <symbol id="sm-9c8">
         <name>PowerCC26X2_updateSubSecInc</name>
         <value>0x626d</value>
         <object_component_ref idref="oc-20b"/>
      </symbol>
      <symbol id="sm-9c9">
         <name>PowerCC26X2_readCtrim</name>
         <value>0xad01</value>
         <object_component_ref idref="oc-214"/>
      </symbol>
      <symbol id="sm-9ca">
         <name>PowerCC26X2_readCtrimFract</name>
         <value>0xad11</value>
         <object_component_ref idref="oc-215"/>
      </symbol>
      <symbol id="sm-9cb">
         <name>PowerCC26X2_readRtrim</name>
         <value>0xad21</value>
         <object_component_ref idref="oc-216"/>
      </symbol>
      <symbol id="sm-9cc">
         <name>PowerCC26X2_writeCtrim</name>
         <value>0x9f31</value>
         <object_component_ref idref="oc-211"/>
      </symbol>
      <symbol id="sm-9cd">
         <name>PowerCC26X2_writeCtrimFract</name>
         <value>0x9f55</value>
         <object_component_ref idref="oc-212"/>
      </symbol>
      <symbol id="sm-9ce">
         <name>PowerCC26X2_writeCtrimFractEn</name>
         <value>0x9f79</value>
         <object_component_ref idref="oc-217"/>
      </symbol>
      <symbol id="sm-9cf">
         <name>PowerCC26X2_writeRtrim</name>
         <value>0x9f9d</value>
         <object_component_ref idref="oc-213"/>
      </symbol>
      <symbol id="sm-9d0">
         <name>PowerCC26X2_setTdcClkSrc24M</name>
         <value>0x8a05</value>
         <object_component_ref idref="oc-2cc"/>
      </symbol>
      <symbol id="sm-9d1">
         <name>PowerCC26X2_setAclkRefSrc</name>
         <value>0x8715</value>
         <object_component_ref idref="oc-2cd"/>
      </symbol>
      <symbol id="sm-a07">
         <name>PowerCC26X2_oscCtlClearXtal</name>
         <value>0xace1</value>
         <object_component_ref idref="oc-15f"/>
      </symbol>
      <symbol id="sm-a08">
         <name>PowerCC26X2_prcmEnableCacheRetention</name>
         <value>0xacf1</value>
         <object_component_ref idref="oc-34f"/>
      </symbol>
      <symbol id="sm-a09">
         <name>PowerCC26X2_oschfSwitchToRcosc</name>
         <value>0xb0ef</value>
         <object_component_ref idref="oc-223"/>
      </symbol>
      <symbol id="sm-a0a">
         <name>PowerCC26X2_oscClockSourceGet</name>
         <value>0xaed5</value>
         <object_component_ref idref="oc-208"/>
      </symbol>
      <symbol id="sm-a0b">
         <name>PowerCC26X2_oscDisableQualifiers</name>
         <value>0x8e2d</value>
         <object_component_ref idref="oc-162"/>
      </symbol>
      <symbol id="sm-a0c">
         <name>PowerCC26X2_getOscHfSourceReady</name>
         <value>0x9ee9</value>
         <object_component_ref idref="oc-4be"/>
      </symbol>
      <symbol id="sm-a0d">
         <name>PowerCC26X2_oschfTrySwitchToXosc</name>
         <value>0xb03f</value>
         <object_component_ref idref="oc-2c8"/>
      </symbol>
      <symbol id="sm-a0e">
         <name>PowerCC26X2_enableTCXOQual</name>
         <value>0xa341</value>
         <object_component_ref idref="oc-21c"/>
      </symbol>
      <symbol id="sm-a0f">
         <name>PowerCC26X2_disableTCXOQual</name>
         <value>0xa321</value>
         <object_component_ref idref="oc-225"/>
      </symbol>
      <symbol id="sm-a10">
         <name>PowerCC26X2_turnOnXosc</name>
         <value>0xb0f7</value>
         <object_component_ref idref="oc-226"/>
      </symbol>
      <symbol id="sm-a11">
         <name>PowerCC26X2_switchToTCXO</name>
         <value>0xad31</value>
         <object_component_ref idref="oc-203"/>
      </symbol>
      <symbol id="sm-a12">
         <name>PowerCC26X2_sysCtrlStandby</name>
         <value>0xaff9</value>
         <object_component_ref idref="oc-34e"/>
      </symbol>
      <symbol id="sm-a13">
         <name>PowerCC26X2_sysCtrlVoltageConditionalControl</name>
         <value>0xaef9</value>
         <object_component_ref idref="oc-2bf"/>
      </symbol>
      <symbol id="sm-a14">
         <name>PowerCC26X2_sysCtrlIdle</name>
         <value>0xb0f3</value>
         <object_component_ref idref="oc-2c4"/>
      </symbol>
      <symbol id="sm-a15">
         <name>PowerCC26X2_setPeriphDeepSleepEnable</name>
         <value>0xaee1</value>
         <object_component_ref idref="oc-350"/>
      </symbol>
      <symbol id="sm-a16">
         <name>PowerCC26X2_sysCtrlGetResetSource</name>
         <value>0xaeed</value>
         <object_component_ref idref="oc-158"/>
      </symbol>
      <symbol id="sm-a17">
         <name>PowerCC26X2_setSubSecIncToXoscLf</name>
         <value>0x9f0d</value>
         <object_component_ref idref="oc-207"/>
      </symbol>
      <symbol id="sm-a2d">
         <name>RingBuf_construct</name>
         <value>0xad51</value>
         <object_component_ref idref="oc-411"/>
      </symbol>
      <symbol id="sm-a2e">
         <name>RingBuf_getConsume</name>
         <value>0x9799</value>
         <object_component_ref idref="oc-480"/>
      </symbol>
      <symbol id="sm-a2f">
         <name>RingBuf_getCount</name>
         <value>0xb103</value>
         <object_component_ref idref="oc-4ad"/>
      </symbol>
      <symbol id="sm-a30">
         <name>RingBuf_getPointer</name>
         <value>0xa1b7</value>
         <object_component_ref idref="oc-47f"/>
      </symbol>
      <symbol id="sm-a31">
         <name>RingBuf_put</name>
         <value>0x8255</value>
         <object_component_ref idref="oc-4ab"/>
      </symbol>
      <symbol id="sm-a32">
         <name>RingBuf_putAdvance</name>
         <value>0x8e9d</value>
         <object_component_ref idref="oc-4ac"/>
      </symbol>
      <symbol id="sm-a33">
         <name>RingBuf_putPointer</name>
         <value>0x97c7</value>
         <object_component_ref idref="oc-4ae"/>
      </symbol>
      <symbol id="sm-a40">
         <name>UDMACC26XX_hwiIntFxn</name>
         <value>0xb00d</value>
         <object_component_ref idref="oc-46b"/>
      </symbol>
      <symbol id="sm-a41">
         <name>UDMACC26XX_open</name>
         <value>0x6c8d</value>
         <object_component_ref idref="oc-417"/>
      </symbol>
      <symbol id="sm-a4a">
         <name>ti_sysbios_knl_TaskSupport_swap</name>
         <value>0x9d1d</value>
         <object_component_ref idref="oc-1e7"/>
      </symbol>
      <symbol id="sm-a4b">
         <name>ti_sysbios_knl_TaskSupport_glue</name>
         <value>0xaa95</value>
         <object_component_ref idref="oc-3c9"/>
      </symbol>
      <symbol id="sm-a4c">
         <name>ti_sysbios_knl_TaskSupport_swapReturn</name>
         <value>0x9d28</value>
         <object_component_ref idref="oc-1e7"/>
      </symbol>
      <symbol id="sm-a61">
         <name>ti_sysbios_family_arm_m3_Hwi_dispatch</name>
         <value>0x2d31</value>
         <object_component_ref idref="oc-66"/>
      </symbol>
      <symbol id="sm-a62">
         <name>ti_sysbios_family_arm_m3_Hwi_pendSV</name>
         <value>0x2e0d</value>
         <object_component_ref idref="oc-66"/>
      </symbol>
      <symbol id="sm-a63">
         <name>ti_sysbios_family_arm_m3_Hwi_excHandlerAsm</name>
         <value>0x9c7d</value>
         <object_component_ref idref="oc-61"/>
      </symbol>
      <symbol id="sm-a64">
         <name>ti_sysbios_family_arm_m3_Hwi_return</name>
         <value>0x2e30</value>
         <object_component_ref idref="oc-66"/>
      </symbol>
      <symbol id="sm-a65">
         <name>ti_sysbios_family_arm_m3_Hwi_interruptsAreDisabledButShouldNotBe</name>
         <value>0x2e08</value>
         <object_component_ref idref="oc-66"/>
      </symbol>
      <symbol id="sm-a72">
         <name>ti_sysbios_family_arm_m3_Hwi_switchAndRunFunc</name>
         <value>0xa5fb</value>
         <object_component_ref idref="oc-329"/>
      </symbol>
      <symbol id="sm-a73">
         <name>ti_sysbios_family_arm_m3_Hwi_initStacks</name>
         <value>0x7345</value>
         <object_component_ref idref="oc-336"/>
      </symbol>
      <symbol id="sm-a78">
         <name>_c_int00</name>
         <value>0x93d5</value>
         <object_component_ref idref="oc-2e"/>
      </symbol>
      <symbol id="sm-a79">
         <name>__stack</name>
         <value>0x20013c00</value>
         <object_component_ref idref="oc-3c"/>
      </symbol>
      <symbol id="sm-a87">
         <name>NOROM_ChipInfo_GetChipType</name>
         <value>0x5e2d</value>
         <object_component_ref idref="oc-3d1"/>
      </symbol>
      <symbol id="sm-a88">
         <name>NOROM_ChipInfo_GetHwRevision</name>
         <value>0x763d</value>
         <object_component_ref idref="oc-dd"/>
      </symbol>
      <symbol id="sm-a89">
         <name>NOROM_ThisLibraryIsFor_CC13x2_CC26x2_HwRev20AndLater_HaltIfViolated</name>
         <value>0x973d</value>
         <object_component_ref idref="oc-9a"/>
      </symbol>
      <symbol id="sm-a96">
         <name>NOROM_SetupTrimDevice</name>
         <value>0x3ead</value>
         <object_component_ref idref="oc-6f"/>
      </symbol>
      <symbol id="sm-aa2">
         <name>NOROM_AUXSYSIFOpModeChange</name>
         <value>0x7e1d</value>
         <object_component_ref idref="oc-e6"/>
      </symbol>
      <symbol id="sm-aae">
         <name>NOROM_FlashProgram</name>
         <value>0xa5a1</value>
         <object_component_ref idref="oc-435"/>
      </symbol>
      <symbol id="sm-aaf">
         <name>NOROM_FlashSectorErase</name>
         <value>0xa5bf</value>
         <object_component_ref idref="oc-484"/>
      </symbol>
      <symbol id="sm-abd">
         <name>NOROM_SysCtrlIdle</name>
         <value>0x8951</value>
         <object_component_ref idref="oc-351"/>
      </symbol>
      <symbol id="sm-abe">
         <name>NOROM_SysCtrlStandby</name>
         <value>0x3be1</value>
         <object_component_ref idref="oc-3b3"/>
      </symbol>
      <symbol id="sm-abf">
         <name>NOROM_SysCtrlSetRechargeBeforePowerDown</name>
         <value>0x5aad</value>
         <object_component_ref idref="oc-42d"/>
      </symbol>
      <symbol id="sm-acd">
         <name>NOROM_CPUcpsid</name>
         <value>0xae8d</value>
         <object_component_ref idref="oc-2be"/>
      </symbol>
      <symbol id="sm-ace">
         <name>NOROM_CPUcpsie</name>
         <value>0xae99</value>
         <object_component_ref idref="oc-2c5"/>
      </symbol>
      <symbol id="sm-acf">
         <name>NOROM_CPUdelay</name>
         <value>0xb027</value>
         <object_component_ref idref="oc-21d"/>
      </symbol>
      <symbol id="sm-ae9">
         <name>NOROM_OSCHF_TurnOnXosc</name>
         <value>0x9ae1</value>
         <object_component_ref idref="oc-2c7"/>
      </symbol>
      <symbol id="sm-aea">
         <name>NOROM_OSCHF_AttemptToSwitchToXosc</name>
         <value>0x4b8d</value>
         <object_component_ref idref="oc-358"/>
      </symbol>
      <symbol id="sm-aeb">
         <name>NOROM_OSCHF_SwitchToRcOscTurnOffXosc</name>
         <value>0x5f29</value>
         <object_component_ref idref="oc-2d2"/>
      </symbol>
      <symbol id="sm-aec">
         <name>NOROM_OSC_CapArrayAdjustWorkaround_Boot</name>
         <value>0x5fa1</value>
         <object_component_ref idref="oc-e0"/>
      </symbol>
      <symbol id="sm-aed">
         <name>_hposcCoeffs</name>
         <value>0x20001dbc</value>
         <object_component_ref idref="oc-359"/>
      </symbol>
      <symbol id="sm-aee">
         <name>NOROM_OSC_HPOSCRelativeFrequencyOffsetGet</name>
         <value>0x7a45</value>
         <object_component_ref idref="oc-2c9"/>
      </symbol>
      <symbol id="sm-afa">
         <name>NOROM_PRCMPowerDomainsAllOff</name>
         <value>0x8325</value>
         <object_component_ref idref="oc-35a"/>
      </symbol>
      <symbol id="sm-afb">
         <name>NOROM_PRCMPowerDomainsAllOn</name>
         <value>0x8369</value>
         <object_component_ref idref="oc-16e"/>
      </symbol>
      <symbol id="sm-b0c">
         <name>_nop</name>
         <value>0x717f</value>
         <object_component_ref idref="oc-2a8"/>
      </symbol>
      <symbol id="sm-b0d">
         <name>_register_lock</name>
         <value>0xaf65</value>
         <object_component_ref idref="oc-29f"/>
      </symbol>
      <symbol id="sm-b0e">
         <name>_lock</name>
         <value>0x20001e58</value>
         <object_component_ref idref="oc-332"/>
      </symbol>
      <symbol id="sm-b0f">
         <name>_register_unlock</name>
         <value>0xaf71</value>
         <object_component_ref idref="oc-2a4"/>
      </symbol>
      <symbol id="sm-b10">
         <name>_unlock</name>
         <value>0x20001e5c</value>
         <object_component_ref idref="oc-335"/>
      </symbol>
      <symbol id="sm-b1a">
         <name>_args_main</name>
         <value>0xaba1</value>
         <object_component_ref idref="oc-57"/>
      </symbol>
      <symbol id="sm-b27">
         <name>__TI_auto_init_nobinit_nopinit</name>
         <value>0x905d</value>
         <object_component_ref idref="oc-75"/>
      </symbol>
      <symbol id="sm-b32">
         <name>__TI_zero_init</name>
         <value>0xadb1</value>
         <object_component_ref idref="oc-54"/>
      </symbol>
      <symbol id="sm-b3b">
         <name>__TI_decompress_none</name>
         <value>0xae5b</value>
         <object_component_ref idref="oc-29"/>
      </symbol>
      <symbol id="sm-b45">
         <name>__TI_decompress_lzss</name>
         <value>0x688b</value>
         <object_component_ref idref="oc-25"/>
      </symbol>
      <symbol id="sm-b69">
         <name>__aeabi_memcpy</name>
         <value>0xb135</value>
         <object_component_ref idref="oc-47"/>
      </symbol>
      <symbol id="sm-b6a">
         <name>__aeabi_memcpy4</name>
         <value>0xb135</value>
         <object_component_ref idref="oc-47"/>
      </symbol>
      <symbol id="sm-b6b">
         <name>__aeabi_memcpy8</name>
         <value>0xb135</value>
         <object_component_ref idref="oc-47"/>
      </symbol>
      <symbol id="sm-b71">
         <name>__aeabi_memset</name>
         <value>0xabf1</value>
         <object_component_ref idref="oc-6b"/>
      </symbol>
      <symbol id="sm-b72">
         <name>__aeabi_memset4</name>
         <value>0xabf1</value>
         <object_component_ref idref="oc-6b"/>
      </symbol>
      <symbol id="sm-b73">
         <name>__aeabi_memset8</name>
         <value>0xabf1</value>
         <object_component_ref idref="oc-6b"/>
      </symbol>
      <symbol id="sm-b74">
         <name>__aeabi_memclr</name>
         <value>0xabfd</value>
         <object_component_ref idref="oc-6b"/>
      </symbol>
      <symbol id="sm-b75">
         <name>__aeabi_memclr4</name>
         <value>0xabfd</value>
         <object_component_ref idref="oc-6b"/>
      </symbol>
      <symbol id="sm-b76">
         <name>__aeabi_memclr8</name>
         <value>0xabfd</value>
         <object_component_ref idref="oc-6b"/>
      </symbol>
      <symbol id="sm-b7c">
         <name>__aeabi_uldivmod</name>
         <value>0xac05</value>
         <object_component_ref idref="oc-1f2"/>
      </symbol>
      <symbol id="sm-b82">
         <name>__udivmoddi4</name>
         <value>0x4f0d</value>
         <object_component_ref idref="oc-2b6"/>
      </symbol>
      <symbol id="sm-b8e">
         <name>__aeabi_ldiv0</name>
         <value>0x5eab</value>
         <object_component_ref idref="oc-344"/>
      </symbol>
      <symbol id="sm-b97">
         <name>TI_memcpy_small</name>
         <value>0xac4f</value>
         <object_component_ref idref="oc-92"/>
      </symbol>
      <symbol id="sm-b9f">
         <name>TI_memset_small</name>
         <value>0xae4d</value>
         <object_component_ref idref="oc-d7"/>
      </symbol>
      <symbol id="sm-ba0">
         <name>__TI_static_base__</name>
         <value>0xdd04</value>
      </symbol>
      <symbol id="sm-ba3">
         <name>ITM_flush</name>
         <value>0x0</value>
      </symbol>
      <symbol id="sm-ba4">
         <name>ITM_restore</name>
         <value>0x0</value>
      </symbol>
      <symbol id="sm-ba5">
         <name>__mpu_init</name>
         <value>0x0</value>
      </symbol>
      <symbol id="sm-ba6">
         <name>__c_args__</name>
         <value>0x0</value>
      </symbol>
   </symbol_table>
   <title>Link successful</title>
</link_info>
