******************************************************************************
            TI ARM Clang Linker PC v2.1.2                      
******************************************************************************
>> Linked Mon Nov 11 13:33:24 2024

OUTPUT FILE NAME:   <connection_monitor_CC26X2R1_LAUNCHXL_tirtos7_ticlang.out>
ENTRY POINT SYMBOL: "ResetISR"  address: 0000b0ff


MEMORY CONFIGURATION

         name            origin    length      used     unused   attr    fill
----------------------  --------  ---------  --------  --------  ----  --------
  FLASH                 00000000   00056000  00011e69  00044197  R  X
  FLASH_LAST_PAGE       00056000   00002000  00000058  00001fa8  R  X
  RTOS_SRAM             20000000   0000012c  000000d8  00000054  RW X
  SRAM                  20000fdf   00013021  00002e38  000101e9  RW X


SEGMENT ALLOCATION MAP

run origin  load origin   length   init length attrs members
----------  ----------- ---------- ----------- ----- -------
00000000    00000000    0000de6c   0000de6c    r-x
  00000000    00000000    0000003c   0000003c    r-- .resetVecs
  0000003c    0000003c    0000b0fc   0000b0fc    r-x .text
  0000b138    0000b138    00002bc9   00002bc9    r-- .rodata
  0000dd04    0000dd04    00000168   00000168    r-- .cinit
00048000    00048000    00004000   00000000    rw-
  00048000    00048000    00004000   00000000    rw- .TI.bound:flashBuf0
00057fa8    00057fa8    00000058   00000058    r--
  00057fa8    00057fa8    00000058   00000058    r-- .ccfg
20001810    20001810    00000010   00000000    rw-
  20001810    20001810    00000010   00000000    rw- .TI.bound:dmaUart0RxControlTableEntry
20001820    20001820    00002a28   00000000    rw-
  20001820    20001820    00000010   00000000    rw- .TI.bound:dmaUart0TxControlTableEntry
  20001830    20001830    00000644   00000000    rw- .data
  20001e78    20001e78    000023d0   00000000    rw- .bss
20013c00    20013c00    00000400   00000000    rw-
  20013c00    20013c00    00000400   00000000    rw- .stack


SECTION ALLOCATION MAP

 output                                  attributes/
section   page    origin      length       input sections
--------  ----  ----------  ----------   ----------------
.resetVecs 
*          0    00000000    0000003c     
                  00000000    0000003c     ti_sysbios_config.o (.resetVecs)

.cinit     0    0000dd04    00000168     
                  0000dd04    00000121     (.cinit..data.load) [load image, compression = lzss]
                  0000de25    00000003     --HOLE-- [fill = 0]
                  0000de28    0000000c     (__TI_handler_table)
                  0000de34    00000008     (.cinit..TI.bound:dmaUart0RxControlTableEntry.load) [load image, compression = zero_init]
                  0000de3c    00000008     (.cinit..TI.bound:dmaUart0TxControlTableEntry.load) [load image, compression = zero_init]
                  0000de44    00000008     (.cinit..bss.load) [load image, compression = zero_init]
                  0000de4c    00000020     (__TI_cinit_table)

.init_array 
*          0    00000000    00000000     UNINITIALIZED

.TI.bound:flashBuf0 
*          0    00048000    00004000     UNINITIALIZED
                  00048000    00004000     ti_drivers_config.o (.TI.bound:flashBuf0)

.ccfg      0    00057fa8    00000058     
                  00057fa8    00000058     ti_devices_config.o (.ccfg)

.vecs      0    20000000    000000d8     NOLOAD SECTION
                  20000000    000000d8     ti_sysbios_config.o (.vecs)

.TI.bound:dmaUart0RxControlTableEntry 
*          0    20001810    00000010     UNINITIALIZED
                  20001810    00000010     ti_drivers_config.o (.TI.bound:dmaUart0RxControlTableEntry)

.TI.bound:dmaUart0TxControlTableEntry 
*          0    20001820    00000010     UNINITIALIZED
                  20001820    00000010     ti_drivers_config.o (.TI.bound:dmaUart0TxControlTableEntry)

.data      0    20001830    00000644     UNINITIALIZED
                  20001830    00000174     drivers_cc26x2.a : PowerCC26X2.c.obj (.data.PowerCC26X2_module)
                  200019a4    0000007c     ti_drivers_config.o (.data.gpioPinConfigs)
                  20001a20    00000068     rf_multiMode_cc26x2.a : RFCC26X2_multiMode.c.cc26x2.ticlang.o (.data..L_MergedGlobals.1)
                  20001a88    00000068     ti_sysbios_config.o (.data..L_MergedGlobals.70)
                  20001af0    00000068     ti_sysbios_config.o (.data..L_MergedGlobals)
                  20001b58    00000068     ti_sysbios_config.o (.data.ti_sysbios_knl_Clock_Module_state)
                  20001bc0    00000064     rf_multiMode_cc26x2.a : RFCC26X2_multiMode.c.cc26x2.ticlang.o (.data..L_MergedGlobals.3)
                  20001c24    00000058                           : RFCC26X2_multiMode.c.cc26x2.ticlang.o (.data..L_MergedGlobals.2)
                  20001c7c    0000003c     ti_sysbios_config.o (.data.ti_sysbios_knl_Task_Module_state)
                  20001cb8    00000034     urfi.o (.data..L_MergedGlobals)
                  20001cec    00000028     nvocmp.o (.data..L_MergedGlobals.1)
                  20001d14    00000020     urfc.o (.data.pOverridesCommon)
                  20001d34    00000018     npi_task.o (.data..L_MergedGlobals.1)
                  20001d4c    00000018     rtls_ctrl.o (.data.gRtlsData)
                  20001d64    00000014     urfi.o (.data.urfiGenericRxParams)
                  20001d78    00000012     uble.o (.data.ubleParams)
                  20001d8a    00000002     ull.o (.data..L_MergedGlobals)
                  20001d8c    00000010     micro_cm_app.o (.data..L_MergedGlobals.1)
                  20001d9c    00000010     micro_ble_cm.o (.data..L_MergedGlobals)
                  20001dac    00000010     npi_task.o (.data..L_MergedGlobals)
                  20001dbc    00000010     driverlib.lib : osc.o (.data._hposcCoeffs)
                  20001dcc    0000000c     ull.o (.data..L_MergedGlobals.1)
                  20001dd8    0000000c     drivers_cc26x2.a : NVSCC26XX.c.obj (.data..L_MergedGlobals)
                  20001de4    0000000c     npi_tl.o (.data..L_MergedGlobals)
                  20001df0    00000009     micro_cm_app.o (.data..L_MergedGlobals)
                  20001df9    00000001     nvocmp.o (.data.NVOCMP_failF)
                  20001dfa    00000002     rtls_ctrl.o (.data.termSyncHandle)
                  20001dfc    00000008     hal_assert.o (.data..L_MergedGlobals)
                  20001e04    00000008     npi_tl_uart.o (.data..L_MergedGlobals)
                  20001e0c    00000008     rf_multiMode_cc26x2.a : RFCC26X2_multiMode.c.cc26x2.ticlang.o (.data..L_MergedGlobals)
                  20001e14    00000008     uble.o (.data..L_MergedGlobals)
                  20001e1c    00000008     rf_multiMode_cc26x2.a : RFCC26X2_multiMode.c.cc26x2.ticlang.o (.data.RFCC26XX_schedulerPolicy)
                  20001e24    00000008     ti_sysbios_config.o (.data.ti_sysbios_gates_GateMutexPri_Module_state)
                  20001e2c    00000008     ti_sysbios_config.o (.data.ti_sysbios_gates_GateMutex_Module_state)
                  20001e34    00000008     ti_sysbios_config.o (.data.ti_sysbios_heaps_HeapMem_Module_state)
                  20001e3c    00000008     ti_sysbios_config.o (.data.ti_sysbios_knl_Event_state)
                  20001e44    00000008     ti_sysbios_config.o (.data.ti_sysbios_knl_Semaphore_Module_state)
                  20001e4c    00000005     npi_task.o (.data.sendAssertMessage)
                  20001e51    00000001     rf_multiMode_cc26x2.a : rf_patch_cpe_multi_protocol_rtls.c.cc26x2.ticlang.o (.data.bMultiProtocolRtlsPatchEntered)
                  20001e52    00000002     urfi.o (.data.urfiGenericRxHandle)
                  20001e54    00000004     rf_multiMode_cc26x2.a : RFCC26X2_multiMode.c.cc26x2.ticlang.o (.data.RF_fsmActiveState.lfClockSourceLast)
                  20001e58    00000004     libc.a : _lock.c.obj (.data._lock)
                  20001e5c    00000004            : _lock.c.obj (.data._unlock)
                  20001e60    00000004     micro_ble_cm.o (.data.gAppCb)
                  20001e64    00000004     rtls_host_npi.o (.data.gRtlsCtrlProcessMsgCb)
                  20001e68    00000004     urfc.o (.data.ubRfRegOverride)
                  20001e6c    00000004     uble.o (.data.ubleAntSwitchSel)
                  20001e70    00000001     drivers_cc26x2.a : GPIOCC26X2.c.obj (.data.initCalled)
                  20001e71    00000001                      : NVS.c.obj (.data.isInitialized)
                  20001e72    00000001     uble.o (.data.rfTimeCrit)
                  20001e73    00000001     ugap.o (.data.ugmState)

.bss       0    20001e78    000023d0     UNINITIALIZED
                  20001e78    00000678     (.common:ull_monitorDataEntry)
                  200024f0    000003c4     (.common:ubCMConnInfo)
                  200028b4    00000320     (.common:ubtTaskStack)
                  20002bd4    00000320     (.common:ucaTaskStack)
                  20002ef4    000002f0     (.common:rtlsTaskStack)
                  200031e4    00000004     driverlib.lib : osc.o (.bss.oscHfGlobals.0)
                  200031e8    000002c0     rf_multiMode_cc26x2.a : RFCC26X2_multiMode.c.cc26x2.ticlang.o (.bss.RF_cmdPool)
                  200034a8    00000200     (.common:ti_sysbios_knl_Idle_taskStack)
                  200036a8    00000170     (.common:uart2CC26X2Objects)
                  20003818    00000107     (.common:monitorPkt)
                  2000391f    00000001     (.common:NVOCMP_size)
                  20003920    00000100     urfi.o (.bss.urObject)
                  20003a20    000000d8     (.common:ti_sysbios_family_arm_m3_Hwi_dispatchTable)
                  20003af8    00000080     npi_tl_uart.o (.bss.isrRxBuf)
                  20003b78    0000007c     (.common:gpioCallbackFunctions)
                  20003bf4    0000007c     (.common:gpioUserArgs)
                  20003c70    00000068     rf_multiMode_cc26x2.a : RFCC26X2_multiMode.c.cc26x2.ticlang.o (.bss.RF_ratModule)
                  20003cd8    00000060     (.common:ti_sysbios_knl_ClockSupport_timerStruct)
                  20003d38    00000058     (.common:rtlsTask)
                  20003d90    00000058     (.common:ti_sysbios_knl_Idle_taskStruct)
                  20003de8    00000058     (.common:ubtTask)
                  20003e40    00000058     (.common:ucaTask)
                  20003e98    00000044                           : RFCC26X2_multiMode.c.cc26x2.ticlang.o (.bss.RF_clkInactivityObj)
                  20003edc    00000044                           : RFCC26X2_multiMode.c.cc26x2.ticlang.o (.bss.RF_clkPowerUpObj)
                  20003f20    0000003c                           : RFCC26X2_multiMode.c.cc26x2.ticlang.o (.bss.RF_swiHwObj)
                  20003f5c    0000003c     (.common:nvFptrs)
                  20003f98    00000034     (.common:npiPortParams)
                  20003fcc    00000030     (.common:ti_sysbios_knl_Swi_readyQs)
                  20003ffc    00000030     (.common:ti_sysbios_knl_Task_readyQs)
                  2000402c    0000002e     (.common:NVOCMP_nvHandle)
                  2000405a    00000001     (.common:gAction)
                  2000405b    00000001     (.common:nvsCC26XXObjects)
                  2000405c    0000002c     (.common:BIOS_heapMemObject)
                  20004088    00000028     (.common:ti_sysbios_heaps_HeapMem_gate)
                  200040b0    00000020     ti_drivers_config.o (.bss.uart2RxRingBuffer0)
                  200040d0    00000020     ti_drivers_config.o (.bss.uart2TxRingBuffer0)
                  200040f0    00000020     urfi.o (.bss.urParams)
                  20004110    00000020     (.common:HostToSSTable)
                  20004130    00000020     (.common:ti_sysbios_runtime_System_atexitHandlers)
                  20004150    00000020     (.common:udmaCC26XXObject)
                  20004170    0000001c     drivers_cc26x2.a : GPIOCC26X2.c.obj (.bss.gpioHwi)
                  2000418c    0000001c     (.common:BIOS_rtsGate)
                  200041a8    00000018     (.common:urfiGenericRxCmd)
                  200041c0    00000010     (.common:ull_monitorDataQueue)
                  200041d0    0000000c     ugap.o (.bss.ugmAppCBs)
                  200041dc    0000000c     (.common:pGenericRxOutput)
                  200041e8    00000008     (.common:appMsg)
                  200041f0    00000008     (.common:rtlsCtrlMsg)
                  200041f8    00000008     (.common:taskCBs)
                  20004200    00000006     (.common:ubleBDAddr)
                  20004206    00000002     --HOLE--
                  20004208    00000004     driverlib.lib : osc.o (.bss.oscHfGlobals.2)
                  2000420c    00000004                   : osc.o (.bss.oscHfGlobals.3)
                  20004210    00000004                   : osc.o (.bss.oscHfGlobals.4)
                  20004214    00000004     npi_tl_uart.o (.bss.uartHandle)
                  20004218    00000004     (.common:PowerCC26XX_swiKey)
                  2000421c    00000004     (.common:PowerCC26XX_taskKey)
                  20004220    00000004     (.common:appMsgQueue)
                  20004224    00000004     (.common:npiRxBuf)
                  20004228    00000004     (.common:npiTaskHandle)
                  2000422c    00000004     (.common:npiTaskStack)
                  20004230    00000004     (.common:npiTxBuf)
                  20004234    00000004     (.common:rtlsCtrlMsgQueue)
                  20004238    00000004     (.common:syncAppEvent)
                  2000423c    00000004     (.common:syncRtlsEvent)
                  20004240    00000004     (.common:ti_sysbios_family_arm_cc26xx_TimestampProvider_Module_state)
                  20004244    00000004     (.common:ti_sysbios_knl_Task_defaultStackHeap)

.vtable    0    20004248    00000000     UNINITIALIZED

.vtable_ram 
*          0    20004248    00000000     UNINITIALIZED

vtable_ram 
*          0    20004248    00000000     UNINITIALIZED

.sysmem    0    20004248    00000000     UNINITIALIZED

.nonretenvar 
*          0    20004248    00000000     UNINITIALIZED

.stack     0    20013c00    00000400     UNINITIALIZED
                  20013c00    00000004     sysbios.a : boot_cortex_m.obj (.stack)
                  20013c04    000003fc     --HOLE--

.text      0    0000003c    0000b0fc     
                  0000003c    00000498     rf_multiMode_cc26x2.a : RFCC26X2_multiMode.c.cc26x2.ticlang.o (.text.RF_fsmActiveState)
                  000004d4    000002a8     nvocmp.o (.text.NVOCMP_initNvApi)
                  0000077c    000002a0     nvocmp.o (.text.NVOCMP_compactPage)
                  00000a1c    0000029c     rf_multiMode_cc26x2.a : RFCC26X2_multiMode.c.cc26x2.ticlang.o (.text.RF_open)
                  00000cb8    00000274     micro_cm_app.o (.text.MicroCmApp_taskFxn)
                  00000f2c    0000024c     nvocmp.o (.text.NVOCMP_addItem)
                  00001178    000001f0     drivers_cc26x2.a : UART2CC26X2.c.obj (.text.UART2CC26X2_hwiIntFxn)
                  00001368    000001ec     rtls_ctrl.o (.text.RTLSCtrl_processHostMessage)
                  00001554    000001e8     rf_multiMode_cc26x2.a : RFCC26X2_multiMode.c.cc26x2.ticlang.o (.text.RF_scheduleCmd)
                  0000173c    000001e2     drivers_cc26x2.a : UART2.c.obj (.text.UART2_readTimeout)
                  0000191e    00000002     ti_sysbios_config.o (.text.BIOS_nullFunc)
                  00001920    000001dc     rf_multiMode_cc26x2.a : RFCC26X2_multiMode.c.cc26x2.ticlang.o (.text.RF_dispatchNextCmd)
                  00001afc    00000194     drivers_cc26x2.a : PowerCC26X2_calibrateRCOSC.c.obj (.text.PowerCC26X2_auxISR)
                  00001c90    0000017c                      : UART2CC26X2.c.obj (.text.UART2_open)
                  00001e0c    00000174                      : UART2.c.obj (.text.UART2_writeTimeoutBlocking)
                  00001f80    00000160     npi_task.o (.text.NPITask_Fxn)
                  000020e0    00000160     micro_ble_cm.o (.text.monitor_completeCB)
                  00002240    00000158     drivers_cc26x2.a : PowerCC26X2.c.obj (.text.Power_sleep)
                  00002398    00000150     micro_ble_cm.o (.text.ubCM_InitCmSession)
                  000024e8    00000148     rf_multiMode_cc26x2.a : RFCC26X2_multiMode.c.cc26x2.ticlang.o (.text.RF_radioOpDoneCb)
                  00002630    00000144     micro_ble_cm.o (.text.ubCM_selectConn)
                  00002774    0000012c     rf_multiMode_cc26x2.a : RFCC26X2_multiMode.c.cc26x2.ticlang.o (.text.RF_fsmSetupState)
                  000028a0    0000012c     micro_ble_cm.o (.text.ubCM_findNextPriorityEvt)
                  000029cc    00000124     rf_multiMode_cc26x2.a : RFCC26X2_multiMode.c.cc26x2.ticlang.o (.text.RF_abortCmd)
                  00002af0    00000120     nvocmp.o (.text.NVOCMP_findItem)
                  00002c10    00000120     ti_sysbios_config.o (.text.ti_sysbios_family_arm_cc26xx_Timer_construct)
                  00002d30    0000011c     sysbios.a : Hwi_asm_gnu.obj (.text.ti_sysbios_family_arm_m3_Hwi_dispatch)
                  00002e4c    0000011a     drivers_cc26x2.a : UART2.c.obj (.text.UART2_writeTimeoutNonblocking)
                  00002f66    00000002     rf_multiMode_cc26x2.a : rfc.c.cc26x2.ticlang.o (.text.NOROM_RFCCpePatchReset)
                  00002f68    00000118     drivers_cc26x2.a : PowerCC26X2.c.obj (.text.Power_init)
                  00003080    00000118     rf_multiMode_cc26x2.a : RFCC26X2_multiMode.c.cc26x2.ticlang.o (.text.RF_decodeOverridePointers)
                  00003198    00000118     micro_ble_cm.o (.text.monitor_indicationCB)
                  000032b0    0000010c     npi_tl_uart.o (.text.NPITLUART_readCallBack)
                  000033bc    0000010c     drivers_cc26x2.a : PowerCC26X2_calibrateRCOSC.c.obj (.text.PowerCC26X2_calibrate)
                  000034c8    00000108                      : NVSCC26XX.c.obj (.text.NVSCC26XX_write)
                  000035d0    00000108     rf_multiMode_cc26x2.a : RFCC26X2_multiMode.c.cc26x2.ticlang.o (.text.RF_fsmPowerUpState)
                  000036d8    00000104     drivers_cc26x2.a : GPIOCC26X2.c.obj (.text.GPIO_init)
                  000037dc    00000104                      : UART2CC26X2.c.obj (.text.UART2CC26X2_initHw)
                  000038e0    00000104     ull.o (.text.ull_monitorSchedule)
                  000039e4    00000100     micro_ble_cm.o (.text.ubCM_setupNextCMEvent)
                  00003ae4    000000fc     rf_multiMode_cc26x2.a : RFCC26X2_multiMode.c.cc26x2.ticlang.o (.text.RF_hwiCpe0Active)
                  00003be0    000000f4     driverlib.lib : sys_ctrl.o (.text.NOROM_SysCtrlStandby)
                  00003cd4    000000f0     drivers_cc26x2.a : UART2CC26X2.c.obj (.text.UART2Support_dmaStartRx)
                  00003dc4    000000e8     npi_task.o (.text.NPITask_open)
                  00003eac    000000e4     driverlib.lib : setup.o (.text.NOROM_SetupTrimDevice)
                  00003f90    000000e4     ti_sysbios_config.o (.text.ti_sysbios_knl_Semaphore_pend)
                  00004074    000000e0     ti_sysbios_config.o (.text.ti_sysbios_knl_Event_pend)
                  00004154    000000dc     rf_multiMode_cc26x2.a : RFCC26X2_multiMode.c.cc26x2.ticlang.o (.text.RF_control)
                  00004230    000000d8     ti_sysbios_config.o (.text.ti_sysbios_family_arm_m3_Hwi_excFillContext)
                  00004308    000000d4     npi_task.o (.text.NPITask_transportDoneCallBack)
                  000043dc    000000d4     main.o (.text.main)
                  000044b0    000000d0     drivers_cc26x2.a : PowerCC26X2.c.obj (.text.configureXOSCHF)
                  00004580    000000cc     ti_sysbios_config.o (.text.ti_sysbios_knl_Clock_workFuncDynamic)
                  0000464c    000000ca     rf_multiMode_cc26x2.a : RFCC26X2_multiMode.c.cc26x2.ticlang.o (.text.RF_updatePaConfiguration)
                  00004716    000000c4     driverlib.lib : setup.o (.text.TrimAfterColdResetWakeupFromShutDown)
                  000047da    00000002     rf_multiMode_cc26x2.a : RFCC26X2_multiMode.c.cc26x2.ticlang.o (.text.RF_defaultCallback)
                  000047dc    000000c0     rtls_ctrl.o (.text.RTLSCtrl_taskFxn)
                  0000489c    000000c0     uble.o (.text.uble_setParameter)
                  0000495c    000000bc     rf_multiMode_cc26x2.a : RFCC26X2_multiMode.c.cc26x2.ticlang.o (.text.RF_swiHw)
                  00004a18    000000bc     drivers_cc26x2.a : UART2CC26X2.c.obj (.text.UART2Support_dmaStartTx)
                  00004ad4    000000b8     ti_sysbios_config.o (.text.ti_sysbios_knl_Task_Instance_finalize)
                  00004b8c    000000b4     driverlib.lib : osc.o (.text.NOROM_OSCHF_AttemptToSwitchToXosc)
                  00004c40    000000b4     ti_sysbios_config.o (.text.PowerCC26XX_standbyPolicy)
                  00004cf4    000000b4     drivers_cc26x2.a : PowerCC26X2.c.obj (.text.Power_releaseDependency)
                  00004da8    000000b4     ti_sysbios_config.o (.text.ti_sysbios_knl_Task_setPri)
                  00004e5c    000000b0     drivers_cc26x2.a : PowerCC26X2.c.obj (.text.Power_setDependency)
                  00004f0c    000000b0     libclang_rt.builtins.a : udivmoddi4.S.obj (.text)
                  00004fbc    000000a8     micro_ble_cm.o (.text.ubCM_startNewSession)
                  00005064    000000a4     rf_multiMode_cc26x2.a : RFCC26X2_multiMode.c.cc26x2.ticlang.o (.text.RF_initRadioSetup)
                  00005108    000000a4     ti_sysbios_config.o (.text.ti_sysbios_knl_Task_Instance_init)
                  000051ac    000000a0     rf_multiMode_cc26x2.a : RFCC26X2_multiMode.c.cc26x2.ticlang.o (.text.RF_calculateDispatchTime)
                  0000524c    000000a0     micro_cm_app.o (.text.ubStack_taskFxn)
                  000052ec    00000098     nvocmp.o (.text.NVOCMP_erase)
                  00005384    00000098     rf_multiMode_cc26x2.a : RFCC26X2_multiMode.c.cc26x2.ticlang.o (.text.RF_defaultSubmitPolicy)
                  0000541c    00000096                           : RFCC26X2_multiMode.c.cc26x2.ticlang.o (.text.RF_verifyGap)
                  000054b2    00000002     drivers_cc26x2.a : UART2CC26X2.c.obj (.text.UART2CC26X2_eventCallback)
                  000054b4    00000094     rf_multiMode_cc26x2.a : RFCC26X2_multiMode.c.cc26x2.ticlang.o (.text.RF_ratRestartChannels)
                  00005548    00000094     ti_sysbios_config.o (.text.ti_sysbios_knl_Clock_startI)
                  000055dc    00000094     ti_sysbios_config.o (.text.ti_sysbios_knl_Task_sleep)
                  00005670    0000008c     npi_task.o (.text.NPITask_ProcessTXQ)
                  000056fc    0000008c     ti_sysbios_config.o (.text.ti_sysbios_knl_Clock_init)
                  00005788    00000088     rf_multiMode_cc26x2.a : RFCC26X2_multiMode.c.cc26x2.ticlang.o (.text.RF_cmdDispatchTime)
                  00005810    00000088                           : RFCC26X2_multiMode.c.cc26x2.ticlang.o (.text.RF_discardPendCmd)
                  00005898    00000088                           : rf_patch_cpe_multi_protocol_rtls.c.cc26x2.ticlang.o (.text.configureMultiProtocolRtlsPatch)
                  00005920    00000084     nvocmp.o (.text.NVOCMP_readHeader)
                  000059a4    00000084     rf_multiMode_cc26x2.a : RFCC26X2_multiMode.c.cc26x2.ticlang.o (.text.RF_getInfo)
                  00005a28    00000084     micro_ble_cm.o (.text.ubCM_start)
                  00005aac    00000080     driverlib.lib : sys_ctrl.o (.text.NOROM_SysCtrlSetRechargeBeforePowerDown)
                  00005b2c    00000080     drivers_cc26x2.a : UART2CC26X2.c.obj (.text.UART2Support_dmaStopTx)
                  00005bac    00000080                      : NVSCC26XX.c.obj (.text.doErase)
                  00005c2c    00000080     ti_sysbios_config.o (.text.ti_sysbios_family_arm_m3_Hwi_initNVIC)
                  00005cac    00000080     ti_sysbios_config.o (.text.ti_sysbios_gates_GateMutexPri_enter)
                  00005d2c    00000080     ull.o (.text.ull_monitorDoneCb)
                  00005dac    00000080     urfi.o (.text.urfi_init)
                  00005e2c    0000007e     driverlib.lib : chipinfo.o (.text.NOROM_ChipInfo_GetChipType)
                  00005eaa    00000002     libclang_rt.builtins.a : aeabi_div0.c.obj (.text.__aeabi_ldiv0)
                  00005eac    0000007c     ti_sysbios_config.o (.text.ti_sysbios_family_arm_m3_Hwi_postInit)
                  00005f28    00000078     driverlib.lib : osc.o (.text.NOROM_OSCHF_SwitchToRcOscTurnOffXosc)
                  00005fa0    00000078                   : osc.o (.text.NOROM_OSC_CapArrayAdjustWorkaround_Boot)
                  00006018    00000078     drivers_cc26x2.a : NVSCC26XX.c.obj (.text.NVSCC26XX_open)
                  00006090    00000078     rf_multiMode_cc26x2.a : RFCC26X2_multiMode.c.cc26x2.ticlang.o (.text.RF_ratFreeChannel)
                  00006108    00000078     rtls_ctrl.o (.text.RTLSCtrl_processSyncEvent)
                  00006180    00000078     ti_sysbios_config.o (.text.ti_sysbios_knl_Task_postInit)
                  000061f8    00000074     nvocmp.o (.text.NVOCMP_readItemApi)
                  0000626c    00000074     drivers_cc26x2.a : PowerCC26X2_calibrateRCOSC_helpers.c.obj (.text.PowerCC26X2_updateSubSecInc)
                  000062e0    00000074     rf_multiMode_cc26x2.a : RFCC26X2_multiMode.c.cc26x2.ticlang.o (.text.RF_hwiHw)
                  00006354    00000074     rtls_host_npi.o (.text.RTLSHost_processNpiMessage)
                  000063c8    00000074     ti_sysbios_config.o (.text.ti_sysbios_knl_Swi_restoreHwi)
                  0000643c    00000074     ti_sysbios_config.o (.text.ti_sysbios_knl_Task_startup)
                  000064b0    00000074     ull.o (.text.ull_rxEntryDoneCback)
                  00006524    00000070     npi_tl.o (.text.NPITL_openTL)
                  00006594    00000070     ti_sysbios_config.o (.text.ti_sysbios_family_arm_m3_Hwi_Instance_init)
                  00006604    0000006c     nvocmp.o (.text.NVOCMP_eraseNvApi)
                  00006670    0000006c     nvocmp.o (.text.NVOCMP_writeItemApi)
                  000066dc    0000006c     rf_multiMode_cc26x2.a : RFCC26X2_multiMode.c.cc26x2.ticlang.o (.text.RF_issueRadioFreeCb)
                  00006748    0000006c     ti_sysbios_config.o (.text.ti_sysbios_family_arm_m3_Hwi_dispatchC)
                  000067b4    0000006c     micro_ble_cm.o (.text.ubCM_isThereACollisionBetweenConn)
                  00006820    0000006a     nvocmp.o (.text.NVOCMP_verifyCRC)
                  0000688a    0000006a     libc.a : copy_decompress_lzss.c.obj (.text:decompress:lzss)
                  000068f4    00000068     rf_multiMode_cc26x2.a : RFCC26X2_multiMode.c.cc26x2.ticlang.o (.text.RF_detachOverrides)
                  0000695c    00000068     drivers_cc26x2.a : UART2CC26X2.c.obj (.text.UART2Support_dmaStopRx)
                  000069c4    00000068     ti_sysbios_config.o (.text.ti_sysbios_knl_Event_post)
                  00006a2c    00000068     ti_sysbios_config.o (.text.ti_sysbios_knl_Swi_run)
                  00006a94    00000068     ull.o (.text.uble_processLLMsg)
                  00006afc    00000064     drivers_cc26x2.a : PowerCC26X2_calibrateRCOSC.c.obj (.text.PowerCC26X2_initiateCalibration)
                  00006b60    00000064     rf_multiMode_cc26x2.a : RFCC26X2_multiMode.c.cc26x2.ticlang.o (.text.RF_attachOverrides)
                  00006bc4    00000064                           : RFCC26X2_multiMode.c.cc26x2.ticlang.o (.text.RF_dispatchNextEvent)
                  00006c28    00000064                           : RFCC26X2_multiMode.c.cc26x2.ticlang.o (.text.RF_hwiCpe0PowerFsm)
                  00006c8c    00000064     drivers_cc26x2.a : UDMACC26XX.c.obj (.text.UDMACC26XX_open)
                  00006cf0    00000064                      : PowerCC26X2.c.obj (.text.oscillatorISR)
                  00006d54    00000064     ti_sysbios_config.o (.text.ti_sysbios_gates_GateMutexPri_leave)
                  00006db8    00000064     ti_sysbios_config.o (.text.ti_sysbios_knl_Idle_init)
                  00006e1c    00000064     ti_sysbios_config.o (.text.ti_sysbios_knl_TaskSupport_buildTaskStack)
                  00006e80    00000060     nvocmp.o (.text.NVOCMP_checkItem)
                  00006ee0    00000060     micro_ble_cm.o (.text.setNextDataChan)
                  00006f40    00000060     ti_sysbios_config.o (.text.ti_sysbios_heaps_HeapMem_allocUnprotected)
                  00006fa0    00000060     ti_sysbios_config.o (.text.ti_sysbios_knl_Clock_walkQueueDynamic)
                  00007000    00000060     ti_sysbios_config.o (.text.ti_sysbios_knl_Semaphore_post)
                  00007060    00000060     ti_sysbios_config.o (.text.ti_sysbios_knl_Swi_schedule)
                  000070c0    00000060     uble.o (.text.uble_buildAndPostEvt)
                  00007120    0000005e     rf_multiMode_cc26x2.a : rfc.c.cc26x2.ticlang.o (.text.NOROM_RFCAnaDivTxOverride)
                  0000717e    00000002     libc.a : _lock.c.obj (.text._nop)
                  00007180    0000005c     rtls_ctrl.o (.text.RTLSCtrl_connResultEvt)
                  000071dc    0000005c     rtls_ctrl.o (.text.RTLSCtrl_enqueueMsg)
                  00007238    0000005c     rtls_host_npi.o (.text.RTLSHost_sendMsg)
                  00007294    00000058     micro_cm_app.o (.text.MicroCmApp_init)
                  000072ec    00000058     rf_multiMode_cc26x2.a : RFCC26X2_multiMode.c.cc26x2.ticlang.o (.text.RF_applyRfCorePatch)
                  00007344    00000058     sysbios.a : Hwi_asm_switch_gnu.obj (.text.ti_sysbios_family_arm_m3_Hwi_initStacks)
                  0000739c    00000054     nvocmp.o (.text.NVOCMP_compactNvApi)
                  000073f0    00000054     nvocmp.o (.text.NVOCMP_getDstPage)
                  00007444    00000054     rf_multiMode_cc26x2.a : RFCC26X2_multiMode.c.cc26x2.ticlang.o (.text.RF_fsmXOSCState)
                  00007498    00000054                           : RFCC26X2_multiMode.c.cc26x2.ticlang.o (.text.RF_getCurrentTime)
                  000074ec    00000054     micro_ble_cm.o (.text.processChanMap)
                  00007540    00000054     micro_cm_app.o (.text.uBLEStack_eventProxy)
                  00007594    00000054     ugap.o (.text.uble_processGAPMsg)
                  000075e8    00000054     ugap.o (.text.ugap_monitorChangeState)
                  0000763c    00000052     driverlib.lib : chipinfo.o (.text.NOROM_ChipInfo_GetHwRevision)
                  0000768e    00000002     drivers_cc26x2.a : PowerCC26X2.c.obj (.text.emptyClockFunc)
                  00007690    00000050     npi_tl_uart.o (.text.NPITLUART_writeTransport)
                  000076e0    00000050     nvocmp.o (.text.NVOCMP_loadApiPtrsMin)
                  00007730    00000050     rf_multiMode_cc26x2.a : RFCC26X2_multiMode.c.cc26x2.ticlang.o (.text.RF_wakeupNotification)
                  00007780    00000050     rtls_ctrl.o (.text.RTLSCtrl_processMessage)
                  000077d0    00000050     ti_sysbios_config.o (.text.ti_sysbios_knl_Swi_post)
                  00007820    00000050     ti_sysbios_config.o (.text.ti_sysbios_knl_Swi_runLoop)
                  00007870    00000050     ti_sysbios_config.o (.text.ti_sysbios_knl_Task_schedule)
                  000078c0    00000050     micro_ble_cm.o (.text.ubCm_init)
                  00007910    0000004e     nvocmp.o (.text.NVOCMP_readItem)
                  0000795e    0000004e     ti_sysbios_config.o (.text.ti_sysbios_heaps_HeapMem_freeUnprotected)
                  000079ac    0000004c     ti_sysbios_config.o (.text.BIOS_startFunc)
                  000079f8    0000004c     micro_cm_app.o (.text.MicroCmApp_enqueueAppMsg)
                  00007a44    0000004c     driverlib.lib : osc.o (.text.NOROM_OSC_HPOSCRelativeFrequencyOffsetGet)
                  00007a90    0000004c     npi_task.o (.text.NPITask_sendToHost)
                  00007adc    0000004c     nvocmp.o (.text.NVOCMP_setItemInactive)
                  00007b28    0000004c     drivers_cc26x2.a : NVSCC26XX.c.obj (.text.NVSCC26XX_init)
                  00007b74    0000004c                      : NVSCC26XX.c.obj (.text.NVSCC26XX_read)
                  00007bc0    0000004c     rtls_ctrl.o (.text.RTLSCtrl_open)
                  00007c0c    0000004c     rtls_host_npi.o (.text.RTLSHost_openHostIf)
                  00007c58    0000004c     micro_ble_cm.o (.text.monitor_stateChangeCB)
                  00007ca4    0000004c     micro_ble_cm.o (.text.removeConnSortedList)
                  00007cf0    0000004c     drivers_cc26x2.a : PowerCC26X2.c.obj (.text.switchXOSCHF)
                  00007d3c    0000004c     ti_sysbios_config.o (.text.ti_sysbios_knl_Swi_Instance_init)
                  00007d88    0000004c     urfi.o (.text.urfi_initGenericRxCmd)
                  00007dd4    00000048     ti_sysbios_config.o (.text.BIOS_init)
                  00007e1c    00000048     driverlib.lib : aux_sysif.o (.text.NOROM_AUXSYSIFOpModeChange)
                  00007e64    00000048     rf_multiMode_cc26x2.a : rfc.c.cc26x2.ticlang.o (.text.NOROM_RFCSynthPowerDown)
                  00007eac    00000048     drivers_cc26x2.a : NVS.c.obj (.text.NVS_open)
                  00007ef4    00000048                      : PowerCC26X2.c.obj (.text.PowerCC26XX_switchXOSC_HF)
                  00007f3c    00000048     rtls_ctrl.o (.text.RTLSCtrl_getActiveConnInfoCmd)
                  00007f84    00000048     rtls_ctrl.o (.text.RTLSCtrl_updateConnInterval)
                  00007fcc    00000048     drivers_cc26x2.a : UART2.c.obj (.text.UART2_readFull)
                  00008014    00000048     micro_ble_cm.o (.text.addConnSortedList)
                  0000805c    00000048     ti_sysbios_config.o (.text.ti_sysbios_family_arm_cc26xx_Timer_start)
                  000080a4    00000048     ti_sysbios_config.o (.text.ti_sysbios_heaps_HeapMem_Instance_init)
                  000080ec    00000048     ti_sysbios_config.o (.text.ti_sysbios_heaps_HeapMem_alloc)
                  00008134    00000048     ti_sysbios_config.o (.text.ti_sysbios_runtime_Startup_exec)
                  0000817c    00000048     uble.o (.text.uble_stackInit)
                  000081c4    00000048     ull.o (.text.ull_monitorStart)
                  0000820c    00000048     ull.o (.text.ull_setupMonitorDataEntryQueue)
                  00008254    00000046     drivers_cc26x2.a : RingBuf.c.obj (.text.RingBuf_put)
                  0000829a    00000002     hal_assert.o (.text.halAssertSpinlock)
                  0000829c    00000044     ti_sysbios_config.o (.text.BIOS_atExitFunc)
                  000082e0    00000044     drivers_cc26x2.a : GPIOCC26X2.c.obj (.text.GPIO_hwiIntFxn)
                  00008324    00000044     driverlib.lib : prcm.o (.text.NOROM_PRCMPowerDomainsAllOff)
                  00008368    00000044                   : prcm.o (.text.NOROM_PRCMPowerDomainsAllOn)
                  000083ac    00000044     npi_tl.o (.text.NPITL_writeTL)
                  000083f0    00000044     rf_multiMode_cc26x2.a : RFCC26X2_multiMode.c.cc26x2.ticlang.o (.text.RF_cmdGet)
                  00008434    00000044                           : RFCC26X2_multiMode.c.cc26x2.ticlang.o (.text.RF_updatePowerupDuration)
                  00008478    00000044     ti_sysbios_config.o (.text.ti_sysbios_family_arm_m3_Hwi_construct2)
                  000084bc    00000044     ti_sysbios_config.o (.text.ti_sysbios_family_arm_m3_Hwi_disableInterrupt)
                  00008500    00000044     ti_sysbios_config.o (.text.ti_sysbios_family_arm_m3_Hwi_enableInterrupt)
                  00008544    00000044     ti_sysbios_config.o (.text.ti_sysbios_knl_Swi_restore)
                  00008588    00000044     uble.o (.text.uble_processMsg)
                  000085cc    00000044     ugap.o (.text.ugap_monitorRequest)
                  00008610    00000042     uble.o (.text.uble_checkAddr)
                  00008652    00000002     ti_sysbios_config.o (.text.ti_sysbios_runtime_System_exitSpin)
                  00008654    00000040     npi_tl_uart.o (.text.NPITLUART_openTransport)
                  00008694    00000040     npi_tl.o (.text.NPITL_readTL)
                  000086d4    00000040     drivers_cc26x2.a : PowerCC26X2_calibrateRCOSC.c.obj (.text.PowerCC26X2_RCOSC_clockFunc)
                  00008714    00000040                      : PowerCC26X2_calibrateRCOSC_helpers.c.obj (.text.PowerCC26X2_setAclkRefSrc)
                  00008754    00000040     rtls_ctrl.o (.text.RTLSCtrl_malloc)
                  00008794    00000040     rtls_ctrl.o (.text.RTLSCtrl_updateConnState)
                  000087d4    00000040     drivers_cc26x2.a : NVSCC26XX.c.obj (.text.disableFlashCache)
                  00008814    00000040     ti_sysbios_config.o (.text.ti_sysbios_heaps_HeapMem_getStats)
                  00008854    00000040     ti_sysbios_config.o (.text.ti_sysbios_knl_Clock_getTicksUntilInterrupt)
                  00008894    00000040     ti_sysbios_config.o (.text.ti_sysbios_knl_Task_exit)
                  000088d4    00000040     micro_ble_cm.o (.text.ubCM_callApp)
                  00008914    0000003c     ti_sysbios_config.o (.text.HwiP_construct)
                  00008950    0000003c     driverlib.lib : sys_ctrl.o (.text.NOROM_SysCtrlIdle)
                  0000898c    0000003c     npi_task.o (.text.NPITask_sendAssertMsg)
                  000089c8    0000003c     nvocmp.o (.text.NVOCMP_getFreeNvApi)
                  00008a04    0000003c     drivers_cc26x2.a : PowerCC26X2_calibrateRCOSC_helpers.c.obj (.text.PowerCC26X2_setTdcClkSrc24M)
                  00008a40    0000003c     rtls_ctrl.o (.text.RTLSCtrl_connReqCmd)
                  00008a7c    0000003c     rtls_ctrl.o (.text.RTLSCtrl_periodicAdvTerminateSyncCmd)
                  00008ab8    0000003c     ti_sysbios_config.o (.text.ti_sysbios_family_arm_cc26xx_Timer_periodicStub)
                  00008af4    0000003c     ti_sysbios_config.o (.text.ti_sysbios_family_arm_cc26xx_Timer_setThreshold)
                  00008b30    0000003c     ti_sysbios_config.o (.text.ti_sysbios_heaps_HeapMem_construct)
                  00008b6c    0000003c     ti_sysbios_config.o (.text.ti_sysbios_knl_ClockSupport_init)
                  00008ba8    0000003c     ti_sysbios_config.o (.text.ti_sysbios_knl_Task_blockI)
                  00008be4    0000003c     ti_sysbios_config.o (.text.ti_sysbios_knl_Task_create)
                  00008c20    0000003c     ti_sysbios_config.o (.text.ti_sysbios_knl_Task_restore)
                  00008c5c    0000003c     ti_sysbios_config.o (.text.ti_sysbios_runtime_Memory_alloc)
                  00008c98    0000003c     micro_ble_cm.o (.text.ubCM_stop)
                  00008cd4    0000003c     ugap.o (.text.ugap_monitorInit)
                  00008d10    0000003a     ti_sysbios_config.o (.text.ti_sysbios_knl_Task_checkStacks)
                  00008d4a    00000002     --HOLE-- [fill = 0]
                  00008d4c    00000038     ti_sysbios_config.o (.text.MemAlloc_alloc)
                  00008d84    00000038     micro_cm_app.o (.text.MicroCmApp_stack_init)
                  00008dbc    00000038     nvocmp.o (.text.NVOCMP_disableCache)
                  00008df4    00000038     nvocmp.o (.text.NVOCMP_write)
                  00008e2c    00000038     drivers_cc26x2.a : PowerCC26X2_helpers.c.obj (.text.PowerCC26X2_oscDisableQualifiers)
                  00008e64    00000038     rtls_ctrl.o (.text.RTLSCtrl_createTask)
                  00008e9c    00000038     drivers_cc26x2.a : RingBuf.c.obj (.text.RingBuf_putAdvance)
                  00008ed4    00000038                      : UART2.c.obj (.text.UART2_rxEnable)
                  00008f0c    00000038     rf_multiMode_cc26x2.a : rf_patch_cpe_multi_protocol_rtls.c.cc26x2.ticlang.o (.text.rf_patch_cpe_multi_protocol_rtls)
                  00008f44    00000038     ti_sysbios_config.o (.text.ti_sysbios_knl_Task_processVitalTaskFlag)
                  00008f7c    00000038     micro_ble_cm.o (.text.ubCM_updateExt)
                  00008fb4    00000038     uble.o (.text.uble_getPublicAddr)
                  00008fec    00000038     ugap.o (.text.upag_monitorIndicationCB)
                  00009024    00000038     urfi.o (.text.urfi_clientEventCb)
                  0000905c    00000038     libc.a : autoinit.c.obj (.text:__TI_auto_init_nobinit_nopinit)
                  00009094    00000034     micro_cm_app.o (.text.MicroCmApp_getSessionId)
                  000090c8    00000034     npi_tl_uart.o (.text.NPITLUART_readTransport)
                  000090fc    00000034     nvocmp.o (.text.NVOCMP_changePageState)
                  00009130    00000034     drivers_cc26x2.a : PowerCC26X2.c.obj (.text.Power_releaseConstraint)
                  00009164    00000034     rf_multiMode_cc26x2.a : RFCC26X2_multiMode.c.cc26x2.ticlang.o (.text.RF_powerConstraintRelease)
                  00009198    00000034                           : RFCC26X2_multiMode.c.cc26x2.ticlang.o (.text.RF_runDirectImmediateCmd)
                  000091cc    00000034     ti_sysbios_config.o (.text.SwiP_construct)
                  00009200    00000034     drivers_cc26x2.a : UART2CC26X2.c.obj (.text.UART2Support_sendData)
                  00009234    00000034     util.o (.text.Util_enqueueMsg)
                  00009268    00000034     ti_sysbios_config.o (.text._pthread_cleanupFxn)
                  0000929c    00000034     ti_sysbios_config.o (.text.ti_sysbios_family_arm_m3_Hwi_getStackInfo)
                  000092d0    00000034     ti_sysbios_config.o (.text.ti_sysbios_family_arm_m3_Hwi_init)
                  00009304    00000034     ti_sysbios_config.o (.text.ti_sysbios_knl_Clock_Instance_init)
                  00009338    00000034     ti_sysbios_config.o (.text.ti_sysbios_knl_Task_unblockI)
                  0000936c    00000034     ti_sysbios_config.o (.text.ti_sysbios_runtime_Error_raiseX)
                  000093a0    00000034     ull.o (.text.ull_getPDU)
                  000093d4    00000034     sysbios.a : boot_cortex_m.obj (.text:_c_int00)
                  00009408    00000032     ti_sysbios_config.o (.text.ti_sysbios_knl_Event_pendTimeout)
                  0000943a    00000032     ti_sysbios_config.o (.text.ti_sysbios_knl_Semaphore_pendTimeout)
                  0000946c    00000030     main.o (.text.AssertHandler)
                  0000949c    00000030     ti_sysbios_config.o (.text.ClockP_construct)
                  000094cc    00000030     npi_tl.o (.text.NPITL_writeBypassSafeTL)
                  000094fc    00000030     npi_util.o (.text.NPIUtil_enqueueMsg)
                  0000952c    00000030     drivers_cc26x2.a : NVSCC26XX.c.obj (.text.NVSCC26XX_erase)
                  0000955c    00000030                      : PowerCC26X2.c.obj (.text.Power_setConstraint)
                  0000958c    00000030     rf_multiMode_cc26x2.a : RFCC26X2_multiMode.c.cc26x2.ticlang.o (.text.RF_checkCmdFsError)
                  000095bc    00000030     rtls_ctrl.o (.text.RTLSCtrl_enableConnInfoCmd)
                  000095ec    00000030     rtls_ctrl.o (.text.RTLSCtrl_terminateLinkCmd)
                  0000961c    00000030     drivers_cc26x2.a : PowerCC26X2.c.obj (.text.notify)
                  0000964c    00000030     ti_sysbios_config.o (.text.ti_sysbios_family_arm_m3_Hwi_excHandlerMin)
                  0000967c    00000030     ti_sysbios_config.o (.text.ti_sysbios_heaps_HeapMem_free)
                  000096ac    00000030     ti_sysbios_config.o (.text.ti_sysbios_knl_TaskSupport_start)
                  000096dc    00000030     ti_sysbios_config.o (.text.ti_sysbios_runtime_System_atexit)
                  0000970c    00000030     ti_sysbios_config.o (.text.ti_sysbios_runtime_System_processAtExit)
                  0000973c    0000002e     driverlib.lib : chipinfo.o (.text.NOROM_ThisLibraryIsFor_CC13x2_CC26x2_HwRev20AndLater_HaltIfViolated)
                  0000976a    0000002e     rf_multiMode_cc26x2.a : RFCC26X2_multiMode.c.cc26x2.ticlang.o (.text.RF_calculateDeltaTimeUs)
                  00009798    0000002e     drivers_cc26x2.a : RingBuf.c.obj (.text.RingBuf_getConsume)
                  000097c6    0000002e                      : RingBuf.c.obj (.text.RingBuf_putPointer)
                  000097f4    0000002c     npi_task.o (.text.NPITask_Params_init)
                  00009820    0000002c     npi_task.o (.text.NPITask_regSSFromHostCB)
                  0000984c    0000002c     npi_task.o (.text.NPITask_routeHostToSS)
                  00009878    0000002c     nvocmp.o (.text.NVOCMP_setCompactHdr)
                  000098a4    0000002c     drivers_cc26x2.a : NVS.c.obj (.text.NVS_init)
                  000098d0    0000002c     ti_sysbios_config.o (.text.PowerCC26XX_schedulerDisable)
                  000098fc    0000002c     rf_multiMode_cc26x2.a : RFCC26X2_multiMode.c.cc26x2.ticlang.o (.text.RF_executeDirectImmediateCmd)
                  00009928    0000002c     rtls_ctrl.o (.text.RTLSCtrl_syncNotifyEvt)
                  00009954    0000002c     drivers_cc26x2.a : UART2CC26X2.c.obj (.text.UART2CC26X2_getRxData)
                  00009980    0000002c                      : UART2CC26X2.c.obj (.text.UART2Support_enableInts)
                  000099ac    0000002c     ti_sysbios_config.o (.text._pthread_delete)
                  000099d8    0000002c     ti_sysbios_config.o (.text.ti_sysbios_gates_GateMutex_enter)
                  00009a04    0000002c     ti_sysbios_config.o (.text.ti_sysbios_knl_Clock_getTicks)
                  00009a30    0000002c     ti_sysbios_config.o (.text.ti_sysbios_knl_Clock_getTimeout)
                  00009a5c    0000002c     ti_sysbios_config.o (.text.ti_sysbios_knl_Swi_setPri)
                  00009a88    0000002c     ti_sysbios_config.o (.text.ti_sysbios_knl_Task_restoreHwi)
                  00009ab4    0000002c     uble.o (.text.uble_timeCompare)
                  00009ae0    0000002a     driverlib.lib : osc.o (.text.NOROM_OSCHF_TurnOnXosc)
                  00009b0a    0000002a     rtls_ctrl.o (.text.RTLSCtrl_sendDebugEvt)
                  00009b34    0000002a     drivers_cc26x2.a : UART2CC26X2.c.obj (.text.UART2Support_powerRelConstraint)
                  00009b5e    0000002a     ti_sysbios_config.o (.text.ti_sysbios_family_arm_cc26xx_Timer_setNextTick)
                  00009b88    0000002a     ti_sysbios_config.o (.text.ti_sysbios_knl_Task_allBlockedFunction)
                  00009bb2    00000002     --HOLE-- [fill = 0]
                  00009bb4    00000028     ti_sysbios_config.o (.text.BIOS_registerRTSLock)
                  00009bdc    00000028     drivers_cc26x2.a : List.c.obj (.text.List_remove)
                  00009c04    00000028     micro_cm_app.o (.text.MicroCmApp_terminateLinkReq)
                  00009c2c    00000028     drivers_cc26x2.a : PowerCC26X2.c.obj (.text.PowerCC26XX_isStableXOSC_HF)
                  00009c54    00000028     rf_multiMode_cc26x2.a : RFCC26X2_multiMode.c.cc26x2.ticlang.o (.text.RF_cmdStoreEvents)
                  00009c7c    00000028     sysbios.a : Hwi_asm_gnu.obj (.text.ti_sysbios_family_arm_m3_Hwi_excHandlerAsm)
                  00009ca4    00000028     ti_sysbios_config.o (.text.ti_sysbios_gates_GateMutex_Instance_init)
                  00009ccc    00000028     ti_sysbios_config.o (.text.ti_sysbios_knl_Semaphore_Instance_init)
                  00009cf4    00000028     ti_sysbios_config.o (.text.ti_sysbios_knl_Swi_init)
                  00009d1c    00000028     sysbios.a : TaskSupport_asm_gnu.obj (.text.ti_sysbios_knl_TaskSupport_swap)
                  00009d44    00000028     ti_sysbios_config.o (.text.ti_sysbios_knl_Task_construct)
                  00009d6c    00000028     ti_sysbios_config.o (.text.ti_sysbios_knl_Task_init)
                  00009d94    00000028     micro_ble_cm.o (.text.ubCM_isSessionActive)
                  00009dbc    00000028     ugap.o (.text.ugap_monitorCompleteCB)
                  00009de4    00000026     drivers_cc26x2.a : List.c.obj (.text.List_insert)
                  00009e0a    00000026                      : List.c.obj (.text.List_putHead)
                  00009e30    00000026                      : UART2CC26X2.c.obj (.text.UART2Support_powerSetConstraint)
                  00009e56    00000002     --HOLE-- [fill = 0]
                  00009e58    00000024     ti_sysbios_config.o (.text.BIOS_removeRTSLock)
                  00009e7c    00000024     drivers_cc26x2.a : List.c.obj (.text.List_put)
                  00009ea0    00000024     micro_cm_app.o (.text.MicroCmApp_getHostConnHandle)
                  00009ec4    00000024     npi_tl_uart.o (.text.NPITLUART_writeCallBack)
                  00009ee8    00000024     drivers_cc26x2.a : PowerCC26X2_helpers.c.obj (.text.PowerCC26X2_getOscHfSourceReady)
                  00009f0c    00000024                      : PowerCC26X2_helpers.c.obj (.text.PowerCC26X2_setSubSecIncToXoscLf)
                  00009f30    00000024                      : PowerCC26X2_calibrateRCOSC_helpers.c.obj (.text.PowerCC26X2_writeCtrim)
                  00009f54    00000024                      : PowerCC26X2_calibrateRCOSC_helpers.c.obj (.text.PowerCC26X2_writeCtrimFract)
                  00009f78    00000024                      : PowerCC26X2_calibrateRCOSC_helpers.c.obj (.text.PowerCC26X2_writeCtrimFractEn)
                  00009f9c    00000024                      : PowerCC26X2_calibrateRCOSC_helpers.c.obj (.text.PowerCC26X2_writeRtrim)
                  00009fc0    00000024                      : PowerCC26X2.c.obj (.text.Power_registerNotify)
                  00009fe4    00000024     rf_multiMode_cc26x2.a : RFCC26X2_multiMode.c.cc26x2.ticlang.o (.text.RF_clkPowerUp)
                  0000a008    00000024                           : RFCC26X2_multiMode.c.cc26x2.ticlang.o (.text.RF_hwiCpe0ChangePhy)
                  0000a02c    00000024                           : RFCC26X2_multiMode.c.cc26x2.ticlang.o (.text.RF_isStateTransitionAllowed)
                  0000a050    00000024                           : RFCC26X2_multiMode.c.cc26x2.ticlang.o (.text.RF_searchAndReplacePAOverride)
                  0000a074    00000024     rtls_ctrl.o (.text.RTLSCtrl_callRtlsApp)
                  0000a098    00000024     ti_sysbios_config.o (.text.SemaphoreP_createBinary)
                  0000a0bc    00000024     drivers_cc26x2.a : NVSCC26XX.c.obj (.text.restoreFlashCache)
                  0000a0e0    00000024     ti_sysbios_config.o (.text.ti_sysbios_family_arm_m3_Hwi_construct)
                  0000a104    00000024     ti_sysbios_config.o (.text.ti_sysbios_knl_Semaphore_create)
                  0000a128    00000024     ti_sysbios_config.o (.text.ti_sysbios_knl_Semaphore_destruct)
                  0000a14c    00000024     ti_sysbios_config.o (.text.ti_sysbios_knl_Task_enter)
                  0000a170    00000024     urfi.o (.text.urfi_getTxPowerVal)
                  0000a194    00000022     drivers_cc26x2.a : List.c.obj (.text.List_get)
                  0000a1b6    00000022                      : RingBuf.c.obj (.text.RingBuf_getPointer)
                  0000a1d8    00000022                      : UART2.c.obj (.text.UART2_read)
                  0000a1fa    00000022     nvocmp.o (.text.memcmp)
                  0000a21c    00000022     ti_sysbios_config.o (.text.ti_sysbios_gates_GateMutexPri_insertPri)
                  0000a23e    00000002     --HOLE-- [fill = 0]
                  0000a240    00000020     rf_multiMode_cc26x2.a : rfc.c.cc26x2.ticlang.o (.text.NOROM_RFCDoorbellSendTo)
                  0000a260    00000020                           : rfc.c.cc26x2.ticlang.o (.text.NOROM_RFCOverrideSearch)
                  0000a280    00000020     npi_task.o (.text.NPIData_postAssertNpiMsgEvent)
                  0000a2a0    00000020     npi_tl.o (.text.NPITL_transmissionCallBack)
                  0000a2c0    00000020     npi_util.o (.text.NPIUtil_free)
                  0000a2e0    00000020     npi_util.o (.text.NPIUtil_malloc)
                  0000a300    00000020     drivers_cc26x2.a : NVSCC26XX.c.obj (.text.NVSCC26XX_getAttrs)
                  0000a320    00000020                      : PowerCC26X2_helpers.c.obj (.text.PowerCC26X2_disableTCXOQual)
                  0000a340    00000020                      : PowerCC26X2_helpers.c.obj (.text.PowerCC26X2_enableTCXOQual)
                  0000a360    00000020     ti_sysbios_config.o (.text.PowerCC26XX_schedulerRestore)
                  0000a380    00000020     rf_multiMode_cc26x2.a : RFCC26X2_multiMode.c.cc26x2.ticlang.o (.text.RF_cmdAlloc)
                  0000a3a0    00000020                           : RFCC26X2_multiMode.c.cc26x2.ticlang.o (.text.RF_invokeGlobalCallback)
                  0000a3c0    00000020                           : RFCC26X2_multiMode.c.cc26x2.ticlang.o (.text.RF_ratIsRunning)
                  0000a3e0    00000020     rtls_ctrl.o (.text.RTLSCtrl_addDeviceToPeriodicAdvListCmd)
                  0000a400    00000020     rtls_ctrl.o (.text.RTLSCtrl_clearPeriodicAdvListCmd)
                  0000a420    00000020     rtls_ctrl.o (.text.RTLSCtrl_periodicAdvCreateSyncCmd)
                  0000a440    00000020     rtls_ctrl.o (.text.RTLSCtrl_periodicAdvReceiveEnableCmd)
                  0000a460    00000020     rtls_ctrl.o (.text.RTLSCtrl_periodicAdvSyncCancelCmd)
                  0000a480    00000020     rtls_ctrl.o (.text.RTLSCtrl_readPeriodicAdvListSizeCmd)
                  0000a4a0    00000020     rtls_ctrl.o (.text.RTLSCtrl_removeDeviceFromPeriodicAdvListCmd)
                  0000a4c0    00000020     rtls_ctrl.o (.text.RTLSCtrl_scanReqCmd)
                  0000a4e0    00000020     ti_sysbios_config.o (.text.SemaphoreP_constructBinary)
                  0000a500    00000020     ti_sysbios_config.o (.text.ti_sysbios_family_arm_m3_Hwi_initStack)
                  0000a520    00000020     ti_sysbios_config.o (.text.ti_sysbios_gates_GateMutexPri_Instance_init)
                  0000a540    00000020     ti_sysbios_config.o (.text.ti_sysbios_knl_Semaphore_delete)
                  0000a560    00000020     ti_sysbios_config.o (.text.ti_sysbios_knl_Task_delete)
                  0000a580    00000020     ti_sysbios_config.o (.text.ti_sysbios_knl_Task_destruct)
                  0000a5a0    0000001e     driverlib.lib : flash.o (.text.NOROM_FlashProgram)
                  0000a5be    0000001e                   : flash.o (.text.NOROM_FlashSectorErase)
                  0000a5dc    0000001e     drivers_cc26x2.a : UART2.c.obj (.text.UART2_writeTimeout)
                  0000a5fa    0000001e     sysbios.a : Hwi_asm_switch_gnu.obj (.text.ti_sysbios_family_arm_m3_Hwi_switchAndRunFunc)
                  0000a618    0000001e     ti_sysbios_config.o (.text.ti_sysbios_gates_GateMutexPri_create)
                  0000a636    0000001e     ti_sysbios_config.o (.text.ti_sysbios_knl_Event_create)
                  0000a654    0000001c     ti_sysbios_config.o (.text.BIOS_rtsLock)
                  0000a670    0000001c     drivers_cc26x2.a : GPIOCC26XX.c.obj (.text.GPIO_setMux)
                  0000a68c    0000001c     ti_sysbios_config.o (.text.HwiP_setPriority)
                  0000a6a8    0000001c     npi_task.o (.text.NPITask_chgAssertHdr)
                  0000a6c4    0000001c     npi_util.o (.text.NPIUtil_EnterCS)
                  0000a6e0    0000001c     nvocmp.o (.text.NVOCMP_expectCompApi)
                  0000a6fc    0000001c     nvocmp.o (.text.NVOCMP_writeByte)
                  0000a718    0000001c     drivers_cc26x2.a : PowerCC26X2.c.obj (.text.Power_getTransitionLatency)
                  0000a734    0000001c     rf_multiMode_cc26x2.a : RFCC26X2_multiMode.c.cc26x2.ticlang.o (.text.RF_clkInactivityCallback)
                  0000a750    0000001c                           : RFCC26X2_multiMode.c.cc26x2.ticlang.o (.text.RF_getPAOverrideOffsetAndValue)
                  0000a76c    0000001c                           : RFCC26X2_multiMode.c.cc26x2.ticlang.o (.text.RF_powerConstraintSet)
                  0000a788    0000001c                           : RFCC26X2_multiMode.c.cc26x2.ticlang.o (.text.RF_swiFsm)
                  0000a7a4    0000001c     rtls_ctrl.o (.text.RTLSCtrl_calculateRSSI)
                  0000a7c0    0000001c     crc.o (.text.crc_update)
                  0000a7dc    0000001c     ti_sysbios_config.o (.text.free)
                  0000a7f8    0000001c     port.o (.text.port_queueCreate)
                  0000a814    0000001c     ti_sysbios_config.o (.text.ti_sysbios_knl_Event_checkEvents)
                  0000a830    0000001c     ti_sysbios_config.o (.text.ti_sysbios_knl_Idle_run)
                  0000a84c    0000001c     ti_sysbios_config.o (.text.ti_sysbios_knl_Queue_create)
                  0000a868    0000001c     ti_sysbios_config.o (.text.ti_sysbios_knl_Queue_get)
                  0000a884    0000001c     ti_sysbios_config.o (.text.ti_sysbios_knl_Queue_put)
                  0000a8a0    0000001c     ti_sysbios_config.o (.text.ti_sysbios_knl_Semaphore_construct)
                  0000a8bc    0000001c     ti_sysbios_config.o (.text.ti_sysbios_knl_Swi_construct)
                  0000a8d8    0000001c     ull.o (.text.ull_init)
                  0000a8f4    0000001c     ull.o (.text.ull_nextDataEntryDone)
                  0000a910    0000001a     ti_sysbios_config.o (.text.ti_sysbios_knl_Task_sleepTimeout)
                  0000a92a    00000002     --HOLE-- [fill = 0]
                  0000a92c    00000018     ti_sysbios_config.o (.text.BIOS_exitFunc)
                  0000a944    00000018     ti_sysbios_config.o (.text.BIOS_rtsUnlock)
                  0000a95c    00000018     npi_task.o (.text.NPITask_RemRdyEventCB)
                  0000a974    00000018     npi_task.o (.text.NPITask_mallocFrame)
                  0000a98c    00000018     npi_util.o (.text.NPIUtil_dequeueMsg)
                  0000a9a4    00000018     drivers_cc26x2.a : NVSCC26XX.c.obj (.text.NVSCC26XX_lock)
                  0000a9bc    00000018                      : PowerCC26X2.c.obj (.text.PowerCC26XX_calibrate)
                  0000a9d4    00000018                      : PowerCC26X2.c.obj (.text.Power_idleFunc)
                  0000a9ec    00000018     rf_multiMode_cc26x2.a : RFCC26X2_multiMode.c.cc26x2.ticlang.o (.text.RF_restartClockTimeout)
                  0000aa04    00000018     util.o (.text.Util_dequeueMsg)
                  0000aa1c    00000018     osal_snv_wrapper.o (.text.osal_snv_init)
                  0000aa34    00000018     ti_sysbios_config.o (.text.ti_sysbios_knl_Clock_scheduleNextTick)
                  0000aa4c    00000018     ti_sysbios_config.o (.text.ti_sysbios_knl_Event_Instance_init)
                  0000aa64    00000018     ti_sysbios_config.o (.text.ti_sysbios_knl_Swi_construct2)
                  0000aa7c    00000018     ti_sysbios_config.o (.text.ti_sysbios_knl_Swi_or)
                  0000aa94    00000018     sysbios.a : TaskSupport_asm_gnu.obj (.text.ti_sysbios_knl_TaskSupport_glue)
                  0000aaac    00000018     ti_sysbios_config.o (.text.ti_sysbios_knl_Task_unblock)
                  0000aac4    00000018     drivers_cc26x2.a : UART2CC26X2.c.obj (.text.uartDmaDisable)
                  0000aadc    00000018                      : UART2CC26X2.c.obj (.text.uartDmaEnable)
                  0000aaf4    00000016     ti_sysbios_config.o (.text.HwiP_interruptsEnabled)
                  0000ab0a    00000016     ti_sysbios_config.o (.text.HwiP_setFunc)
                  0000ab20    00000016     drivers_cc26x2.a : List.c.obj (.text.List_clearList)
                  0000ab36    00000016     ti_sysbios_config.o (.text.ti_sysbios_knl_Clock_start)
                  0000ab4c    00000016     ti_sysbios_config.o (.text.ti_sysbios_knl_Task_block)
                  0000ab62    00000014     nvocmp.o (.text.OUTLINED_FUNCTION_0)
                  0000ab76    00000002     --HOLE-- [fill = 0]
                  0000ab78    00000014     rf_multiMode_cc26x2.a : RFCC26X2_multiMode.c.cc26x2.ticlang.o (.text.RF_dbellSyncOnAck)
                  0000ab8c    00000014     drivers_cc26x2.a : UART2CC26X2.c.obj (.text.UART2CC26X2_postNotifyFxn)
                  0000aba0    00000014     libc.a : args_main.c.obj (.text._args_main)
                  0000abb4    00000014     port.o (.text.port_enterCS_HW)
                  0000abc8    00000014     ti_sysbios_config.o (.text.ti_sysbios_family_arm_m3_Hwi_switchFromBootStack)
                  0000abdc    00000014     ti_sysbios_config.o (.text.ti_sysbios_knl_Swi_disable)
                  0000abf0    00000014     libclang_rt.builtins.a : aeabi_memset.S.obj (.text)
                  0000ac04    00000014                            : aeabi_uldivmod.S.obj (.text)
                  0000ac18    00000012     npi_tl_uart.o (.text.NPITLUART_calcFCS)
                  0000ac2a    00000012     nvocmp.o (.text.NVOCMP_readByte)
                  0000ac3c    00000012     drivers_cc26x2.a : NVS.c.obj (.text.NVS_write)
                  0000ac4e    00000012     libc.a : memcpy_t2.S.obj (.text:TI_memcpy_small)
                  0000ac60    00000010     ti_sysbios_config.o (.text.ClockP_getCpuFreq)
                  0000ac70    00000010     drivers_cc26x2.a : GPIOCC26XX.c.obj (.text.GPIO_write)
                  0000ac80    00000010     ti_sysbios_config.o (.text.HwiP_Params_init)
                  0000ac90    00000010     ti_sysbios_config.o (.text.HwiP_post)
                  0000aca0    00000010     rf_multiMode_cc26x2.a : rfc.c.cc26x2.ticlang.o (.text.NOROM_RFCCpeIntGetAndClear)
                  0000acb0    00000010                           : rfc.c.cc26x2.ticlang.o (.text.NOROM_RFCHwIntGetAndClear)
                  0000acc0    00000010     nvocmp.o (.text.NVOCMP_read)
                  0000acd0    00000010     rf_multiMode_cc26x2.a : RFCC26X2_multiMode.c.cc26x2.ticlang.o (.text.OUTLINED_FUNCTION_1)
                  0000ace0    00000010     drivers_cc26x2.a : PowerCC26X2_helpers.c.obj (.text.PowerCC26X2_oscCtlClearXtal)
                  0000acf0    00000010                      : PowerCC26X2_helpers.c.obj (.text.PowerCC26X2_prcmEnableCacheRetention)
                  0000ad00    00000010                      : PowerCC26X2_calibrateRCOSC_helpers.c.obj (.text.PowerCC26X2_readCtrim)
                  0000ad10    00000010                      : PowerCC26X2_calibrateRCOSC_helpers.c.obj (.text.PowerCC26X2_readCtrimFract)
                  0000ad20    00000010                      : PowerCC26X2_calibrateRCOSC_helpers.c.obj (.text.PowerCC26X2_readRtrim)
                  0000ad30    00000010                      : PowerCC26X2_helpers.c.obj (.text.PowerCC26X2_switchToTCXO)
                  0000ad40    00000010     rtls_ctrl.o (.text.RTLSCtrl_resetDevice)
                  0000ad50    00000010     drivers_cc26x2.a : RingBuf.c.obj (.text.RingBuf_construct)
                  0000ad60    00000010     ti_sysbios_config.o (.text.SwiP_Params_init)
                  0000ad70    00000010     drivers_cc26x2.a : UART2CC26X2.c.obj (.text.UART2Support_txDone)
                  0000ad80    00000010     ti_sysbios_config.o (.text.ti_sysbios_family_arm_cc26xx_Timer_dynamicStub)
                  0000ad90    00000010     ti_sysbios_config.o (.text.ti_sysbios_family_arm_m3_Hwi_excHandler)
                  0000ada0    00000010     ti_sysbios_config.o (.text.ti_sysbios_knl_Task_disable)
                  0000adb0    00000010     libc.a : copy_zero_init.c.obj (.text:decompress:ZI)
                  0000adc0    0000000e     drivers_cc26x2.a : NVS.c.obj (.text.NVS_read)
                  0000adce    0000000e                      : PowerCC26X2.c.obj (.text.OUTLINED_FUNCTION_0)
                  0000addc    0000000e     rf_multiMode_cc26x2.a : RFCC26X2_multiMode.c.cc26x2.ticlang.o (.text.OUTLINED_FUNCTION_0)
                  0000adea    0000000e                           : RFCC26X2_multiMode.c.cc26x2.ticlang.o (.text.OUTLINED_FUNCTION_3)
                  0000adf8    0000000e     ti_sysbios_config.o (.text.SwiP_setPriority)
                  0000ae06    0000000e     drivers_cc26x2.a : UART2.c.obj (.text.UART2_write)
                  0000ae14    0000000e     util.o (.text.Util_constructQueue)
                  0000ae22    0000000e     port.o (.text.port_queueGet)
                  0000ae30    0000000e     drivers_cc26x2.a : PowerCC26X2.c.obj (.text.switchToTCXO)
                  0000ae3e    0000000e     ti_sysbios_config.o (.text.ti_sysbios_gates_GateMutex_leave)
                  0000ae4c    0000000e     libc.a : memset_t2.S.obj (.text:TI_memset_small)
                  0000ae5a    0000000e            : copy_decompress_none.c.obj (.text:decompress:none)
                  0000ae68    0000000c     ti_sysbios_config.o (.text.BIOS_linkedWithIncorrectBootLibrary)
                  0000ae74    0000000c     ti_sysbios_config.o (.text.BIOS_start)
                  0000ae80    0000000c     ti_sysbios_config.o (.text.HwiP_disable)
                  0000ae8c    0000000c     driverlib.lib : cpu.o (.text.NOROM_CPUcpsid)
                  0000ae98    0000000c                   : cpu.o (.text.NOROM_CPUcpsie)
                  0000aea4    0000000c     npi_tl.o (.text.NPITL_checkNpiBusy)
                  0000aeb0    0000000c     npi_util.o (.text.NPIUtil_ExitCS)
                  0000aebc    0000000c     nvocmp.o (.text.NVOCMP_doRAMCRC)
                  0000aec8    0000000c     drivers_cc26x2.a : NVSCC26XX.c.obj (.text.NVSCC26XX_unlock)
                  0000aed4    0000000c                      : PowerCC26X2_helpers.c.obj (.text.PowerCC26X2_oscClockSourceGet)
                  0000aee0    0000000c                      : PowerCC26X2_helpers.c.obj (.text.PowerCC26X2_setPeriphDeepSleepEnable)
                  0000aeec    0000000c                      : PowerCC26X2_helpers.c.obj (.text.PowerCC26X2_sysCtrlGetResetSource)
                  0000aef8    0000000c                      : PowerCC26X2_helpers.c.obj (.text.PowerCC26X2_sysCtrlVoltageConditionalControl)
                  0000af04    0000000c                      : PowerCC26X2.c.obj (.text.Power_getConstraintMask)
                  0000af10    0000000c     rf_multiMode_cc26x2.a : RFCC26X2_multiMode.c.cc26x2.ticlang.o (.text.RF_Params_init)
                  0000af1c    0000000c     ti_sysbios_config.o (.text.SemaphoreP_delete)
                  0000af28    0000000c     ti_sysbios_config.o (.text.SwiP_getTrigger)
                  0000af34    0000000c     drivers_cc26x2.a : UART2CC26X2.c.obj (.text.UART2Support_disableTx)
                  0000af40    0000000c                      : UART2CC26X2.c.obj (.text.UART2Support_enableRx)
                  0000af4c    0000000c                      : UART2CC26X2.c.obj (.text.UART2Support_enableTx)
                  0000af58    0000000c                      : UART2.c.obj (.text.UART2_Params_init)
                  0000af64    0000000c     libc.a : _lock.c.obj (.text._register_lock)
                  0000af70    0000000c            : _lock.c.obj (.text._register_unlock)
                  0000af7c    0000000c     ti_sysbios_config.o (.text.ti_sysbios_heaps_HeapMem_init)
                  0000af88    0000000c     ti_sysbios_config.o (.text.ti_sysbios_knl_ClockSupport_setNextTick)
                  0000af94    0000000c     ti_sysbios_config.o (.text.ti_sysbios_knl_Clock_tick)
                  0000afa0    0000000c     ti_sysbios_config.o (.text.ti_sysbios_knl_Queue_empty)
                  0000afac    0000000c     ti_sysbios_config.o (.text.ti_sysbios_knl_Task_Params_init)
                  0000afb8    0000000c     ti_sysbios_config.o (.text.ti_sysbios_knl_Task_self)
                  0000afc4    0000000c     ull.o (.text.ull_monitorRegisterCB)
                  0000afd0    0000000a     ti_sysbios_config.o (.text.ClockP_Params_init)
                  0000afda    0000000a     rtls_ctrl.o (.text.OUTLINED_FUNCTION_0)
                  0000afe4    0000000a     nvocmp.o (.text.OUTLINED_FUNCTION_1)
                  0000afee    0000000a     rf_multiMode_cc26x2.a : RFCC26X2_multiMode.c.cc26x2.ticlang.o (.text.OUTLINED_FUNCTION_5)
                  0000aff8    0000000a     drivers_cc26x2.a : PowerCC26X2_helpers.c.obj (.text.PowerCC26X2_sysCtrlStandby)
                  0000b002    0000000a     ti_sysbios_config.o (.text.SemaphoreP_pend)
                  0000b00c    0000000a     drivers_cc26x2.a : UDMACC26XX.c.obj (.text.UDMACC26XX_hwiIntFxn)
                  0000b016    00000008     micro_cm_app.o (.text.MicroCmApp_cmCb)
                  0000b01e    00000008     micro_cm_app.o (.text.MicroCmApp_rtlsCtrlMsgCb)
                  0000b026    00000008     driverlib.lib : cpu.o (.text.NOROM_CPUdelay)
                  0000b02e    00000008     drivers_cc26x2.a : NVSCC26XX.c.obj (.text.NVSCC26XX_close)
                  0000b036    00000008     rf_multiMode_cc26x2.a : RFCC26X2_multiMode.c.cc26x2.ticlang.o (.text.OUTLINED_FUNCTION_2)
                  0000b03e    00000008     drivers_cc26x2.a : PowerCC26X2_helpers.c.obj (.text.PowerCC26X2_oschfTrySwitchToXosc)
                  0000b046    00000008     rtls_ctrl.o (.text.RTLSCtrl_hostMsgCB)
                  0000b04e    00000008     ti_sysbios_config.o (.text.ti_sysbios_runtime_System_exit)
                  0000b056    00000006     ti_sysbios_config.o (.text.ClockP_stop)
                  0000b05c    00000006     ti_sysbios_config.o (.text.HwiP_restore)
                  0000b062    00000006     drivers_cc26x2.a : NVSCC26XX.c.obj (.text.NVSCC26XX_control)
                  0000b068    00000006                      : NVS.c.obj (.text.NVS_erase)
                  0000b06e    00000006                      : NVS.c.obj (.text.NVS_getAttrs)
                  0000b074    00000006                      : UART2.c.obj (.text.OUTLINED_FUNCTION_0)
                  0000b07a    00000006     npi_task.o (.text.OUTLINED_FUNCTION_0)
                  0000b080    00000006     rf_multiMode_cc26x2.a : RFCC26X2_multiMode.c.cc26x2.ticlang.o (.text.OUTLINED_FUNCTION_4)
                  0000b086    00000006                           : RFCC26X2_multiMode.c.cc26x2.ticlang.o (.text.RF_clkReqAccess)
                  0000b08c    00000006                           : RFCC26X2_multiMode.c.cc26x2.ticlang.o (.text.RF_runImmediateCmd)
                  0000b092    00000006     port.o (.text.port_exitCS_HW)
                  0000b098    00000006     port.o (.text.port_queueEmpty)
                  0000b09e    00000006     port.o (.text.port_queuePut)
                  0000b0a4    00000006     ti_sysbios_config.o (.text.ti_sysbios_family_arm_m3_Hwi_doSwiRestore)
                  0000b0aa    00000006     ti_sysbios_config.o (.text.ti_sysbios_family_arm_m3_Hwi_doTaskRestore)
                  0000b0b0    00000006     ti_sysbios_config.o (.text.ti_sysbios_gates_GateMutexPri_Params_init)
                  0000b0b6    00000006     ti_sysbios_config.o (.text.ti_sysbios_knl_Idle_loop)
                  0000b0bc    00000006     ti_sysbios_config.o (.text.ti_sysbios_knl_Queue_construct)
                  0000b0c2    00000006     ti_sysbios_config.o (.text.ti_sysbios_knl_Swi_startup)
                  0000b0c8    00000006     ugap.o (.text.ugap_monitorStart)
                  0000b0ce    00000004     ti_sysbios_config.o (.text.ClockP_getSystemTickPeriod)
                  0000b0d2    00000004     ti_sysbios_config.o (.text.ClockP_getTimeout)
                  0000b0d6    00000004     ti_sysbios_config.o (.text.ClockP_isActive)
                  0000b0da    00000004     ti_sysbios_config.o (.text.ClockP_setTimeout)
                  0000b0de    00000004     ti_sysbios_config.o (.text.ClockP_start)
                  0000b0e2    00000004     ti_sysbios_config.o (.text.HwiP_enableInterrupt)
                  0000b0e6    00000004     rf_multiMode_cc26x2.a : rfc.c.cc26x2.ticlang.o (.text.NOROM_RFCOverrideUpdate)
                  0000b0ea    00000004     npi_task.o (.text.NPITask_freeFrame)
                  0000b0ee    00000004     drivers_cc26x2.a : PowerCC26X2_helpers.c.obj (.text.PowerCC26X2_oschfSwitchToRcosc)
                  0000b0f2    00000004                      : PowerCC26X2_helpers.c.obj (.text.PowerCC26X2_sysCtrlIdle)
                  0000b0f6    00000004                      : PowerCC26X2_helpers.c.obj (.text.PowerCC26X2_turnOnXosc)
                  0000b0fa    00000004     rf_multiMode_cc26x2.a : RFCC26X2_multiMode.c.cc26x2.ticlang.o (.text.RF_defaultExecutionPolicy)
                  0000b0fe    00000004     ti_sysbios_config.o (.text.ResetISR)
                  0000b102    00000004     drivers_cc26x2.a : RingBuf.c.obj (.text.RingBuf_getCount)
                  0000b106    00000004     ti_sysbios_config.o (.text.SemaphoreP_post)
                  0000b10a    00000004     ti_sysbios_config.o (.text.SwiP_or)
                  0000b10e    00000004     ti_sysbios_config.o (.text._system_post_cinit)
                  0000b112    00000004     ti_sysbios_config.o (.text._system_pre_init)
                  0000b116    00000004     drivers_cc26x2.a : PowerCC26X2.c.obj (.text.configureRFCoreClocks)
                  0000b11a    00000004     ti_sysbios_config.o (.text.malloc)
                  0000b11e    00000004     drivers_cc26x2.a : PowerCC26X2.c.obj (.text.nopResourceHandler)
                  0000b122    00000004     port.o (.text.port_enterCS_SW)
                  0000b126    00000004     port.o (.text.port_exitCS_SW)
                  0000b12a    00000004     ti_sysbios_config.o (.text.ti_sysbios_heaps_HeapMem_isBlocking)
                  0000b12e    00000004     uble.o (.text.uble_timeDelta)
                  0000b132    00000002     --HOLE-- [fill = 0]
                  0000b134    00000004     libclang_rt.builtins.a : aeabi_memcpy.S.obj (.text)

.rodata    0    0000b138    00002bc9     
                  0000b138    00001830     rf_multiMode_cc26x2.a : rf_patch_cpe_multi_protocol_rtls.c.cc26x2.ticlang.o (.rodata.patchImageMultiProtocolRtls)
                  0000c968    00000786     rtls_ctrl.o (.rodata.str1.1)
                  0000d0ee    000005d0     ti_sysbios_config.o (.rodata.str1.1)
                  0000d6be    00000100     crc.o (.rodata.crc_table)
                  0000d7be    0000008d     ti_sysbios_config.o (.rodata.ti_sysbios_heaps_HeapMem_alloc.err)
                  0000d84b    00000089     ti_sysbios_config.o (.rodata.ti_sysbios_family_arm_m3_Hwi_Instance_init.err.1)
                  0000d8d4    00000089     ti_sysbios_config.o (.rodata.ti_sysbios_runtime_Memory_alloc.err)
                  0000d95d    00000086     ti_sysbios_config.o (.rodata.ti_sysbios_family_arm_m3_Hwi_Instance_init.err)
                  0000d9e3    00000001     ti_drivers_config.o (.rodata.GPIO_pinLowerBound)
                  0000d9e4    00000058     ti_drivers_config.o (.rodata.uart2CC26X2HWAttrs)
                  0000da3c    00000054     drivers_cc26x2.a : PowerCC26X2.c.obj (.rodata.resourceDB)
                  0000da90    00000034     npi_task.o (.rodata.NPI_defaultParams)
                  0000dac4    00000028     drivers_cc26x2.a : NVSCC26XX.c.obj (.rodata.NVSCC26XX_fxnTable)
                  0000daec    00000027     urfc.o (.rodata.ubTxPowerVal)
                  0000db13    00000001     ti_drivers_config.o (.rodata.GPIO_pinUpperBound)
                  0000db14    00000024     drivers_cc26x2.a : UART2.c.obj (.rodata.UART2_defaultParams)
                  0000db38    00000024     ti_sysbios_config.o (.rodata.ti_sysbios_knl_Task_Params_default)
                  0000db5c    00000020     rf_multiMode_cc26x2.a : RFCC26X2_multiMode.c.cc26x2.ticlang.o (.rodata.cst32)
                  0000db7c    00000020     ull.o (.rodata.cst32)
                  0000db9c    0000001c     ti_sysbios_config.o (.rodata.ti_sysbios_family_arm_cc26xx_Timer_Params_default)
                  0000dbb8    0000001c     uble.o (.rodata.ubParamLookup)
                  0000dbd4    00000018     ti_sysbios_config.o (.rodata.ti_sysbios_family_arm_m3_Hwi_Params_default)
                  0000dbec    00000014     ti_drivers_config.o (.rodata.PowerCC26X2_config)
                  0000dc00    00000014     ti_sysbios_config.o (.rodata.ti_sysbios_knl_Swi_Params_default)
                  0000dc14    00000010     ti_drivers_config.o (.rodata.GPIO_config)
                  0000dc24    00000010     urfc.o (.rodata.ubRfMode)
                  0000dc34    0000000c     micro_ble_cm.o (.rodata..L__const.ubCm_init.monitorCBs)
                  0000dc40    0000000c     npi_task.o (.rodata..Lswitch.table.NPITask_sendToHost)
                  0000dc4c    0000000c     ti_drivers_config.o (.rodata.NVS_config)
                  0000dc58    0000000c     ti_drivers_config.o (.rodata.RFCC26XX_hwAttrs)
                  0000dc64    0000000c     ti_sysbios_config.o (.rodata.ti_sysbios_heaps_HeapMem_Params_default)
                  0000dc70    0000000c     ti_sysbios_config.o (.rodata.ti_sysbios_knl_Clock_Params_default)
                  0000dc7c    0000000c     ti_sysbios_config.o (.rodata.ti_sysbios_knl_Semaphore_Params_default)
                  0000dc88    00000008     rf_multiMode_cc26x2.a : RFCC26X2_multiMode.c.cc26x2.ticlang.o (.rodata..L__const.RF_hwiCpe0Active.activeCmd)
                  0000dc90    00000008     ti_drivers_config.o (.rodata.UART2_config)
                  0000dc98    00000008     ti_drivers_config.o (.rodata.UDMACC26XX_config)
                  0000dca0    00000008     driverlib.lib : aux_sysif.o (.rodata.cst4)
                  0000dca8    00000008     ti_drivers_config.o (.rodata.nvsCC26XXHWAttrs)
                  0000dcb0    00000008     uble.o (.rodata.str1.1)
                  0000dcb8    00000008     ti_sysbios_config.o (.rodata.ti_sysbios_knl_Idle_funcList)
                  0000dcc0    00000008     npi_task.o (.rodata.transportCBs)
                  0000dcc8    00000008     uble.o (.rodata.ubProcessMsg)
                  0000dcd0    00000008     ti_drivers_config.o (.rodata.udmaCC26XXHWAttrs)
                  0000dcd8    00000005     drivers_cc26x2.a : UART2CC26X2.c.obj (.rodata.parityType)
                  0000dcdd    00000005                      : UART2CC26X2.c.obj (.rodata.rxFifoThreshold)
                  0000dce2    00000005                      : UART2CC26X2.c.obj (.rodata.txFifoThreshold)
                  0000dce7    00000005     urfc.o (.rodata.ubTxPowerTable)
                  0000dcec    00000004     drivers_cc26x2.a : NVS.c.obj (.rodata.NVS_defaultParams)
                  0000dcf0    00000004                      : UART2CC26X2.c.obj (.rodata.cst4)
                  0000dcf4    00000004     ti_sysbios_config.o (.rodata.ti_sysbios_family_arm_m3_Hwi_disablePriority)
                  0000dcf8    00000004     ti_sysbios_config.o (.rodata.ti_sysbios_family_arm_m3_Hwi_swiTaskKeyAddress)
                  0000dcfc    00000002     drivers_cc26x2.a : UART2CC26X2.c.obj (.rodata.stopBits)
                  0000dcfe    00000001     ti_drivers_config.o (.rodata.NVS_count)
                  0000dcff    00000001     ti_drivers_config.o (.rodata.UART2_count)
                  0000dd00    00000001     urfc.o (.rodata.ubFeModeBias)

MODULE SUMMARY

       Module                                                code    ro data   rw data
       ------                                                ----    -------   -------
    .\Application\
       micro_ble_cm.o                                        2960    12        984    
       micro_cm_app.o                                        1236    0         1817   
       util.o                                                90      0         0      
    +--+-----------------------------------------------------+-------+---------+---------+
       Total:                                                4286    12        2801   
[...]
0000ac91  HwiP_post                                                          
0000aca1  NOROM_RFCCpeIntGetAndClear                                         
0000acb1  NOROM_RFCHwIntGetAndClear                                          
0000ace1  PowerCC26X2_oscCtlClearXtal                                        
0000acf1  PowerCC26X2_prcmEnableCacheRetention                               
0000ad01  PowerCC26X2_readCtrim                                              
0000ad11  PowerCC26X2_readCtrimFract                                         
0000ad21  PowerCC26X2_readRtrim                                              
0000ad31  PowerCC26X2_switchToTCXO                                           
0000ad41  RTLSCtrl_resetDevice                                               
0000ad51  RingBuf_construct                                                  
0000ad61  SwiP_Params_init                                                   
0000ad71  UART2Support_txDone                                                
0000ad81  ti_sysbios_family_arm_cc26xx_Timer_dynamicStub                     
0000ad91  ti_sysbios_family_arm_m3_Hwi_excHandler                            
0000ada1  ti_sysbios_knl_Task_disable                                        
0000adb1  __TI_zero_init                                                     
0000adc1  NVS_read                                                           
0000adf9  SwiP_setPriority                                                   
0000ae07  UART2_write                                                        
0000ae15  Util_constructQueue                                                
0000ae23  port_queueGet                                                      
0000ae3f  ti_sysbios_gates_GateMutex_leave                                   
0000ae4d  TI_memset_small                                                    
0000ae5b  __TI_decompress_none                                               
0000ae69  BIOS_linkedWithIncorrectBootLibrary                                
0000ae75  BIOS_start                                                         
0000ae81  HwiP_disable                                                       
0000ae8d  NOROM_CPUcpsid                                                     
0000ae99  NOROM_CPUcpsie                                                     
0000aea5  NPITL_checkNpiBusy                                                 
0000aeb1  NPIUtil_ExitCS                                                     
0000aec9  NVSCC26XX_unlock                                                   
0000aed5  PowerCC26X2_oscClockSourceGet                                      
0000aee1  PowerCC26X2_setPeriphDeepSleepEnable                               
0000aeed  PowerCC26X2_sysCtrlGetResetSource                                  
0000aef9  PowerCC26X2_sysCtrlVoltageConditionalControl                       
0000af05  Power_getConstraintMask                                            
0000af11  RF_Params_init                                                     
0000af1d  SemaphoreP_delete                                                  
0000af29  SwiP_getTrigger                                                    
0000af35  UART2Support_disableTx                                             
0000af41  UART2Support_enableRx                                              
0000af4d  UART2Support_enableTx                                              
0000af59  UART2_Params_init                                                  
0000af65  _register_lock                                                     
0000af71  _register_unlock                                                   
0000af7d  ti_sysbios_heaps_HeapMem_init                                      
0000af89  ti_sysbios_knl_ClockSupport_setNextTick                            
0000af95  ti_sysbios_knl_Clock_tick                                          
0000afa1  ti_sysbios_knl_Queue_empty                                         
0000afad  ti_sysbios_knl_Task_Params_init                                    
0000afb9  ti_sysbios_knl_Task_self                                           
0000afc5  ull_monitorRegisterCB                                              
0000afd1  ClockP_Params_init                                                 
0000aff9  PowerCC26X2_sysCtrlStandby                                         
0000b003  SemaphoreP_pend                                                    
0000b00d  UDMACC26XX_hwiIntFxn                                               
0000b017  MicroCmApp_cmCb                                                    
0000b01f  MicroCmApp_rtlsCtrlMsgCb                                           
0000b027  NOROM_CPUdelay                                                     
0000b02f  NVSCC26XX_close                                                    
0000b03f  PowerCC26X2_oschfTrySwitchToXosc                                   
0000b047  RTLSCtrl_hostMsgCB                                                 
0000b04f  ti_sysbios_runtime_System_exit                                     
0000b057  ClockP_stop                                                        
0000b05d  HwiP_restore                                                       
0000b063  NVSCC26XX_control                                                  
0000b069  NVS_erase                                                          
0000b06f  NVS_getAttrs                                                       
0000b08d  RF_runImmediateCmd                                                 
0000b093  port_exitCS_HW                                                     
0000b099  port_queueEmpty                                                    
0000b09f  port_queuePut                                                      
0000b0a5  ti_sysbios_family_arm_m3_Hwi_doSwiRestore                          
0000b0ab  ti_sysbios_family_arm_m3_Hwi_doTaskRestore                         
0000b0b1  ti_sysbios_gates_GateMutexPri_Params_init                          
0000b0b7  ti_sysbios_knl_Idle_loop                                           
0000b0bd  ti_sysbios_knl_Queue_construct                                     
0000b0c3  ti_sysbios_knl_Swi_startup                                         
0000b0c9  ugap_monitorStart                                                  
0000b0cf  ClockP_getSystemTickPeriod                                         
0000b0d3  ClockP_getTimeout                                                  
0000b0d7  ClockP_isActive                                                    
0000b0db  ClockP_setTimeout                                                  
0000b0df  ClockP_start                                                       
0000b0e3  HwiP_enableInterrupt                                               
0000b0e7  NOROM_RFCOverrideUpdate                                            
0000b0eb  NPITask_freeFrame                                                  
0000b0ef  PowerCC26X2_oschfSwitchToRcosc                                     
0000b0f3  PowerCC26X2_sysCtrlIdle                                            
0000b0f7  PowerCC26X2_turnOnXosc                                             
0000b0fb  RF_defaultExecutionPolicy                                          
0000b0ff  ResetISR                                                           
0000b103  RingBuf_getCount                                                   
0000b107  SemaphoreP_post                                                    
0000b10b  SwiP_or                                                            
0000b10f  _system_post_cinit                                                 
0000b113  _system_pre_init                                                   
0000b11b  malloc                                                             
0000b123  port_enterCS_SW                                                    
0000b127  port_exitCS_SW                                                     
0000b12b  ti_sysbios_heaps_HeapMem_isBlocking                                
0000b12f  uble_timeDelta                                                     
0000b135  __aeabi_memcpy                                                     
0000b135  __aeabi_memcpy4                                                    
0000b135  __aeabi_memcpy8                                                    
0000d9e3  GPIO_pinLowerBound                                                 
0000da3c  resourceDB                                                         
0000da90  NPI_defaultParams                                                  
0000dac4  NVSCC26XX_fxnTable                                                 
0000daec  ubTxPowerVal                                                       
0000db13  GPIO_pinUpperBound                                                 
0000db14  UART2_defaultParams                                                
0000dbec  PowerCC26X2_config                                                 
0000dc14  GPIO_config                                                        
0000dc24  ubRfMode                                                           
0000dc4c  NVS_config                                                         
0000dc58  RFCC26XX_hwAttrs                                                   
0000dc90  UART2_config                                                       
0000dc98  UDMACC26XX_config                                                  
0000dcb8  ti_sysbios_knl_Idle_funcList                                       
0000dcc0  transportCBs                                                       
0000dcd0  udmaCC26XXHWAttrs                                                  
0000dce7  ubTxPowerTable                                                     
0000dcec  NVS_defaultParams                                                  
0000dcf4  ti_sysbios_family_arm_m3_Hwi_disablePriority                       
0000dcf8  ti_sysbios_family_arm_m3_Hwi_swiTaskKeyAddress                     
0000dcfe  NVS_count                                                          
0000dcff  UART2_count                                                        
0000dd00  ubFeModeBias                                                       
0000dd04  __TI_static_base__                                                 
0000de28  __TI_Handler_Table_Base                                            
0000de34  __TI_Handler_Table_Limit                                           
0000de4c  __TI_CINIT_Base                                                    
0000de6c  __TI_CINIT_Limit                                                   
0000de6c  __TI_CINIT_Warm                                                    
00057fa8  __ccfg                                                             
00058000  __UNUSED_FLASH_end__                                               
20000000  __UNUSED_SRAM_start__                                              
20000000  ti_sysbios_family_arm_m3_Hwi_ramVectors                            
20001830  PowerCC26X2_module                                                 
200019a4  gpioPinConfigs                                                     
20001a88  BIOS_Module_state                                                  
20001ab4  ti_sysbios_family_arm_m3_Hwi_Module_state                          
20001af0  ti_sysbios_runtime_Startup_done                                    
20001af3  ti_sysbios_knl_Idle_initDone                                       
20001af4  ti_sysbios_runtime_Memory_defaultHeapInstance                      
20001b0c  ti_sysbios_runtime_Error_ignore                                    
20001b18  ti_sysbios_family_arm_cc26xx_Timer_Module_state                    
20001b24  ti_sysbios_runtime_System_Module_state                             
20001b30  ti_sysbios_knl_Swi_Module_state                                    
20001b58  ti_sysbios_knl_Clock_Module_state                                  
20001c7c  ti_sysbios_knl_Task_Module_state                                   
20001cb8  urfiHandle                                                         
20001cbc  urSetup                                                            
20001d14  pOverridesCommon                                                   
20001d4c  gRtlsData                                                          
20001d64  urfiGenericRxParams                                                
20001d78  ubleParams                                                         
20001d8a  ulState                                                            
20001d9c  cmCentral                                                          
20001d9d  newSessionActive                                                   
20001d9e  newSessionId                                                       
20001d9f  nextSessionId                                                      
20001da0  cmConnSortedList                                                   
20001da4  cmNewConnPend                                                      
20001da8  cmLastConnPend                                                     
20001daf  txcomplete                                                         
20001db0  rxcomplete                                                         
20001dbc  _hposcCoeffs                                                       
20001de6  npiBufSize                                                         
20001df0  gRtlsSyncEnabled                                                   
20001df1  gMonitorTracking                                                   
20001dfa  termSyncHandle                                                     
20001dfc  assertSubcause                                                     
20001dfd  legacyMode                                                         
20001e00  halAssertCback                                                     
20001e1c  RFCC26XX_schedulerPolicy                                           
20001e24  ti_sysbios_gates_GateMutexPri_Module_state                         
20001e2c  ti_sysbios_gates_GateMutex_Module_state                            
20001e34  ti_sysbios_heaps_HeapMem_Module_state                              
20001e3c  ti_sysbios_knl_Event_state                                         
20001e44  ti_sysbios_knl_Semaphore_Module_state                              
20001e52  urfiGenericRxHandle                                                
20001e58  _lock                                                              
20001e5c  _unlock                                                            
20001e60  gAppCb                                                             
20001e64  gRtlsCtrlProcessMsgCb                                              
20001e68  ubRfRegOverride                                                    
20001e6c  ubleAntSwitchSel                                                   
20001e72  rfTimeCrit                                                         
20001e78  ull_monitorDataEntry                                               
200024f0  ubCMConnInfo                                                       
200028b4  ubtTaskStack                                                       
20002bd4  ucaTaskStack                                                       
20002ef4  rtlsTaskStack                                                      
200034a8  ti_sysbios_knl_Idle_taskStack                                      
200036a8  uart2CC26X2Objects                                                 
20003818  monitorPkt                                                         
2000391f  NVOCMP_size                                                        
20003a20  ti_sysbios_family_arm_m3_Hwi_dispatchTable                         
20003b78  gpioCallbackFunctions                                              
20003bf4  gpioUserArgs                                                       
20003cd8  ti_sysbios_knl_ClockSupport_timerStruct                            
20003d38  rtlsTask                                                           
20003d90  ti_sysbios_knl_Idle_taskStruct                                     
20003de8  ubtTask                                                            
20003e40  ucaTask                                                            
20003f5c  nvFptrs                                                            
20003f98  npiPortParams                                                      
20003fcc  ti_sysbios_knl_Swi_readyQs                                         
20003ffc  ti_sysbios_knl_Task_readyQs                                        
2000402c  NVOCMP_nvHandle                                                    
2000405a  gAction                                                            
2000405b  nvsCC26XXObjects                                                   
2000405c  BIOS_heapMemObject                                                 
20004088  ti_sysbios_heaps_HeapMem_gate                                      
20004110  HostToSSTable                                                      
20004130  ti_sysbios_runtime_System_atexitHandlers                           
20004150  udmaCC26XXObject                                                   
2000418c  BIOS_rtsGate                                                       
200041a8  urfiGenericRxCmd                                                   
200041c0  ull_monitorDataQueue                                               
200041dc  pGenericRxOutput                                                   
200041e8  appMsg                                                             
200041f0  rtlsCtrlMsg                                                        
200041f8  taskCBs                                                            
20004200  ubleBDAddr                                                         
20004218  PowerCC26XX_swiKey                                                 
2000421c  PowerCC26XX_taskKey                                                
20004220  appMsgQueue                                                        
20004224  npiRxBuf                                                           
20004228  npiTaskHandle                                                      
2000422c  npiTaskStack                                                       
20004230  npiTxBuf                                                           
20004234  rtlsCtrlMsgQueue                                                   
20004238  syncAppEvent                                                       
2000423c  syncRtlsEvent                                                      
20004240  ti_sysbios_family_arm_cc26xx_TimestampProvider_Module_state        
20004244  ti_sysbios_knl_Task_defaultStackHeap                               
20004248  heapStart                                                          
20013c00  __stack                                                            
20013c00  heapEnd                                                            
20014000  __STACK_END                                                        
20014000  __STACK_TOP                                                        
20014000  __UNUSED_SRAM_end__                                                
ffffffff  __TI_pprof_out_hndl                                                
ffffffff  __TI_prof_data_size                                                
ffffffff  __TI_prof_data_start                                               
ffffffff  __binit__                                                          
ffffffff  binit                                                              
UNDEFED   ITM_flush                                                          
UNDEFED   ITM_restore                                                        
UNDEFED   __c_args__                                                         
UNDEFED   __mpu_init                                                         

[619 symbols]
